CM7/Middlewares/ST/touchgfx/framework/include/touchgfx/Drawable.hpp:147:23:virtual touchgfx::Drawable* touchgfx::Drawable::getFirstChild()	0	static
CM7/Middlewares/ST/touchgfx/framework/include/touchgfx/Drawable.hpp:315:18:virtual void touchgfx::Drawable::setX(int16_t)	0	static
CM7/Middlewares/ST/touchgfx/framework/include/touchgfx/Drawable.hpp:327:18:virtual void touchgfx::Drawable::setY(int16_t)	0	static
CM7/Middlewares/ST/touchgfx/framework/include/touchgfx/Drawable.hpp:356:18:virtual void touchgfx::Drawable::setWidth(int16_t)	0	static
CM7/Middlewares/ST/touchgfx/framework/include/touchgfx/Drawable.hpp:368:18:virtual void touchgfx::Drawable::setHeight(int16_t)	0	static
CM7/Middlewares/ST/touchgfx/framework/include/touchgfx/Drawable.hpp:378:18:virtual void touchgfx::Drawable::childGeometryChanged()	0	static
CM7/Middlewares/ST/touchgfx/framework/include/touchgfx/Drawable.hpp:389:18:virtual void touchgfx::Drawable::handleClickEvent(const touchgfx::ClickEvent&)	0	static
CM7/Middlewares/ST/touchgfx/framework/include/touchgfx/Drawable.hpp:401:18:virtual void touchgfx::Drawable::handleGestureEvent(const touchgfx::GestureEvent&)	0	static
CM7/Middlewares/ST/touchgfx/framework/include/touchgfx/Drawable.hpp:490:18:virtual void touchgfx::Drawable::handleDragEvent(const touchgfx::DragEvent&)	0	static
CM7/Middlewares/ST/touchgfx/framework/include/touchgfx/Drawable.hpp:501:18:virtual void touchgfx::Drawable::handleTickEvent()	0	static
CM7/Middlewares/ST/touchgfx/framework/include/touchgfx/Drawable.hpp:588:18:virtual void touchgfx::Drawable::moveTo(int16_t, int16_t)	4	static
CM7/Middlewares/ST/touchgfx/framework/include/touchgfx/Drawable.hpp:703:18:virtual void touchgfx::Drawable::setupDrawChain(const touchgfx::Rect&, touchgfx::Drawable**)	0	static
CM7/Middlewares/ST/touchgfx/framework/include/touchgfx/Screen.hpp:93:18:virtual void touchgfx::Screen::setupScreen()	0	static
CM7/Middlewares/ST/touchgfx/framework/include/touchgfx/Screen.hpp:104:18:virtual void touchgfx::Screen::afterTransition()	0	static
CM7/Middlewares/ST/touchgfx/framework/include/touchgfx/Screen.hpp:115:18:virtual void touchgfx::Screen::tearDownScreen()	0	static
CM7/Middlewares/ST/touchgfx/framework/include/touchgfx/Screen.hpp:144:18:virtual void touchgfx::Screen::handleTickEvent()	0	static
CM7/Middlewares/ST/touchgfx/framework/include/touchgfx/Screen.hpp:154:18:virtual void touchgfx::Screen::handleKeyEvent(uint8_t)	0	static
CM7/Middlewares/ST/touchgfx/framework/include/mvp/View.hpp:36:7:touchgfx::View<Screen1Presenter>::~View()	0	static
CM7/Middlewares/ST/touchgfx/framework/include/touchgfx/mixins/FadeAnimator.hpp:41:7:touchgfx::FadeAnimator<touchgfx::Image>::~FadeAnimator()	0	static
CM7/Middlewares/ST/touchgfx/framework/include/touchgfx/Callback.hpp:357:8:touchgfx::Callback<Screen1ViewBase, const touchgfx::FadeAnimator<touchgfx::Image>&>::~Callback()	0	static
CM7/TouchGFX/generated/gui_generated/src/screen1_screen/Screen1ViewBase.cpp:25:1:Screen1ViewBase::~Screen1ViewBase()	0	static
CM7/TouchGFX/generated/gui_generated/src/screen1_screen/Screen1ViewBase.cpp:30:6:virtual void Screen1ViewBase::setupScreen()	0	static
CM7/Middlewares/ST/touchgfx/framework/include/touchgfx/Callback.hpp:386:18:void touchgfx::Callback<dest_type, T1, void, void>::execute(T1) [with dest_type = Screen1ViewBase; T1 = const touchgfx::FadeAnimator<touchgfx::Image>&]	8	static
CM7/Middlewares/ST/touchgfx/framework/include/touchgfx/Callback.hpp:396:18:bool touchgfx::Callback<dest_type, T1, void, void>::isValid() const [with dest_type = Screen1ViewBase; T1 = const touchgfx::FadeAnimator<touchgfx::Image>&]	0	static
CM7/Middlewares/ST/touchgfx/framework/include/touchgfx/mixins/FadeAnimator.hpp:84:18:void touchgfx::FadeAnimator<T>::setFadeAnimationDelay(uint16_t) [with T = touchgfx::Image]	0	static
CM7/Middlewares/ST/touchgfx/framework/include/touchgfx/mixins/FadeAnimator.hpp:96:22:uint16_t touchgfx::FadeAnimator<T>::getFadeAnimationDelay() const [with T = touchgfx::Image]	0	static
CM7/Middlewares/ST/touchgfx/framework/include/mvp/View.hpp:36:7:virtual touchgfx::View<Screen1Presenter>::~View()	8	static
CM7/Middlewares/ST/touchgfx/framework/include/touchgfx/mixins/FadeAnimator.hpp:41:7:virtual touchgfx::FadeAnimator<touchgfx::Image>::~FadeAnimator()	8	static
CM7/Middlewares/ST/touchgfx/framework/include/touchgfx/Callback.hpp:357:8:virtual touchgfx::Callback<Screen1ViewBase, const touchgfx::FadeAnimator<touchgfx::Image>&>::~Callback()	8	static
CM7/TouchGFX/generated/gui_generated/src/screen1_screen/Screen1ViewBase.cpp:25:1:virtual Screen1ViewBase::~Screen1ViewBase()	8	static
CM7/Middlewares/ST/touchgfx/framework/include/touchgfx/Drawable.hpp:121:18:virtual void touchgfx::Drawable::invalidateContent() const	0	static
CM7/Middlewares/ST/touchgfx/framework/include/touchgfx/widgets/Image.hpp:118:18:virtual void touchgfx::Image::invalidateContent() const	8	static
CM7/Middlewares/ST/touchgfx/framework/include/touchgfx/widgets/Widget.hpp:45:18:virtual void touchgfx::Widget::getLastChild(int16_t, int16_t, touchgfx::Drawable**)	0	static
CM7/Middlewares/ST/touchgfx/framework/include/touchgfx/Drawable.hpp:343:10:void touchgfx::Drawable::setXY(int16_t, int16_t)	16	static
CM7/TouchGFX/generated/gui_generated/src/screen1_screen/Screen1ViewBase.cpp:8:1:Screen1ViewBase::Screen1ViewBase()	32	static
CM7/Middlewares/ST/touchgfx/framework/include/touchgfx/mixins/FadeAnimator.hpp:165:10:void touchgfx::FadeAnimator<T>::nextFadeAnimationStep() [with T = touchgfx::Image]	16	static
CM7/Middlewares/ST/touchgfx/framework/include/touchgfx/mixins/FadeAnimator.hpp:157:18:void touchgfx::FadeAnimator<T>::handleTickEvent() [with T = touchgfx::Image]	8	static
CM7/Middlewares/ST/touchgfx/framework/include/touchgfx/mixins/FadeAnimator.hpp:122:10:void touchgfx::FadeAnimator<T>::startFadeAnimation(uint8_t, uint16_t, touchgfx::EasingEquation) [with T = touchgfx::Image]	24	static
CM7/TouchGFX/generated/gui_generated/src/screen1_screen/Screen1ViewBase.cpp:35:6:virtual void Screen1ViewBase::transitionBegins()	8	static
CM7/TouchGFX/generated/gui_generated/src/screen1_screen/Screen1ViewBase.cpp:45:6:void Screen1ViewBase::interaction1EndedCallbackHandler(const touchgfx::FadeAnimator<touchgfx::Image>&)	8	static
CM7/TouchGFX/generated/gui_generated/src/screen1_screen/Screen1ViewBase.cpp:56:6:void Screen1ViewBase::interaction2EndedCallbackHandler(const touchgfx::FadeAnimator<touchgfx::Image>&)	8	static
CM7/TouchGFX/generated/gui_generated/src/screen1_screen/Screen1ViewBase.cpp:67:6:void Screen1ViewBase::interaction3EndedCallbackHandler(const touchgfx::FadeAnimator<touchgfx::Image>&)	8	static
CM7/TouchGFX/generated/gui_generated/src/screen1_screen/Screen1ViewBase.cpp:78:6:void Screen1ViewBase::interaction4EndedCallbackHandler(const touchgfx::FadeAnimator<touchgfx::Image>&)	8	static
CM7/TouchGFX/generated/gui_generated/src/screen1_screen/Screen1ViewBase.cpp:89:6:void Screen1ViewBase::interaction5EndedCallbackHandler(const touchgfx::FadeAnimator<touchgfx::Image>&)	8	static
