CM7/TouchGFX/target/generated/HardwareMJPEGDecoder.hpp:62:22:virtual uint32_t HardwareMJPEGDecoder::getCurrentFrameNumber() const	0	static
CM7/TouchGFX/target/generated/HardwareMJPEGDecoder.hpp:75:23:virtual MJPEGDecoder::AVIErrors HardwareMJPEGDecoder::getLastError()	0	static
CM7/TouchGFX/target/generated/HardwareMJPEGDecoder.cpp:284:6:virtual bool HardwareMJPEGDecoder::hasVideo()	0	static
CM7/TouchGFX/target/generated/HardwareMJPEGDecoder.cpp:482:10:virtual uint32_t HardwareMJPEGDecoder::getNumberOfFrames()	0	static
CM7/TouchGFX/target/generated/HardwareMJPEGDecoder.cpp:487:6:virtual void HardwareMJPEGDecoder::setRepeatVideo(bool)	0	static
CM7/TouchGFX/target/generated/HardwareMJPEGDecoder.cpp:492:6:virtual void HardwareMJPEGDecoder::getVideoInfo(touchgfx::VideoInformation*)	8	static
CM7/TouchGFX/target/generated/HardwareMJPEGDecoder.hpp:45:7:HardwareMJPEGDecoder::~HardwareMJPEGDecoder()	0	static
CM7/TouchGFX/target/generated/HardwareMJPEGDecoder.cpp:456:6:virtual bool HardwareMJPEGDecoder::decodeThumbnail(uint32_t, uint8_t*, uint16_t, uint16_t)	8	static
CM7/TouchGFX/target/generated/HardwareMJPEGDecoder.hpp:45:7:virtual HardwareMJPEGDecoder::~HardwareMJPEGDecoder()	8	static
CM7/TouchGFX/target/generated/HardwareMJPEGDecoder.cpp:87:1:HardwareMJPEGDecoder::HardwareMJPEGDecoder()	8	static
CM7/TouchGFX/target/generated/HardwareMJPEGDecoder.cpp:101:5:int HardwareMJPEGDecoder::compare(uint32_t, const char*, uint32_t)	4	static
CM7/TouchGFX/target/generated/HardwareMJPEGDecoder.cpp:116:17:uint32_t HardwareMJPEGDecoder::getU32(uint32_t)	8	static
CM7/TouchGFX/target/generated/HardwareMJPEGDecoder.cpp:136:17:uint32_t HardwareMJPEGDecoder::getU16(uint32_t)	0	static
CM7/TouchGFX/target/generated/HardwareMJPEGDecoder.cpp:154:16:const uint8_t* HardwareMJPEGDecoder::readData(uint32_t, uint32_t)	16	static
CM7/TouchGFX/target/generated/HardwareMJPEGDecoder.cpp:229:6:virtual bool HardwareMJPEGDecoder::gotoNextFrame()	32	static
CM7/TouchGFX/target/generated/HardwareMJPEGDecoder.cpp:462:6:virtual void HardwareMJPEGDecoder::gotoFrame(uint32_t)	16	static
CM7/TouchGFX/target/generated/HardwareMJPEGDecoder.cpp:289:6:void HardwareMJPEGDecoder::readVideoHeader()	24	static
CM7/TouchGFX/target/generated/HardwareMJPEGDecoder.cpp:266:6:virtual void HardwareMJPEGDecoder::setVideoData(const uint8_t*, uint32_t)	0	static
CM7/TouchGFX/target/generated/HardwareMJPEGDecoder.cpp:275:6:virtual void HardwareMJPEGDecoder::setVideoData(touchgfx::VideoDataReader&)	8	static
CM7/TouchGFX/target/generated/HardwareMJPEGDecoder.cpp:509:14:uint32_t JPEG_Decode_DMA(JPEG_HandleTypeDef*, uint8_t*, uint32_t, uint8_t*)	24	static
CM7/TouchGFX/target/generated/HardwareMJPEGDecoder.cpp:539:10:void HAL_JPEG_InfoReadyCallback(JPEG_HandleTypeDef*, JPEG_ConfTypeDef*)	0	static
CM7/TouchGFX/target/generated/HardwareMJPEGDecoder.cpp:595:10:void HAL_JPEG_GetDataCallback(JPEG_HandleTypeDef*, uint32_t)	8	static
CM7/TouchGFX/target/generated/HardwareMJPEGDecoder.cpp:614:10:void HAL_JPEG_DataReadyCallback(JPEG_HandleTypeDef*, uint8_t*, uint32_t)	24	static
CM7/TouchGFX/target/generated/HardwareMJPEGDecoder.cpp:649:10:void HAL_JPEG_ErrorCallback(JPEG_HandleTypeDef*)	0	static
CM7/TouchGFX/target/generated/HardwareMJPEGDecoder.cpp:662:10:void HAL_JPEG_DecodeCpltCallback(JPEG_HandleTypeDef*)	0	static
CM7/TouchGFX/target/generated/HardwareMJPEGDecoder.cpp:673:10:uint32_t JPEG_OutputHandler(JPEG_HandleTypeDef*)	16	static
CM7/TouchGFX/target/generated/HardwareMJPEGDecoder.cpp:391:6:void HardwareMJPEGDecoder::decodeMJPEGFrame(const uint8_t*, uint32_t, uint8_t*, uint16_t, uint16_t, uint32_t)	16	static
CM7/TouchGFX/target/generated/HardwareMJPEGDecoder.cpp:177:6:virtual bool HardwareMJPEGDecoder::decodeNextFrame(uint8_t*, uint16_t, uint16_t, uint32_t)	56	static
CM7/TouchGFX/target/generated/HardwareMJPEGDecoder.cpp:433:6:virtual bool HardwareMJPEGDecoder::decodeFrame(const touchgfx::Rect&, uint8_t*, uint32_t)	24	static
CM7/TouchGFX/target/generated/HardwareMJPEGDecoder.cpp:702:6:void DMA2D_CopyBuffer(JPEG_Data_BufferTypeDef&)	20	static
CM7/TouchGFX/target/generated/HardwareMJPEGDecoder.cpp:745:6:void DMA2D_ExternalJobCompleted(JPEG_Data_BufferTypeDef&)	0	static
