Archive member included to satisfy reference by file (symbol)

C:/TouchGFX/4.26.1/env/MinGW/msys/1.0/gnu-arm-gcc/bin/../lib/gcc/arm-none-eabi/13.3.1/thumb/v7e-m+fp/hard\libc.a(libc_a-exit.o)
                              C:/TouchGFX/4.26.1/env/MinGW/msys/1.0/gnu-arm-gcc/bin/../lib/gcc/arm-none-eabi/13.3.1/thumb/v7e-m+fp/hard/crt0.o (exit)
C:/TouchGFX/4.26.1/env/MinGW/msys/1.0/gnu-arm-gcc/bin/../lib/gcc/arm-none-eabi/13.3.1/thumb/v7e-m+fp/hard\libc.a(libc_a-findfp.o)
                              C:/TouchGFX/4.26.1/env/MinGW/msys/1.0/gnu-arm-gcc/bin/../lib/gcc/arm-none-eabi/13.3.1/thumb/v7e-m+fp/hard\libc.a(libc_a-exit.o) (__stdio_exit_handler)
C:/TouchGFX/4.26.1/env/MinGW/msys/1.0/gnu-arm-gcc/bin/../lib/gcc/arm-none-eabi/13.3.1/thumb/v7e-m+fp/hard\libc.a(libc_a-fwalk.o)
                              C:/TouchGFX/4.26.1/env/MinGW/msys/1.0/gnu-arm-gcc/bin/../lib/gcc/arm-none-eabi/13.3.1/thumb/v7e-m+fp/hard\libc.a(libc_a-findfp.o) (_fwalk_sglue)
C:/TouchGFX/4.26.1/env/MinGW/msys/1.0/gnu-arm-gcc/bin/../lib/gcc/arm-none-eabi/13.3.1/thumb/v7e-m+fp/hard\libc.a(libc_a-stdio.o)
                              C:/TouchGFX/4.26.1/env/MinGW/msys/1.0/gnu-arm-gcc/bin/../lib/gcc/arm-none-eabi/13.3.1/thumb/v7e-m+fp/hard\libc.a(libc_a-findfp.o) (__sread)
C:/TouchGFX/4.26.1/env/MinGW/msys/1.0/gnu-arm-gcc/bin/../lib/gcc/arm-none-eabi/13.3.1/thumb/v7e-m+fp/hard\libc.a(libc_a-memset.o)
                              C:/TouchGFX/4.26.1/env/MinGW/msys/1.0/gnu-arm-gcc/bin/../lib/gcc/arm-none-eabi/13.3.1/thumb/v7e-m+fp/hard/crt0.o (memset)
C:/TouchGFX/4.26.1/env/MinGW/msys/1.0/gnu-arm-gcc/bin/../lib/gcc/arm-none-eabi/13.3.1/thumb/v7e-m+fp/hard\libc.a(libc_a-closer.o)
                              C:/TouchGFX/4.26.1/env/MinGW/msys/1.0/gnu-arm-gcc/bin/../lib/gcc/arm-none-eabi/13.3.1/thumb/v7e-m+fp/hard\libc.a(libc_a-stdio.o) (_close_r)
C:/TouchGFX/4.26.1/env/MinGW/msys/1.0/gnu-arm-gcc/bin/../lib/gcc/arm-none-eabi/13.3.1/thumb/v7e-m+fp/hard\libc.a(libc_a-reent.o)
                              C:/TouchGFX/4.26.1/env/MinGW/msys/1.0/gnu-arm-gcc/bin/../lib/gcc/arm-none-eabi/13.3.1/thumb/v7e-m+fp/hard\libc.a(libc_a-closer.o) (errno)
C:/TouchGFX/4.26.1/env/MinGW/msys/1.0/gnu-arm-gcc/bin/../lib/gcc/arm-none-eabi/13.3.1/thumb/v7e-m+fp/hard\libc.a(libc_a-impure.o)
                              C:/TouchGFX/4.26.1/env/MinGW/msys/1.0/gnu-arm-gcc/bin/../lib/gcc/arm-none-eabi/13.3.1/thumb/v7e-m+fp/hard\libc.a(libc_a-reent.o) (_impure_ptr)
C:/TouchGFX/4.26.1/env/MinGW/msys/1.0/gnu-arm-gcc/bin/../lib/gcc/arm-none-eabi/13.3.1/thumb/v7e-m+fp/hard\libc.a(libc_a-lseekr.o)
                              C:/TouchGFX/4.26.1/env/MinGW/msys/1.0/gnu-arm-gcc/bin/../lib/gcc/arm-none-eabi/13.3.1/thumb/v7e-m+fp/hard\libc.a(libc_a-stdio.o) (_lseek_r)
C:/TouchGFX/4.26.1/env/MinGW/msys/1.0/gnu-arm-gcc/bin/../lib/gcc/arm-none-eabi/13.3.1/thumb/v7e-m+fp/hard\libc.a(libc_a-readr.o)
                              C:/TouchGFX/4.26.1/env/MinGW/msys/1.0/gnu-arm-gcc/bin/../lib/gcc/arm-none-eabi/13.3.1/thumb/v7e-m+fp/hard\libc.a(libc_a-stdio.o) (_read_r)
C:/TouchGFX/4.26.1/env/MinGW/msys/1.0/gnu-arm-gcc/bin/../lib/gcc/arm-none-eabi/13.3.1/thumb/v7e-m+fp/hard\libc.a(libc_a-writer.o)
                              C:/TouchGFX/4.26.1/env/MinGW/msys/1.0/gnu-arm-gcc/bin/../lib/gcc/arm-none-eabi/13.3.1/thumb/v7e-m+fp/hard\libc.a(libc_a-stdio.o) (_write_r)
C:/TouchGFX/4.26.1/env/MinGW/msys/1.0/gnu-arm-gcc/bin/../lib/gcc/arm-none-eabi/13.3.1/thumb/v7e-m+fp/hard\libc.a(libc_a-errno.o)
                              CM4/TouchGFX/build/STM32H747I_DISCO/gcc/sysmem.o (__errno)
C:/TouchGFX/4.26.1/env/MinGW/msys/1.0/gnu-arm-gcc/bin/../lib/gcc/arm-none-eabi/13.3.1/thumb/v7e-m+fp/hard\libc.a(libc_a-init.o)
                              C:/TouchGFX/4.26.1/env/MinGW/msys/1.0/gnu-arm-gcc/bin/../lib/gcc/arm-none-eabi/13.3.1/thumb/v7e-m+fp/hard/crt0.o (__libc_init_array)
C:/TouchGFX/4.26.1/env/MinGW/msys/1.0/gnu-arm-gcc/bin/../lib/gcc/arm-none-eabi/13.3.1/thumb/v7e-m+fp/hard\libc.a(libc_a-lock.o)
                              C:/TouchGFX/4.26.1/env/MinGW/msys/1.0/gnu-arm-gcc/bin/../lib/gcc/arm-none-eabi/13.3.1/thumb/v7e-m+fp/hard\libc.a(libc_a-findfp.o) (__retarget_lock_init_recursive)
C:/TouchGFX/4.26.1/env/MinGW/msys/1.0/gnu-arm-gcc/bin/../lib/gcc/arm-none-eabi/13.3.1/thumb/v7e-m+fp/hard\libc.a(libc_a-__call_atexit.o)
                              C:/TouchGFX/4.26.1/env/MinGW/msys/1.0/gnu-arm-gcc/bin/../lib/gcc/arm-none-eabi/13.3.1/thumb/v7e-m+fp/hard\libc.a(libc_a-exit.o) (__call_exitprocs)
C:/TouchGFX/4.26.1/env/MinGW/msys/1.0/gnu-arm-gcc/bin/../lib/gcc/arm-none-eabi/13.3.1/thumb/v7e-m+fp/hard\libc.a(libc_a-atexit.o)
                              C:/TouchGFX/4.26.1/env/MinGW/msys/1.0/gnu-arm-gcc/bin/../lib/gcc/arm-none-eabi/13.3.1/thumb/v7e-m+fp/hard\libc.a(libc_a-__call_atexit.o) (atexit)
C:/TouchGFX/4.26.1/env/MinGW/msys/1.0/gnu-arm-gcc/bin/../lib/gcc/arm-none-eabi/13.3.1/thumb/v7e-m+fp/hard\libc.a(libc_a-freer.o)
[...]
Memory Configuration

Name             Origin             Length             Attributes
FLASH            0x08100000         0x00100000         xr
RAM              0x10000000         0x00048000         xrw
*default*        0x00000000         0xffffffff

Linker script and memory map

LOAD C:/TouchGFX/4.26.1/env/MinGW/msys/1.0/gnu-arm-gcc/bin/../lib/gcc/arm-none-eabi/13.3.1/thumb/v7e-m+fp/hard/crti.o
LOAD C:/TouchGFX/4.26.1/env/MinGW/msys/1.0/gnu-arm-gcc/bin/../lib/gcc/arm-none-eabi/13.3.1/thumb/v7e-m+fp/hard/crtbegin.o
LOAD C:/TouchGFX/4.26.1/env/MinGW/msys/1.0/gnu-arm-gcc/bin/../lib/gcc/arm-none-eabi/13.3.1/thumb/v7e-m+fp/hard/crt0.o
START GROUP
LOAD C:/TouchGFX/4.26.1/env/MinGW/msys/1.0/gnu-arm-gcc/bin/../lib/gcc/arm-none-eabi/13.3.1/thumb/v7e-m+fp/hard\libstdc++.a
LOAD C:/TouchGFX/4.26.1/env/MinGW/msys/1.0/gnu-arm-gcc/bin/../lib/gcc/arm-none-eabi/13.3.1/thumb/v7e-m+fp/hard\libsupc++.a
END GROUP
LOAD CM4/TouchGFX/build/STM32H747I_DISCO/Drivers/STM32H7xx_HAL_Driver/Src/stm32h7xx_hal.o
LOAD CM4/TouchGFX/build/STM32H747I_DISCO/Drivers/STM32H7xx_HAL_Driver/Src/stm32h7xx_hal_cortex.o
LOAD CM4/TouchGFX/build/STM32H747I_DISCO/Drivers/STM32H7xx_HAL_Driver/Src/stm32h7xx_hal_crc.o
LOAD CM4/TouchGFX/build/STM32H747I_DISCO/Drivers/STM32H7xx_HAL_Driver/Src/stm32h7xx_hal_crc_ex.o
LOAD CM4/TouchGFX/build/STM32H747I_DISCO/Drivers/STM32H7xx_HAL_Driver/Src/stm32h7xx_hal_dma.o
LOAD CM4/TouchGFX/build/STM32H747I_DISCO/Drivers/STM32H7xx_HAL_Driver/Src/stm32h7xx_hal_dma_ex.o
LOAD CM4/TouchGFX/build/STM32H747I_DISCO/Drivers/STM32H7xx_HAL_Driver/Src/stm32h7xx_hal_dma2d.o
LOAD CM4/TouchGFX/build/STM32H747I_DISCO/Drivers/STM32H7xx_HAL_Driver/Src/stm32h7xx_hal_dsi.o
LOAD CM4/TouchGFX/build/STM32H747I_DISCO/Drivers/STM32H7xx_HAL_Driver/Src/stm32h7xx_hal_exti.o
LOAD CM4/TouchGFX/build/STM32H747I_DISCO/Drivers/STM32H7xx_HAL_Driver/Src/stm32h7xx_hal_flash.o
LOAD CM4/TouchGFX/build/STM32H747I_DISCO/Drivers/STM32H7xx_HAL_Driver/Src/stm32h7xx_hal_flash_ex.o
LOAD CM4/TouchGFX/build/STM32H747I_DISCO/Drivers/STM32H7xx_HAL_Driver/Src/stm32h7xx_hal_gpio.o
LOAD CM4/TouchGFX/build/STM32H747I_DISCO/Drivers/STM32H7xx_HAL_Driver/Src/stm32h7xx_hal_hsem.o
LOAD CM4/TouchGFX/build/STM32H747I_DISCO/Drivers/STM32H7xx_HAL_Driver/Src/stm32h7xx_hal_i2c.o
LOAD CM4/TouchGFX/build/STM32H747I_DISCO/Drivers/STM32H7xx_HAL_Driver/Src/stm32h7xx_hal_i2c_ex.o
LOAD CM4/TouchGFX/build/STM32H747I_DISCO/Drivers/STM32H7xx_HAL_Driver/Src/stm32h7xx_hal_ltdc.o
LOAD CM4/TouchGFX/build/STM32H747I_DISCO/Drivers/STM32H7xx_HAL_Driver/Src/stm32h7xx_hal_ltdc_ex.o
LOAD CM4/TouchGFX/build/STM32H747I_DISCO/Drivers/STM32H7xx_HAL_Driver/Src/stm32h7xx_hal_mdma.o
LOAD CM4/TouchGFX/build/STM32H747I_DISCO/Drivers/STM32H7xx_HAL_Driver/Src/stm32h7xx_hal_pwr.o
LOAD CM4/TouchGFX/build/STM32H747I_DISCO/Drivers/STM32H7xx_HAL_Driver/Src/stm32h7xx_hal_pwr_ex.o
LOAD CM4/TouchGFX/build/STM32H747I_DISCO/Drivers/STM32H7xx_HAL_Driver/Src/stm32h7xx_hal_qspi.o
LOAD CM4/TouchGFX/build/STM32H747I_DISCO/Drivers/STM32H7xx_HAL_Driver/Src/stm32h7xx_hal_rcc.o
LOAD CM4/TouchGFX/build/STM32H747I_DISCO/Drivers/STM32H7xx_HAL_Driver/Src/stm32h7xx_hal_rcc_ex.o
LOAD CM4/TouchGFX/build/STM32H747I_DISCO/Drivers/STM32H7xx_HAL_Driver/Src/stm32h7xx_hal_sdram.o
LOAD CM4/TouchGFX/build/STM32H747I_DISCO/Drivers/STM32H7xx_HAL_Driver/Src/stm32h7xx_hal_tim.o
LOAD CM4/TouchGFX/build/STM32H747I_DISCO/Drivers/STM32H7xx_HAL_Driver/Src/stm32h7xx_hal_tim_ex.o
LOAD CM4/TouchGFX/build/STM32H747I_DISCO/Drivers/STM32H7xx_HAL_Driver/Src/stm32h7xx_ll_fmc.o
LOAD CM4/TouchGFX/build/STM32H747I_DISCO/CM4/Core/Src/main.o
LOAD CM4/TouchGFX/build/STM32H747I_DISCO/CM4/Core/Src/stm32h7xx_it.o
LOAD CM4/TouchGFX/build/STM32H747I_DISCO/CM4/Core/Src/stm32h7xx_hal_msp.o
LOAD CM4/TouchGFX/build/STM32H747I_DISCO/Common/Src/system_stm32h7xx_dualcore_boot_cm4_cm7.o
LOAD CM4/TouchGFX/build/STM32H747I_DISCO/gcc/sysmem.o
LOAD CM4/TouchGFX/build/STM32H747I_DISCO/gcc/syscalls.o
LOAD CM4/TouchGFX/build/STM32H747I_DISCO/STM32CubeIDE/CM4/Application/User/Startup/startup_stm32h747xihx.o
START GROUP
END GROUP
LOAD C:/TouchGFX/4.26.1/env/MinGW/msys/1.0/gnu-arm-gcc/bin/../lib/gcc/arm-none-eabi/13.3.1/thumb/v7e-m+fp/hard\libstdc++.a
LOAD C:/TouchGFX/4.26.1/env/MinGW/msys/1.0/gnu-arm-gcc/bin/../lib/gcc/arm-none-eabi/13.3.1/thumb/v7e-m+fp/hard\libm.a
LOAD C:/TouchGFX/4.26.1/env/MinGW/msys/1.0/gnu-arm-gcc/bin/../lib/gcc/arm-none-eabi/13.3.1/thumb/v7e-m+fp/hard\libc.a
START GROUP
LOAD C:/TouchGFX/4.26.1/env/MinGW/msys/1.0/gnu-arm-gcc/bin/../lib/gcc/arm-none-eabi/13.3.1/thumb/v7e-m+fp/hard\libgcc.a
LOAD C:/TouchGFX/4.26.1/env/MinGW/msys/1.0/gnu-arm-gcc/bin/../lib/gcc/arm-none-eabi/13.3.1/thumb/v7e-m+fp/hard\libg.a
LOAD C:/TouchGFX/4.26.1/env/MinGW/msys/1.0/gnu-arm-gcc/bin/../lib/gcc/arm-none-eabi/13.3.1/thumb/v7e-m+fp/hard\libc.a
END GROUP
START GROUP
LOAD C:/TouchGFX/4.26.1/env/MinGW/msys/1.0/gnu-arm-gcc/bin/../lib/gcc/arm-none-eabi/13.3.1/thumb/v7e-m+fp/hard\libgcc.a
LOAD C:/TouchGFX/4.26.1/env/MinGW/msys/1.0/gnu-arm-gcc/bin/../lib/gcc/arm-none-eabi/13.3.1/thumb/v7e-m+fp/hard\libc.a
LOAD C:/TouchGFX/4.26.1/env/MinGW/msys/1.0/gnu-arm-gcc/bin/../lib/gcc/arm-none-eabi/13.3.1/thumb/v7e-m+fp/hard\libnosys.a
END GROUP
LOAD C:/TouchGFX/4.26.1/env/MinGW/msys/1.0/gnu-arm-gcc/bin/../lib/gcc/arm-none-eabi/13.3.1/thumb/v7e-m+fp/hard/crtend.o
LOAD C:/TouchGFX/4.26.1/env/MinGW/msys/1.0/gnu-arm-gcc/bin/../lib/gcc/arm-none-eabi/13.3.1/thumb/v7e-m+fp/hard/crtn.o
                0x10048000                        _estack = 0x10048000
                0x00001000                        _Min_Heap_Size = 0x1000
                0x00001000                        _Min_Stack_Size = 0x1000

.isr_vector     0x08100000      0x298
                0x08100000                        . = ALIGN (0x4)
 *(.isr_vector)
 .isr_vector    0x08100000      0x298 CM4/TouchGFX/build/STM32H747I_DISCO/STM32CubeIDE/CM4/Application/User/Startup/startup_stm32h747xihx.o
                0x08100000                g_pfnVectors
                0x08100298                        . = ALIGN (0x4)

.text           0x08100298      0x6bc
                0x08100298                        . = ALIGN (0x4)
 *(.text)
 *(.text*)
 .text.deregister_tm_clones
                0x08100298       0x1c C:/TouchGFX/4.26.1/env/MinGW/msys/1.0/gnu-arm-gcc/bin/../lib/gcc/arm-none-eabi/13.3.1/thumb/v7e-m+fp/hard/crtbegin.o
 .text.register_tm_clones
                0x081002b4       0x24 C:/TouchGFX/4.26.1/env/MinGW/msys/1.0/gnu-arm-gcc/bin/../lib/gcc/arm-none-eabi/13.3.1/thumb/v7e-m+fp/hard/crtbegin.o
 .text.__do_global_dtors_aux
                0x081002d8       0x28 C:/TouchGFX/4.26.1/env/MinGW/msys/1.0/gnu-arm-gcc/bin/../lib/gcc/arm-none-eabi/13.3.1/thumb/v7e-m+fp/hard/crtbegin.o
 .text.frame_dummy
                0x08100300       0x24 C:/TouchGFX/4.26.1/env/MinGW/msys/1.0/gnu-arm-gcc/bin/../lib/gcc/arm-none-eabi/13.3.1/thumb/v7e-m+fp/hard/crtbegin.o
 .text.HAL_InitTick
                0x08100324       0x4c CM4/TouchGFX/build/STM32H747I_DISCO/Drivers/STM32H7xx_HAL_Driver/Src/stm32h7xx_hal.o
                0x08100324                HAL_InitTick
 .text.HAL_Init
                0x08100370       0x98 CM4/TouchGFX/build/STM32H747I_DISCO/Drivers/STM32H7xx_HAL_Driver/Src/stm32h7xx_hal.o
                0x08100370                HAL_Init
 .text.HAL_IncTick
                0x08100408       0x18 CM4/TouchGFX/build/STM32H747I_DISCO/Drivers/STM32H7xx_HAL_Driver/Src/stm32h7xx_hal.o
                0x08100408                HAL_IncTick
 .text.HAL_NVIC_SetPriorityGrouping
                0x08100420       0x24 CM4/TouchGFX/build/STM32H747I_DISCO/Drivers/STM32H7xx_HAL_Driver/Src/stm32h7xx_hal_cortex.o
                0x08100420                HAL_NVIC_SetPriorityGrouping
 .text.HAL_NVIC_SetPriority
                0x08100444       0x64 CM4/TouchGFX/build/STM32H747I_DISCO/Drivers/STM32H7xx_HAL_Driver/Src/stm32h7xx_hal_cortex.o
                0x08100444                HAL_NVIC_SetPriority
 .text.HAL_SYSTICK_Config
                0x081004a8       0x28 CM4/TouchGFX/build/STM32H747I_DISCO/Drivers/STM32H7xx_HAL_Driver/Src/stm32h7xx_hal_cortex.o
                0x081004a8                HAL_SYSTICK_Config
 .text.HAL_GetCurrentCPUID
                0x081004d0       0x18 CM4/TouchGFX/build/STM32H747I_DISCO/Drivers/STM32H7xx_HAL_Driver/Src/stm32h7xx_hal_cortex.o
                0x081004d0                HAL_GetCurrentCPUID
 .text.HAL_HSEM_ActivateNotification
                0x081004e8       0x10 CM4/TouchGFX/build/STM32H747I_DISCO/Drivers/STM32H7xx_HAL_Driver/Src/stm32h7xx_hal_hsem.o
                0x081004e8                HAL_HSEM_ActivateNotification
 .text.HAL_PWREx_EnterSTOPMode
                0x081004f8       0x84 CM4/TouchGFX/build/STM32H747I_DISCO/Drivers/STM32H7xx_HAL_Driver/Src/stm32h7xx_hal_pwr_ex.o
                0x081004f8                HAL_PWREx_EnterSTOPMode
 .text.HAL_PWREx_ClearPendingEvent
                0x0810057c       0x12 CM4/TouchGFX/build/STM32H747I_DISCO/Drivers/STM32H7xx_HAL_Driver/Src/stm32h7xx_hal_pwr_ex.o
                0x0810057c                HAL_PWREx_ClearPendingEvent
 *fill*         0x0810058e        0x2 
 .text.HAL_RCC_GetSysClockFreq
                0x08100590      0x144 CM4/TouchGFX/build/STM32H747I_DISCO/Drivers/STM32H7xx_HAL_Driver/Src/stm32h7xx_hal_rcc.o
                0x08100590                HAL_RCC_GetSysClockFreq
 .text.startup.main
                0x081006d4       0x84 CM4/TouchGFX/build/STM32H747I_DISCO/CM4/Core/Src/main.o
                0x081006d4                main
 .text.NMI_Handler
                0x08100758        0x2 CM4/TouchGFX/build/STM32H747I_DISCO/CM4/Core/Src/stm32h7xx_it.o
                0x08100758                NMI_Handler
 .text.HardFault_Handler
                0x0810075a        0x2 CM4/TouchGFX/build/STM32H747I_DISCO/CM4/Core/Src/stm32h7xx_it.o
                0x0810075a                HardFault_Handler
 .text.MemManage_Handler
                0x0810075c        0x2 CM4/TouchGFX/build/STM32H747I_DISCO/CM4/Core/Src/stm32h7xx_it.o
                0x0810075c                MemManage_Handler
 .text.BusFault_Handler
                0x0810075e        0x2 CM4/TouchGFX/build/STM32H747I_DISCO/CM4/Core/Src/stm32h7xx_it.o
                0x0810075e                BusFault_Handler
 .text.UsageFault_Handler
                0x08100760        0x2 CM4/TouchGFX/build/STM32H747I_DISCO/CM4/Core/Src/stm32h7xx_it.o
                0x08100760                UsageFault_Handler
 .text.SVC_Handler
                0x08100762        0x2 CM4/TouchGFX/build/STM32H747I_DISCO/CM4/Core/Src/stm32h7xx_it.o
                0x08100762                SVC_Handler
 .text.DebugMon_Handler
                0x08100764        0x2 CM4/TouchGFX/build/STM32H747I_DISCO/CM4/Core/Src/stm32h7xx_it.o
                0x08100764                DebugMon_Handler
 .text.PendSV_Handler
                0x08100766        0x2 CM4/TouchGFX/build/STM32H747I_DISCO/CM4/Core/Src/stm32h7xx_it.o
                0x08100766                PendSV_Handler
 .text.SysTick_Handler
                0x08100768        0x4 CM4/TouchGFX/build/STM32H747I_DISCO/CM4/Core/Src/stm32h7xx_it.o
                0x08100768                SysTick_Handler
 .text.HAL_MspInit
                0x0810076c       0x24 CM4/TouchGFX/build/STM32H747I_DISCO/CM4/Core/Src/stm32h7xx_hal_msp.o
                0x0810076c                HAL_MspInit
 .text.SystemInit
                0x08100790       0x1c CM4/TouchGFX/build/STM32H747I_DISCO/Common/Src/system_stm32h7xx_dualcore_boot_cm4_cm7.o
                0x08100790                SystemInit
 .text.ExitRun0Mode
                0x081007ac       0x18 CM4/TouchGFX/build/STM32H747I_DISCO/Common/Src/system_stm32h7xx_dualcore_boot_cm4_cm7.o
                0x081007ac                ExitRun0Mode
 .text.Reset_Handler
                0x081007c4       0x54 CM4/TouchGFX/build/STM32H747I_DISCO/STM32CubeIDE/CM4/Application/User/Startup/startup_stm32h747xihx.o
                0x081007c4                Reset_Handler
 .text.Default_Handler
                0x08100818        0x2 CM4/TouchGFX/build/STM32H747I_DISCO/STM32CubeIDE/CM4/Application/User/Startup/startup_stm32h747xihx.o
                0x08100818                RTC_Alarm_IRQHandler
                0x08100818                EXTI2_IRQHandler
                0x08100818                TIM8_CC_IRQHandler
                0x08100818                HRTIM1_Master_IRQHandler
                0x08100818                UART8_IRQHandler
                0x08100818                SPI4_IRQHandler
                0x08100818                TIM1_CC_IRQHandler
                0x08100818                BDMA_Channel6_IRQHandler
                0x08100818                DMA2_Stream5_IRQHandler
                0x08100818                HRTIM1_FLT_IRQHandler
                0x08100818                JPEG_IRQHandler
                0x08100818                DMA1_Stream5_IRQHandler
                0x08100818                BDMA_Channel1_IRQHandler
                0x08100818                HRTIM1_TIMD_IRQHandler
                0x08100818                TAMP_STAMP_IRQHandler
                0x08100818                EXTI3_IRQHandler
                0x08100818                LPTIM4_IRQHandler
                0x08100818                TIM8_TRG_COM_TIM14_IRQHandler
                0x08100818                LPTIM2_IRQHandler
                0x08100818                DFSDM1_FLT1_IRQHandler
                0x08100818                DMAMUX2_OVR_IRQHandler
                0x08100818                TIM8_UP_TIM13_IRQHandler
                0x08100818                I2C3_ER_IRQHandler
                0x08100818                DFSDM1_FLT2_IRQHandler
                0x08100818                MDMA_IRQHandler
                0x08100818                LPTIM3_IRQHandler
                0x08100818                HSEM1_IRQHandler
                0x08100818                EXTI0_IRQHandler
                0x08100818                I2C2_EV_IRQHandler
                0x08100818                DMA1_Stream2_IRQHandler
                0x08100818                FPU_IRQHandler
                0x08100818                OTG_HS_WKUP_IRQHandler
                0x08100818                FDCAN1_IT1_IRQHandler
                0x08100818                LTDC_ER_IRQHandler
                0x08100818                DMA2_Stream2_IRQHandler
                0x08100818                HRTIM1_TIME_IRQHandler
                0x08100818                SPI1_IRQHandler
                0x08100818                TIM6_DAC_IRQHandler
                0x08100818                DCMI_IRQHandler
                0x08100818                HRTIM1_TIMC_IRQHandler
                0x08100818                DMA2_Stream3_IRQHandler
                0x08100818                SAI2_IRQHandler
                0x08100818                DFSDM1_FLT3_IRQHandler
                0x08100818                USART6_IRQHandler
                0x08100818                TIM17_IRQHandler
                0x08100818                USART3_IRQHandler
                0x08100818                BDMA_Channel7_IRQHandler
                0x08100818                LPTIM5_IRQHandler
                0x08100818                UART5_IRQHandler
                0x08100818                ADC3_IRQHandler
                0x08100818                DMA2_Stream0_IRQHandler
                0x08100818                TIM4_IRQHandler
                0x08100818                BDMA_Channel2_IRQHandler
                0x08100818                QUADSPI_IRQHandler
                0x08100818                I2C1_EV_IRQHandler
                0x08100818                DMA1_Stream6_IRQHandler
                0x08100818                DMAMUX1_OVR_IRQHandler
                0x08100818                DMA1_Stream1_IRQHandler
                0x08100818                TIM16_IRQHandler
                0x08100818                UART4_IRQHandler
                0x08100818                BDMA_Channel5_IRQHandler
                0x08100818                TIM3_IRQHandler
                0x08100818                RCC_IRQHandler
                0x08100818                TIM8_BRK_TIM12_IRQHandler
                0x08100818                TIM1_TRG_COM_IRQHandler
                0x08100818                Default_Handler
                0x08100818                ECC_IRQHandler
                0x08100818                CEC_IRQHandler
                0x08100818                EXTI15_10_IRQHandler
                0x08100818                BDMA_Channel0_IRQHandler
                0x08100818                ADC_IRQHandler
                0x08100818                DMA1_Stream7_IRQHandler
                0x08100818                HRTIM1_TIMA_IRQHandler
                0x08100818                SPI5_IRQHandler
                0x08100818                TIM7_IRQHandler
                0x08100818                SDMMC1_IRQHandler
                0x08100818                TIM5_IRQHandler
                0x08100818                DMA2_Stream7_IRQHandler
                0x08100818                TIM15_IRQHandler
                0x08100818                PVD_AVD_IRQHandler
                0x08100818                I2C3_EV_IRQHandler
                0x08100818                EXTI9_5_IRQHandler
                0x08100818                RTC_WKUP_IRQHandler
                0x08100818                LTDC_IRQHandler
                0x08100818                SAI3_IRQHandler
                0x08100818                ETH_WKUP_IRQHandler
                0x08100818                SPDIF_RX_IRQHandler
                0x08100818                SPI2_IRQHandler
                0x08100818                OTG_HS_EP1_IN_IRQHandler
                0x08100818                DMA1_Stream0_IRQHandler
                0x08100818                CRS_IRQHandler
                0x08100818                CM7_SEV_IRQHandler
                0x08100818                EXTI4_IRQHandler
                0x08100818                RNG_IRQHandler
                0x08100818                CM4_SEV_IRQHandler
                0x08100818                HRTIM1_TIMB_IRQHandler
                0x08100818                FDCAN2_IT1_IRQHandler
                0x08100818                DSI_IRQHandler
                0x08100818                ETH_IRQHandler
                0x08100818                TIM1_UP_IRQHandler
                0x08100818                WWDG_RST_IRQHandler
                0x08100818                BDMA_Channel4_IRQHandler
                0x08100818                OTG_HS_EP1_OUT_IRQHandler
                0x08100818                WWDG_IRQHandler
                0x08100818                SPI6_IRQHandler
                0x08100818                MDIOS_IRQHandler
                0x08100818                I2C4_EV_IRQHandler
                0x08100818                FDCAN2_IT0_IRQHandler
                0x08100818                LPUART1_IRQHandler
                0x08100818                FDCAN1_IT0_IRQHandler
                0x08100818                TIM2_IRQHandler
                0x08100818                OTG_FS_WKUP_IRQHandler
                0x08100818                OTG_HS_IRQHandler
                0x08100818                HSEM2_IRQHandler
                0x08100818                DMA2D_IRQHandler
                0x08100818                TIM1_BRK_IRQHandler
                0x08100818                EXTI1_IRQHandler
                0x08100818                SDMMC2_IRQHandler
                0x08100818                OTG_FS_EP1_OUT_IRQHandler
                0x08100818                BDMA_Channel3_IRQHandler
                0x08100818                HOLD_CORE_IRQHandler
                0x08100818                UART7_IRQHandler
                0x08100818                MDIOS_WKUP_IRQHandler
                0x08100818                USART2_IRQHandler
                0x08100818                DFSDM1_FLT0_IRQHandler
                0x08100818                SAI4_IRQHandler
                0x08100818                I2C2_ER_IRQHandler
                0x08100818                DMA2_Stream1_IRQHandler
                0x08100818                FLASH_IRQHandler
                0x08100818                DMA2_Stream4_IRQHandler
                0x08100818                USART1_IRQHandler
                0x08100818                OTG_FS_IRQHandler
                0x08100818                SPI3_IRQHandler
                0x08100818                WAKEUP_PIN_IRQHandler
                0x08100818                DMA1_Stream4_IRQHandler
                0x08100818                OTG_FS_EP1_IN_IRQHandler
                0x08100818                I2C1_ER_IRQHandler
                0x08100818                FMC_IRQHandler
                0x08100818                FDCAN_CAL_IRQHandler
                0x08100818                SWPMI1_IRQHandler
                0x08100818                COMP1_IRQHandler
                0x08100818                LPTIM1_IRQHandler
                0x08100818                I2C4_ER_IRQHandler
                0x08100818                DMA2_Stream6_IRQHandler
                0x08100818                SAI1_IRQHandler
                0x08100818                DMA1_Stream3_IRQHandler
 *fill*         0x0810081a        0x2 
 .text.__libc_init_array
                0x0810081c       0x50 C:/TouchGFX/4.26.1/env/MinGW/msys/1.0/gnu-arm-gcc/bin/../lib/gcc/arm-none-eabi/13.3.1/thumb/v7e-m+fp/hard\libc.a(libc_a-init.o)
                0x0810081c                __libc_init_array
 .text.__retarget_lock_acquire_recursive
                0x0810086c        0x4 C:/TouchGFX/4.26.1/env/MinGW/msys/1.0/gnu-arm-gcc/bin/../lib/gcc/arm-none-eabi/13.3.1/thumb/v7e-m+fp/hard\libc.a(libc_a-lock.o)
                0x0810086c                __retarget_lock_acquire_recursive
 .text.__retarget_lock_release_recursive
                0x08100870        0x4 C:/TouchGFX/4.26.1/env/MinGW/msys/1.0/gnu-arm-gcc/bin/../lib/gcc/arm-none-eabi/13.3.1/thumb/v7e-m+fp/hard\libc.a(libc_a-lock.o)
                0x08100870                __retarget_lock_release_recursive
 .text.startup.register_fini
                0x08100874       0x14 C:/TouchGFX/4.26.1/env/MinGW/msys/1.0/gnu-arm-gcc/bin/../lib/gcc/arm-none-eabi/13.3.1/thumb/v7e-m+fp/hard\libc.a(libc_a-__call_atexit.o)
 .text.atexit   0x08100888        0xc C:/TouchGFX/4.26.1/env/MinGW/msys/1.0/gnu-arm-gcc/bin/../lib/gcc/arm-none-eabi/13.3.1/thumb/v7e-m+fp/hard\libc.a(libc_a-atexit.o)
                0x08100888                atexit
 .text.__libc_fini_array
                0x08100894       0x28 C:/TouchGFX/4.26.1/env/MinGW/msys/1.0/gnu-arm-gcc/bin/../lib/gcc/arm-none-eabi/13.3.1/thumb/v7e-m+fp/hard\libc.a(libc_a-fini.o)
                0x08100894                __libc_fini_array
 .text.__register_exitproc
                0x081008bc       0x80 C:/TouchGFX/4.26.1/env/MinGW/msys/1.0/gnu-arm-gcc/bin/../lib/gcc/arm-none-eabi/13.3.1/thumb/v7e-m+fp/hard\libc.a(libc_a-__atexit.o)
                0x081008bc                __register_exitproc
 *(.glue_7)
 .glue_7        0x0810093c        0x0 linker stubs
 *(.glue_7t)
 .glue_7t       0x0810093c        0x0 linker stubs
 *(.eh_frame)
 .eh_frame      0x0810093c        0x0 C:/TouchGFX/4.26.1/env/MinGW/msys/1.0/gnu-arm-gcc/bin/../lib/gcc/arm-none-eabi/13.3.1/thumb/v7e-m+fp/hard/crtbegin.o
 *(.init)
 .init          0x0810093c        0x4 C:/TouchGFX/4.26.1/env/MinGW/msys/1.0/gnu-arm-gcc/bin/../lib/gcc/arm-none-eabi/13.3.1/thumb/v7e-m+fp/hard/crti.o
                0x0810093c                _init
 .init          0x08100940        0x8 C:/TouchGFX/4.26.1/env/MinGW/msys/1.0/gnu-arm-gcc/bin/../lib/gcc/arm-none-eabi/13.3.1/thumb/v7e-m+fp/hard/crtn.o
 *(.fini)
 .fini          0x08100948        0x4 C:/TouchGFX/4.26.1/env/MinGW/msys/1.0/gnu-arm-gcc/bin/../lib/gcc/arm-none-eabi/13.3.1/thumb/v7e-m+fp/hard/crti.o
                0x08100948                _fini
 .fini          0x0810094c        0x8 C:/TouchGFX/4.26.1/env/MinGW/msys/1.0/gnu-arm-gcc/bin/../lib/gcc/arm-none-eabi/13.3.1/thumb/v7e-m+fp/hard/crtn.o
                0x08100954                        . = ALIGN (0x4)
                0x08100954                        _etext = .

.vfp11_veneer   0x08100954        0x0
 .vfp11_veneer  0x08100954        0x0 linker stubs

.v4_bx          0x08100954        0x0
 .v4_bx         0x08100954        0x0 linker stubs

.iplt           0x08100954        0x0
 .iplt          0x08100954        0x0 C:/TouchGFX/4.26.1/env/MinGW/msys/1.0/gnu-arm-gcc/bin/../lib/gcc/arm-none-eabi/13.3.1/thumb/v7e-m+fp/hard/crtbegin.o

.rodata         0x08100954       0x10
                0x08100954                        . = ALIGN (0x4)
 *(.rodata)
 *(.rodata*)
 .rodata.D1CorePrescTable
                0x08100954       0x10 CM4/TouchGFX/build/STM32H747I_DISCO/Common/Src/system_stm32h7xx_dualcore_boot_cm4_cm7.o
                0x08100954                D1CorePrescTable
                0x08100964                        . = ALIGN (0x4)

.ARM.extab
 *(.ARM.extab* .gnu.linkonce.armextab.*)

.ARM            0x08100964        0x0
                0x08100964                        __exidx_start = .
 *(.ARM.exidx*)
                0x08100964                        __exidx_end = .

.preinit_array  0x08100964        0x0
                0x08100964                        PROVIDE (__preinit_array_start = .)
 *(.preinit_array*)
                0x08100964                        PROVIDE (__preinit_array_end = .)

.init_array     0x08100964        0x8
                0x08100964                        PROVIDE (__init_array_start = .)
 *(SORT_BY_NAME(.init_array.*))
 .init_array.00000
                0x08100964        0x4 C:/TouchGFX/4.26.1/env/MinGW/msys/1.0/gnu-arm-gcc/bin/../lib/gcc/arm-none-eabi/13.3.1/thumb/v7e-m+fp/hard\libc.a(libc_a-__call_atexit.o)
 *(.init_array*)
 .init_array    0x08100968        0x4 C:/TouchGFX/4.26.1/env/MinGW/msys/1.0/gnu-arm-gcc/bin/../lib/gcc/arm-none-eabi/13.3.1/thumb/v7e-m+fp/hard/crtbegin.o
                0x0810096c                        PROVIDE (__init_array_end = .)

.fini_array     0x0810096c        0x4
                0x0810096c                        PROVIDE (__fini_array_start = .)
 *(SORT_BY_NAME(.fini_array.*))
 *(.fini_array*)
 .fini_array    0x0810096c        0x4 C:/TouchGFX/4.26.1/env/MinGW/msys/1.0/gnu-arm-gcc/bin/../lib/gcc/arm-none-eabi/13.3.1/thumb/v7e-m+fp/hard/crtbegin.o
                0x08100970                        PROVIDE (__fini_array_end = .)
                0x08100970                        _sidata = LOADADDR (.data)

.rel.dyn        0x08100970        0x0
 .rel.iplt      0x08100970        0x0 C:/TouchGFX/4.26.1/env/MinGW/msys/1.0/gnu-arm-gcc/bin/../lib/gcc/arm-none-eabi/13.3.1/thumb/v7e-m+fp/hard/crtbegin.o

.data           0x10000000       0x14 load address 0x08100970
                0x10000000                        . = ALIGN (0x4)
                0x10000000                        _sdata = .
 *(.data)
 *(.data*)
 .data.uwTickFreq
                0x10000000        0x1 CM4/TouchGFX/build/STM32H747I_DISCO/Drivers/STM32H7xx_HAL_Driver/Src/stm32h7xx_hal.o
                0x10000000                uwTickFreq
 *fill*         0x10000001        0x3 
 .data.uwTickPrio
                0x10000004        0x4 CM4/TouchGFX/build/STM32H747I_DISCO/Drivers/STM32H7xx_HAL_Driver/Src/stm32h7xx_hal.o
                0x10000004                uwTickPrio
 .data.SystemD2Clock
                0x10000008        0x4 CM4/TouchGFX/build/STM32H747I_DISCO/Common/Src/system_stm32h7xx_dualcore_boot_cm4_cm7.o
                0x10000008                SystemD2Clock
 .data.SystemCoreClock
                0x1000000c        0x4 CM4/TouchGFX/build/STM32H747I_DISCO/Common/Src/system_stm32h7xx_dualcore_boot_cm4_cm7.o
                0x1000000c                SystemCoreClock
 .data.__atexit_recursive_mutex
                0x10000010        0x4 C:/TouchGFX/4.26.1/env/MinGW/msys/1.0/gnu-arm-gcc/bin/../lib/gcc/arm-none-eabi/13.3.1/thumb/v7e-m+fp/hard\libc.a(libc_a-__call_atexit.o)
                0x10000010                __atexit_recursive_mutex
                0x10000014                        . = ALIGN (0x4)

.tm_clone_table
                0x10000014        0x0 load address 0x08100984
 .tm_clone_table
                0x10000014        0x0 C:/TouchGFX/4.26.1/env/MinGW/msys/1.0/gnu-arm-gcc/bin/../lib/gcc/arm-none-eabi/13.3.1/thumb/v7e-m+fp/hard/crtbegin.o
 .tm_clone_table
                0x10000014        0x0 C:/TouchGFX/4.26.1/env/MinGW/msys/1.0/gnu-arm-gcc/bin/../lib/gcc/arm-none-eabi/13.3.1/thumb/v7e-m+fp/hard/crtend.o

.igot.plt       0x10000014        0x0 load address 0x08100984
 .igot.plt      0x10000014        0x0 C:/TouchGFX/4.26.1/env/MinGW/msys/1.0/gnu-arm-gcc/bin/../lib/gcc/arm-none-eabi/13.3.1/thumb/v7e-m+fp/hard/crtbegin.o

.tdata          0x10000014        0x0 load address 0x08100984
 *(.tdata .tdata.* .gnu.linkonce.td.*)
                0x10000014                        . = ALIGN (0x4)
                0x10000014                        _edata = .
                [!provide]                        PROVIDE (__data_end = .)
                [!provide]                        PROVIDE (__tdata_end = .)
                [!provide]                        PROVIDE (__tdata_start = ADDR (.tdata))
                [!provide]                        PROVIDE (__tdata_size = (__tdata_end - __tdata_start))
                [!provide]                        PROVIDE (__data_start = ADDR (.data))
                [!provide]                        PROVIDE (__data_size = (__data_end - __data_start))
                [!provide]                        PROVIDE (__tdata_source = LOADADDR (.tdata))
                [!provide]                        PROVIDE (__tdata_source_end = (LOADADDR (.tdata) + SIZEOF (.tdata)))
                [!provide]                        PROVIDE (__tdata_source_size = (__tdata_source_end - __tdata_source))
                [!provide]                        PROVIDE (__data_source = LOADADDR (.data))
                [!provide]                        PROVIDE (__data_source_end = __tdata_source_end)
                [!provide]                        PROVIDE (__data_source_size = (__data_source_end - __data_source))

.tbss           0x10000014        0x0 load address 0x08100984
                0x10000014                        _sbss = .
                0x10000014                        __bss_start__ = _sbss
 *(.tbss .tbss.*)
                0x10000014                        . = ALIGN (0x4)
                [!provide]                        PROVIDE (__tbss_end = .)
                [!provide]                        PROVIDE (__tbss_start = ADDR (.tbss))
                [!provide]                        PROVIDE (__tbss_size = (__tbss_end - __tbss_start))
                [!provide]                        PROVIDE (__tbss_offset = (ADDR (.tbss) - ADDR (.tdata)))
                [!provide]                        PROVIDE (__tls_base = __tdata_start)
                [!provide]                        PROVIDE (__tls_end = __tbss_end)
                [!provide]                        PROVIDE (__tls_size = (__tls_end - __tls_base))
                [!provide]                        PROVIDE (__tls_align = MAX (ALIGNOF (.tdata), ALIGNOF (.tbss)))
                [!provide]                        PROVIDE (__tls_size_align = (((__tls_size + __tls_align) - 0x1) & ~ ((__tls_align - 0x1))))
                [!provide]                        PROVIDE (__arm32_tls_tcb_offset = MAX (0x8, __tls_align))
                [!provide]                        PROVIDE (__arm64_tls_tcb_offset = MAX (0x10, __tls_align))

.bss            0x10000014      0x1b8 load address 0x08100984
 *(.bss)
 *(.bss*)
 .bss.completed.1
                0x10000014        0x1 C:/TouchGFX/4.26.1/env/MinGW/msys/1.0/gnu-arm-gcc/bin/../lib/gcc/arm-none-eabi/13.3.1/thumb/v7e-m+fp/hard/crtbegin.o
 *fill*         0x10000015        0x3 
 .bss.object.0  0x10000018       0x18 C:/TouchGFX/4.26.1/env/MinGW/msys/1.0/gnu-arm-gcc/bin/../lib/gcc/arm-none-eabi/13.3.1/thumb/v7e-m+fp/hard/crtbegin.o
 .bss.uwTick    0x10000030        0x4 CM4/TouchGFX/build/STM32H747I_DISCO/Drivers/STM32H7xx_HAL_Driver/Src/stm32h7xx_hal.o
                0x10000030                uwTick
 .bss.__lock___atexit_recursive_mutex
                0x10000034        0x1 C:/TouchGFX/4.26.1/env/MinGW/msys/1.0/gnu-arm-gcc/bin/../lib/gcc/arm-none-eabi/13.3.1/thumb/v7e-m+fp/hard\libc.a(libc_a-lock.o)
                0x10000034                __lock___atexit_recursive_mutex
 *fill*         0x10000035        0x3 
 .bss.__atexit  0x10000038        0x4 C:/TouchGFX/4.26.1/env/MinGW/msys/1.0/gnu-arm-gcc/bin/../lib/gcc/arm-none-eabi/13.3.1/thumb/v7e-m+fp/hard\libc.a(libc_a-__call_atexit.o)
                0x10000038                __atexit
 .bss.__atexit0
                0x1000003c      0x190 C:/TouchGFX/4.26.1/env/MinGW/msys/1.0/gnu-arm-gcc/bin/../lib/gcc/arm-none-eabi/13.3.1/thumb/v7e-m+fp/hard\libc.a(libc_a-__atexit.o)
                0x1000003c                __atexit0
 *(COMMON)
                0x100001cc                        . = ALIGN (0x4)
                0x100001cc                        _ebss = .
                0x100001cc                        __bss_end__ = _ebss
                [!provide]                        PROVIDE (__bss_end = .)
                [!provide]                        PROVIDE (__non_tls_bss_start = ADDR (.bss))
                [!provide]                        PROVIDE (__bss_start = __tbss_start)
                [!provide]                        PROVIDE (__bss_size = (__bss_end - __bss_start))

._user_heap_stack
                0x100001cc     0x2004 load address 0x08100984
                0x100001d0                        . = ALIGN (0x8)
 *fill*         0x100001cc        0x4 
                [!provide]                        PROVIDE (end = .)
                0x100001d0                        PROVIDE (_end = .)
                0x100011d0                        . = (. + _Min_Heap_Size)
 *fill*         0x100001d0     0x1000 
                0x100021d0                        . = (. + _Min_Stack_Size)
 *fill*         0x100011d0     0x1000 
                0x100021d0                        . = ALIGN (0x8)

/DISCARD/
 libc.a:*(*)
 libm.a:*(*)
 libgcc.a:*(*)

.ARM.attributes
                0x00000000       0x30
 *(.ARM.attributes)
 .ARM.attributes
                0x00000000       0x22 C:/TouchGFX/4.26.1/env/MinGW/msys/1.0/gnu-arm-gcc/bin/../lib/gcc/arm-none-eabi/13.3.1/thumb/v7e-m+fp/hard/crti.o
 .ARM.attributes
                0x00000022       0x34 C:/TouchGFX/4.26.1/env/MinGW/msys/1.0/gnu-arm-gcc/bin/../lib/gcc/arm-none-eabi/13.3.1/thumb/v7e-m+fp/hard/crtbegin.o
 .ARM.attributes
                0x00000056       0x34 CM4/TouchGFX/build/STM32H747I_DISCO/Drivers/STM32H7xx_HAL_Driver/Src/stm32h7xx_hal.o
 .ARM.attributes
                0x0000008a       0x34 CM4/TouchGFX/build/STM32H747I_DISCO/Drivers/STM32H7xx_HAL_Driver/Src/stm32h7xx_hal_cortex.o
 .ARM.attributes
                0x000000be       0x34 CM4/TouchGFX/build/STM32H747I_DISCO/Drivers/STM32H7xx_HAL_Driver/Src/stm32h7xx_hal_hsem.o
 .ARM.attributes
                0x000000f2       0x34 CM4/TouchGFX/build/STM32H747I_DISCO/Drivers/STM32H7xx_HAL_Driver/Src/stm32h7xx_hal_pwr_ex.o
 .ARM.attributes
                0x00000126       0x34 CM4/TouchGFX/build/STM32H747I_DISCO/Drivers/STM32H7xx_HAL_Driver/Src/stm32h7xx_hal_rcc.o
 .ARM.attributes
                0x0000015a       0x34 CM4/TouchGFX/build/STM32H747I_DISCO/CM4/Core/Src/main.o
 .ARM.attributes
                0x0000018e       0x34 CM4/TouchGFX/build/STM32H747I_DISCO/CM4/Core/Src/stm32h7xx_it.o
 .ARM.attributes
                0x000001c2       0x34 CM4/TouchGFX/build/STM32H747I_DISCO/CM4/Core/Src/stm32h7xx_hal_msp.o
 .ARM.attributes
                0x000001f6       0x34 CM4/TouchGFX/build/STM32H747I_DISCO/Common/Src/system_stm32h7xx_dualcore_boot_cm4_cm7.o
 .ARM.attributes
                0x0000022a       0x21 CM4/TouchGFX/build/STM32H747I_DISCO/STM32CubeIDE/CM4/Application/User/Startup/startup_stm32h747xihx.o
 .ARM.attributes
                0x0000024b       0x34 C:/TouchGFX/4.26.1/env/MinGW/msys/1.0/gnu-arm-gcc/bin/../lib/gcc/arm-none-eabi/13.3.1/thumb/v7e-m+fp/hard\libc.a(libc_a-init.o)
 .ARM.attributes
                0x0000027f       0x34 C:/TouchGFX/4.26.1/env/MinGW/msys/1.0/gnu-arm-gcc/bin/../lib/gcc/arm-none-eabi/13.3.1/thumb/v7e-m+fp/hard\libc.a(libc_a-lock.o)
 .ARM.attributes
                0x000002b3       0x34 C:/TouchGFX/4.26.1/env/MinGW/msys/1.0/gnu-arm-gcc/bin/../lib/gcc/arm-none-eabi/13.3.1/thumb/v7e-m+fp/hard\libc.a(libc_a-__call_atexit.o)
 .ARM.attributes
                0x000002e7       0x34 C:/TouchGFX/4.26.1/env/MinGW/msys/1.0/gnu-arm-gcc/bin/../lib/gcc/arm-none-eabi/13.3.1/thumb/v7e-m+fp/hard\libc.a(libc_a-atexit.o)
 .ARM.attributes
                0x0000031b       0x34 C:/TouchGFX/4.26.1/env/MinGW/msys/1.0/gnu-arm-gcc/bin/../lib/gcc/arm-none-eabi/13.3.1/thumb/v7e-m+fp/hard\libc.a(libc_a-fini.o)
 .ARM.attributes
                0x0000034f       0x34 C:/TouchGFX/4.26.1/env/MinGW/msys/1.0/gnu-arm-gcc/bin/../lib/gcc/arm-none-eabi/13.3.1/thumb/v7e-m+fp/hard\libc.a(libc_a-__atexit.o)
 .ARM.attributes
                0x00000383       0x34 C:/TouchGFX/4.26.1/env/MinGW/msys/1.0/gnu-arm-gcc/bin/../lib/gcc/arm-none-eabi/13.3.1/thumb/v7e-m+fp/hard/crtend.o
 .ARM.attributes
                0x000003b7       0x22 C:/TouchGFX/4.26.1/env/MinGW/msys/1.0/gnu-arm-gcc/bin/../lib/gcc/arm-none-eabi/13.3.1/thumb/v7e-m+fp/hard/crtn.o
OUTPUT(CM4/TouchGFX/build/bin/target.elf elf32-littlearm)
LOAD linker stubs

.debug_info     0x00000000     0x68d0
 .debug_info    0x00000000     0x18fe CM4/TouchGFX/build/STM32H747I_DISCO/Drivers/STM32H7xx_HAL_Driver/Src/stm32h7xx_hal.o
 .debug_info    0x000018fe     0x11a5 CM4/TouchGFX/build/STM32H747I_DISCO/Drivers/STM32H7xx_HAL_Driver/Src/stm32h7xx_hal_cortex.o
 .debug_info    0x00002aa3      0x3f6 CM4/TouchGFX/build/STM32H747I_DISCO/Drivers/STM32H7xx_HAL_Driver/Src/stm32h7xx_hal_hsem.o
 .debug_info    0x00002e99     0x11e1 CM4/TouchGFX/build/STM32H747I_DISCO/Drivers/STM32H7xx_HAL_Driver/Src/stm32h7xx_hal_pwr_ex.o
 .debug_info    0x0000407a     0x11be CM4/TouchGFX/build/STM32H747I_DISCO/Drivers/STM32H7xx_HAL_Driver/Src/stm32h7xx_hal_rcc.o
 .debug_info    0x00005238      0x89a CM4/TouchGFX/build/STM32H747I_DISCO/CM4/Core/Src/main.o
 .debug_info    0x00005ad2      0x126 CM4/TouchGFX/build/STM32H747I_DISCO/CM4/Core/Src/stm32h7xx_it.o
 .debug_info    0x00005bf8      0x45c CM4/TouchGFX/build/STM32H747I_DISCO/CM4/Core/Src/stm32h7xx_hal_msp.o
 .debug_info    0x00006054      0x84c CM4/TouchGFX/build/STM32H747I_DISCO/Common/Src/system_stm32h7xx_dualcore_boot_cm4_cm7.o
 .debug_info    0x000068a0       0x30 CM4/TouchGFX/build/STM32H747I_DISCO/STM32CubeIDE/CM4/Application/User/Startup/startup_stm32h747xihx.o

.debug_abbrev   0x00000000     0x1434
 .debug_abbrev  0x00000000      0x328 CM4/TouchGFX/build/STM32H747I_DISCO/Drivers/STM32H7xx_HAL_Driver/Src/stm32h7xx_hal.o
 .debug_abbrev  0x00000328      0x39e CM4/TouchGFX/build/STM32H747I_DISCO/Drivers/STM32H7xx_HAL_Driver/Src/stm32h7xx_hal_cortex.o
 .debug_abbrev  0x000006c6      0x1ea CM4/TouchGFX/build/STM32H747I_DISCO/Drivers/STM32H7xx_HAL_Driver/Src/stm32h7xx_hal_hsem.o
 .debug_abbrev  0x000008b0      0x339 CM4/TouchGFX/build/STM32H747I_DISCO/Drivers/STM32H7xx_HAL_Driver/Src/stm32h7xx_hal_pwr_ex.o
 .debug_abbrev  0x00000be9      0x31a CM4/TouchGFX/build/STM32H747I_DISCO/Drivers/STM32H7xx_HAL_Driver/Src/stm32h7xx_hal_rcc.o
 .debug_abbrev  0x00000f03      0x22c CM4/TouchGFX/build/STM32H747I_DISCO/CM4/Core/Src/main.o
 .debug_abbrev  0x0000112f       0xb4 CM4/TouchGFX/build/STM32H747I_DISCO/CM4/Core/Src/stm32h7xx_it.o
 .debug_abbrev  0x000011e3       0xd7 CM4/TouchGFX/build/STM32H747I_DISCO/CM4/Core/Src/stm32h7xx_hal_msp.o
 .debug_abbrev  0x000012ba      0x156 CM4/TouchGFX/build/STM32H747I_DISCO/Common/Src/system_stm32h7xx_dualcore_boot_cm4_cm7.o
 .debug_abbrev  0x00001410       0x24 CM4/TouchGFX/build/STM32H747I_DISCO/STM32CubeIDE/CM4/Application/User/Startup/startup_stm32h747xihx.o

.debug_loclists
                0x00000000     0x12fb
 .debug_loclists
                0x00000000      0x381 CM4/TouchGFX/build/STM32H747I_DISCO/Drivers/STM32H7xx_HAL_Driver/Src/stm32h7xx_hal.o
 .debug_loclists
                0x00000381      0x406 CM4/TouchGFX/build/STM32H747I_DISCO/Drivers/STM32H7xx_HAL_Driver/Src/stm32h7xx_hal_cortex.o
 .debug_loclists
                0x00000787       0xce CM4/TouchGFX/build/STM32H747I_DISCO/Drivers/STM32H7xx_HAL_Driver/Src/stm32h7xx_hal_hsem.o
 .debug_loclists
                0x00000855      0x43d CM4/TouchGFX/build/STM32H747I_DISCO/Drivers/STM32H7xx_HAL_Driver/Src/stm32h7xx_hal_pwr_ex.o
 .debug_loclists
                0x00000c92      0x50f CM4/TouchGFX/build/STM32H747I_DISCO/Drivers/STM32H7xx_HAL_Driver/Src/stm32h7xx_hal_rcc.o
 .debug_loclists
                0x000011a1      0x15a CM4/TouchGFX/build/STM32H747I_DISCO/Common/Src/system_stm32h7xx_dualcore_boot_cm4_cm7.o

.debug_aranges  0x00000000      0x628
 .debug_aranges
                0x00000000      0x200 CM4/TouchGFX/build/STM32H747I_DISCO/Drivers/STM32H7xx_HAL_Driver/Src/stm32h7xx_hal.o
 .debug_aranges
                0x00000200       0xc0 CM4/TouchGFX/build/STM32H747I_DISCO/Drivers/STM32H7xx_HAL_Driver/Src/stm32h7xx_hal_cortex.o
 .debug_aranges
                0x000002c0       0x70 CM4/TouchGFX/build/STM32H747I_DISCO/Drivers/STM32H7xx_HAL_Driver/Src/stm32h7xx_hal_hsem.o
 .debug_aranges
                0x00000330      0x170 CM4/TouchGFX/build/STM32H747I_DISCO/Drivers/STM32H7xx_HAL_Driver/Src/stm32h7xx_hal_pwr_ex.o
 .debug_aranges
                0x000004a0       0x88 CM4/TouchGFX/build/STM32H747I_DISCO/Drivers/STM32H7xx_HAL_Driver/Src/stm32h7xx_hal_rcc.o
 .debug_aranges
                0x00000528       0x28 CM4/TouchGFX/build/STM32H747I_DISCO/CM4/Core/Src/main.o
 .debug_aranges
                0x00000550       0x60 CM4/TouchGFX/build/STM32H747I_DISCO/CM4/Core/Src/stm32h7xx_it.o
 .debug_aranges
                0x000005b0       0x20 CM4/TouchGFX/build/STM32H747I_DISCO/CM4/Core/Src/stm32h7xx_hal_msp.o
 .debug_aranges
                0x000005d0       0x30 CM4/TouchGFX/build/STM32H747I_DISCO/Common/Src/system_stm32h7xx_dualcore_boot_cm4_cm7.o
 .debug_aranges
                0x00000600       0x28 CM4/TouchGFX/build/STM32H747I_DISCO/STM32CubeIDE/CM4/Application/User/Startup/startup_stm32h747xihx.o

.debug_rnglists
                0x00000000      0x575
 .debug_rnglists
                0x00000000      0x18c CM4/TouchGFX/build/STM32H747I_DISCO/Drivers/STM32H7xx_HAL_Driver/Src/stm32h7xx_hal.o
 .debug_rnglists
                0x0000018c       0xf4 CM4/TouchGFX/build/STM32H747I_DISCO/Drivers/STM32H7xx_HAL_Driver/Src/stm32h7xx_hal_cortex.o
 .debug_rnglists
                0x00000280       0x4f CM4/TouchGFX/build/STM32H747I_DISCO/Drivers/STM32H7xx_HAL_Driver/Src/stm32h7xx_hal_hsem.o
 .debug_rnglists
                0x000002cf      0x142 CM4/TouchGFX/build/STM32H747I_DISCO/Drivers/STM32H7xx_HAL_Driver/Src/stm32h7xx_hal_pwr_ex.o
 .debug_rnglists
                0x00000411       0xa0 CM4/TouchGFX/build/STM32H747I_DISCO/Drivers/STM32H7xx_HAL_Driver/Src/stm32h7xx_hal_rcc.o
 .debug_rnglists
                0x000004b1       0x29 CM4/TouchGFX/build/STM32H747I_DISCO/CM4/Core/Src/main.o
 .debug_rnglists
                0x000004da       0x43 CM4/TouchGFX/build/STM32H747I_DISCO/CM4/Core/Src/stm32h7xx_it.o
 .debug_rnglists
                0x0000051d       0x1f CM4/TouchGFX/build/STM32H747I_DISCO/CM4/Core/Src/stm32h7xx_hal_msp.o
 .debug_rnglists
                0x0000053c       0x20 CM4/TouchGFX/build/STM32H747I_DISCO/Common/Src/system_stm32h7xx_dualcore_boot_cm4_cm7.o
 .debug_rnglists
                0x0000055c       0x19 CM4/TouchGFX/build/STM32H747I_DISCO/STM32CubeIDE/CM4/Application/User/Startup/startup_stm32h747xihx.o

.debug_line     0x00000000     0x3faa
 .debug_line    0x00000000      0xae8 CM4/TouchGFX/build/STM32H747I_DISCO/Drivers/STM32H7xx_HAL_Driver/Src/stm32h7xx_hal.o
 .debug_line    0x00000ae8      0x818 CM4/TouchGFX/build/STM32H747I_DISCO/Drivers/STM32H7xx_HAL_Driver/Src/stm32h7xx_hal_cortex.o
 .debug_line    0x00001300      0x30f CM4/TouchGFX/build/STM32H747I_DISCO/Drivers/STM32H7xx_HAL_Driver/Src/stm32h7xx_hal_hsem.o
 .debug_line    0x0000160f      0xcee CM4/TouchGFX/build/STM32H747I_DISCO/Drivers/STM32H7xx_HAL_Driver/Src/stm32h7xx_hal_pwr_ex.o
 .debug_line    0x000022fd     0x1387 CM4/TouchGFX/build/STM32H747I_DISCO/Drivers/STM32H7xx_HAL_Driver/Src/stm32h7xx_hal_rcc.o
 .debug_line    0x00003684      0x26a CM4/TouchGFX/build/STM32H747I_DISCO/CM4/Core/Src/main.o
 .debug_line    0x000038ee      0x139 CM4/TouchGFX/build/STM32H747I_DISCO/CM4/Core/Src/stm32h7xx_it.o
 .debug_line    0x00003a27      0x160 CM4/TouchGFX/build/STM32H747I_DISCO/CM4/Core/Src/stm32h7xx_hal_msp.o
 .debug_line    0x00003b87      0x3a8 CM4/TouchGFX/build/STM32H747I_DISCO/Common/Src/system_stm32h7xx_dualcore_boot_cm4_cm7.o
 .debug_line    0x00003f2f       0x7b CM4/TouchGFX/build/STM32H747I_DISCO/STM32CubeIDE/CM4/Application/User/Startup/startup_stm32h747xihx.o

.debug_str      0x00000000     0x298f
 .debug_str     0x00000000     0x298f CM4/TouchGFX/build/STM32H747I_DISCO/Drivers/STM32H7xx_HAL_Driver/Src/stm32h7xx_hal.o
                               0x16e1 (size before relaxing)
 .debug_str     0x0000298f      0xff2 CM4/TouchGFX/build/STM32H747I_DISCO/Drivers/STM32H7xx_HAL_Driver/Src/stm32h7xx_hal_cortex.o
 .debug_str     0x0000298f      0x37c CM4/TouchGFX/build/STM32H747I_DISCO/Drivers/STM32H7xx_HAL_Driver/Src/stm32h7xx_hal_hsem.o
 .debug_str     0x0000298f      0xa49 CM4/TouchGFX/build/STM32H747I_DISCO/Drivers/STM32H7xx_HAL_Driver/Src/stm32h7xx_hal_pwr_ex.o
 .debug_str     0x0000298f      0xa22 CM4/TouchGFX/build/STM32H747I_DISCO/Drivers/STM32H7xx_HAL_Driver/Src/stm32h7xx_hal_rcc.o
 .debug_str     0x0000298f      0x550 CM4/TouchGFX/build/STM32H747I_DISCO/CM4/Core/Src/main.o
 .debug_str     0x0000298f      0x238 CM4/TouchGFX/build/STM32H747I_DISCO/CM4/Core/Src/stm32h7xx_it.o
 .debug_str     0x0000298f      0x3eb CM4/TouchGFX/build/STM32H747I_DISCO/CM4/Core/Src/stm32h7xx_hal_msp.o
 .debug_str     0x0000298f      0x542 CM4/TouchGFX/build/STM32H747I_DISCO/Common/Src/system_stm32h7xx_dualcore_boot_cm4_cm7.o
 .debug_str     0x0000298f       0x80 CM4/TouchGFX/build/STM32H747I_DISCO/STM32CubeIDE/CM4/Application/User/Startup/startup_stm32h747xihx.o

.comment        0x00000000       0x45
 .comment       0x00000000       0x45 CM4/TouchGFX/build/STM32H747I_DISCO/Drivers/STM32H7xx_HAL_Driver/Src/stm32h7xx_hal.o
                                 0x46 (size before relaxing)
 .comment       0x00000045       0x46 CM4/TouchGFX/build/STM32H747I_DISCO/Drivers/STM32H7xx_HAL_Driver/Src/stm32h7xx_hal_cortex.o
 .comment       0x00000045       0x46 CM4/TouchGFX/build/STM32H747I_DISCO/Drivers/STM32H7xx_HAL_Driver/Src/stm32h7xx_hal_hsem.o
 .comment       0x00000045       0x46 CM4/TouchGFX/build/STM32H747I_DISCO/Drivers/STM32H7xx_HAL_Driver/Src/stm32h7xx_hal_pwr_ex.o
 .comment       0x00000045       0x46 CM4/TouchGFX/build/STM32H747I_DISCO/Drivers/STM32H7xx_HAL_Driver/Src/stm32h7xx_hal_rcc.o
 .comment       0x00000045       0x46 CM4/TouchGFX/build/STM32H747I_DISCO/CM4/Core/Src/main.o
 .comment       0x00000045       0x46 CM4/TouchGFX/build/STM32H747I_DISCO/CM4/Core/Src/stm32h7xx_it.o
 .comment       0x00000045       0x46 CM4/TouchGFX/build/STM32H747I_DISCO/CM4/Core/Src/stm32h7xx_hal_msp.o
 .comment       0x00000045       0x46 CM4/TouchGFX/build/STM32H747I_DISCO/Common/Src/system_stm32h7xx_dualcore_boot_cm4_cm7.o

.debug_frame    0x00000000      0xe64
 .debug_frame   0x00000000      0x454 CM4/TouchGFX/build/STM32H747I_DISCO/Drivers/STM32H7xx_HAL_Driver/Src/stm32h7xx_hal.o
 .debug_frame   0x00000454      0x180 CM4/TouchGFX/build/STM32H747I_DISCO/Drivers/STM32H7xx_HAL_Driver/Src/stm32h7xx_hal_cortex.o
 .debug_frame   0x000005d4       0xc8 CM4/TouchGFX/build/STM32H747I_DISCO/Drivers/STM32H7xx_HAL_Driver/Src/stm32h7xx_hal_hsem.o
 .debug_frame   0x0000069c      0x344 CM4/TouchGFX/build/STM32H747I_DISCO/Drivers/STM32H7xx_HAL_Driver/Src/stm32h7xx_hal_pwr_ex.o
 .debug_frame   0x000009e0      0x178 CM4/TouchGFX/build/STM32H747I_DISCO/Drivers/STM32H7xx_HAL_Driver/Src/stm32h7xx_hal_rcc.o
 .debug_frame   0x00000b58       0x38 CM4/TouchGFX/build/STM32H747I_DISCO/CM4/Core/Src/main.o
 .debug_frame   0x00000b90       0xa0 CM4/TouchGFX/build/STM32H747I_DISCO/CM4/Core/Src/stm32h7xx_it.o
 .debug_frame   0x00000c30       0x28 CM4/TouchGFX/build/STM32H747I_DISCO/CM4/Core/Src/stm32h7xx_hal_msp.o
 .debug_frame   0x00000c58       0x4c CM4/TouchGFX/build/STM32H747I_DISCO/Common/Src/system_stm32h7xx_dualcore_boot_cm4_cm7.o
 .debug_frame   0x00000ca4       0x2c C:/TouchGFX/4.26.1/env/MinGW/msys/1.0/gnu-arm-gcc/bin/../lib/gcc/arm-none-eabi/13.3.1/thumb/v7e-m+fp/hard\libc.a(libc_a-init.o)
 .debug_frame   0x00000cd0       0xb0 C:/TouchGFX/4.26.1/env/MinGW/msys/1.0/gnu-arm-gcc/bin/../lib/gcc/arm-none-eabi/13.3.1/thumb/v7e-m+fp/hard\libc.a(libc_a-lock.o)
 .debug_frame   0x00000d80       0x5c C:/TouchGFX/4.26.1/env/MinGW/msys/1.0/gnu-arm-gcc/bin/../lib/gcc/arm-none-eabi/13.3.1/thumb/v7e-m+fp/hard\libc.a(libc_a-__call_atexit.o)
 .debug_frame   0x00000ddc       0x20 C:/TouchGFX/4.26.1/env/MinGW/msys/1.0/gnu-arm-gcc/bin/../lib/gcc/arm-none-eabi/13.3.1/thumb/v7e-m+fp/hard\libc.a(libc_a-atexit.o)
 .debug_frame   0x00000dfc       0x34 C:/TouchGFX/4.26.1/env/MinGW/msys/1.0/gnu-arm-gcc/bin/../lib/gcc/arm-none-eabi/13.3.1/thumb/v7e-m+fp/hard\libc.a(libc_a-fini.o)
 .debug_frame   0x00000e30       0x34 C:/TouchGFX/4.26.1/env/MinGW/msys/1.0/gnu-arm-gcc/bin/../lib/gcc/arm-none-eabi/13.3.1/thumb/v7e-m+fp/hard\libc.a(libc_a-__atexit.o)

.debug_line_str
                0x00000000       0x64
 .debug_line_str
                0x00000000       0x64 CM4/TouchGFX/build/STM32H747I_DISCO/STM32CubeIDE/CM4/Application/User/Startup/startup_stm32h747xihx.o
