###############################################################################
#
# IAR ELF Linker V9.70.2.500/W64 for ARM                  30/Mar/2026  10:28:17
# Copyright 2007-2025 IAR Systems AB.
#
#    Output file  =
#        C:\TouchGFXProjects\MyApplication\EWARM\STM32H747I-DISCO_CM7\Exe\STM32H747I-DISCO_CM7.out
#    Map file     =
#        C:\TouchGFXProjects\MyApplication\EWARM\STM32H747I-DISCO_CM7\List\STM32H747I-DISCO_CM7.map
#    Command line =
#        -f
#        C:\TouchGFXProjects\MyApplication\EWARM\STM32H747I-DISCO_CM7\Exe\STM32H747I-DISCO_CM7.out.rsp
#        (C:\TouchGFXProjects\MyApplication\EWARM\STM32H747I-DISCO_CM7\Obj\App_12009132908282961941.dir\app_touchgfx.o
#        C:\TouchGFXProjects\MyApplication\EWARM\STM32H747I-DISCO_CM7\Obj\GUI_11114253590660207011.dir\ApplicationFontProvider.o
#        C:\TouchGFXProjects\MyApplication\EWARM\STM32H747I-DISCO_CM7\Obj\audio_rec.o
#        C:\TouchGFXProjects\MyApplication\EWARM\STM32H747I-DISCO_CM7\Obj\GUI_11114253590660207011.dir\BitmapDatabase.o
#        C:\TouchGFXProjects\MyApplication\EWARM\STM32H747I-DISCO_CM7\Obj\ble_uart.o
#        C:\TouchGFXProjects\MyApplication\EWARM\STM32H747I-DISCO_CM7\Obj\GUI_11114253590660207011.dir\CachedFont.o
#        C:\TouchGFXProjects\MyApplication\EWARM\STM32H747I-DISCO_CM7\Obj\FreeRTOS_4809373609813369194.dir\cmsis_os2.o
#        C:\TouchGFXProjects\MyApplication\EWARM\STM32H747I-DISCO_CM7\Obj\GUI_11114253590660207011.dir\CompressedFontCache.o
#        C:\TouchGFXProjects\MyApplication\EWARM\STM32H747I-DISCO_CM7\Obj\GUI_11114253590660207011.dir\CompressedUnmappedFontCache.o
#        C:\TouchGFXProjects\MyApplication\EWARM\STM32H747I-DISCO_CM7\Obj\FreeRTOS_4809373609813369194.dir\croutine.o
#        C:\TouchGFXProjects\MyApplication\EWARM\STM32H747I-DISCO_CM7\Obj\FreeRTOS_4809373609813369194.dir\event_groups.o
#        C:\TouchGFXProjects\MyApplication\EWARM\STM32H747I-DISCO_CM7\Obj\fault_handler_asm.o
#        C:\TouchGFXProjects\MyApplication\EWARM\STM32H747I-DISCO_CM7\Obj\GUI_11114253590660207011.dir\Font_NotoSansHebrew_Regular_20_4bpp_0.o
#        C:\TouchGFXProjects\MyApplication\EWARM\STM32H747I-DISCO_CM7\Obj\GUI_11114253590660207011.dir\Font_NotoSansHebrew_Regular_80_4bpp_0.o
#        C:\TouchGFXProjects\MyApplication\EWARM\STM32H747I-DISCO_CM7\Obj\GUI_11114253590660207011.dir\Font_verdana_20_4bpp_0.o
#        C:\TouchGFXProjects\MyApplication\EWARM\STM32H747I-DISCO_CM7\Obj\GUI_11114253590660207011.dir\Font_verdana_80_4bpp_0.o
#        C:\TouchGFXProjects\MyApplication\EWARM\STM32H747I-DISCO_CM7\Obj\GUI_11114253590660207011.dir\FontCache.o
#        C:\TouchGFXProjects\MyApplication\EWARM\STM32H747I-DISCO_CM7\Obj\Core_17629195936475437497.dir\freertos.o
#        C:\TouchGFXProjects\MyApplication\EWARM\STM32H747I-DISCO_CM7\Obj\GUI_11114253590660207011.dir\FrontendApplication.o
#        C:\TouchGFXProjects\MyApplication\EWARM\STM32H747I-DISCO_CM7\Obj\GUI_11114253590660207011.dir\FrontendApplicationBase.o
#        C:\TouchGFXProjects\MyApplication\EWARM\STM32H747I-DISCO_CM7\Obj\Components_1361118596739929299.dir\ft6x06.o
#        C:\TouchGFXProjects\MyApplication\EWARM\STM32H747I-DISCO_CM7\Obj\Components_1361118596739929299.dir\ft6x06_reg.o
#        C:\TouchGFXProjects\MyApplication\EWARM\STM32H747I-DISCO_CM7\Obj\GUI_11114253590660207011.dir\GeneratedFont.o
#        C:\TouchGFXProjects\MyApplication\EWARM\STM32H747I-DISCO_CM7\Obj\generated_3720473955569235793.dir\HardwareMJPEGDecoder.o
#        C:\TouchGFXProjects\MyApplication\EWARM\STM32H747I-DISCO_CM7\Obj\FreeRTOS_4809373609813369194.dir\heap_4.o
#        C:\TouchGFXProjects\MyApplication\EWARM\STM32H747I-DISCO_CM7\Obj\Components_1361118596739929299.dir\is42s32800j.o
#        C:\TouchGFXProjects\MyApplication\EWARM\STM32H747I-DISCO_CM7\Obj\Core_17629195936475437497.dir\jpeg_decoder.o
#        C:\TouchGFXProjects\MyApplication\EWARM\STM32H747I-DISCO_CM7\Obj\Utilities_17002154029713865955.dir\jpeg_utils.o
#        C:\TouchGFXProjects\MyApplication\EWARM\STM32H747I-DISCO_CM7\Obj\GUI_11114253590660207011.dir\Kerning_NotoSansHebrew_Regular_20_4bpp.o
#        C:\TouchGFXProjects\MyApplication\EWARM\STM32H747I-DISCO_CM7\Obj\GUI_11114253590660207011.dir\Kerning_NotoSansHebrew_Regular_80_4bpp.o
#        C:\TouchGFXProjects\MyApplication\EWARM\STM32H747I-DISCO_CM7\Obj\GUI_11114253590660207011.dir\Kerning_verdana_20_4bpp.o
#        C:\TouchGFXProjects\MyApplication\EWARM\STM32H747I-DISCO_CM7\Obj\GUI_11114253590660207011.dir\Kerning_verdana_80_4bpp.o
#        C:\TouchGFXProjects\MyApplication\EWARM\STM32H747I-DISCO_CM7\Obj\GUI_11114253590660207011.dir\LanguageGb.o
#        C:\TouchGFXProjects\MyApplication\EWARM\STM32H747I-DISCO_CM7\Obj\LIBJPEG_2473779607728972362.dir\libjpeg.o
#        C:\TouchGFXProjects\MyApplication\EWARM\STM32H747I-DISCO_CM7\Obj\FreeRTOS_4809373609813369194.dir\list.o
#        C:\TouchGFXProjects\MyApplication\EWARM\STM32H747I-DISCO_CM7\Obj\Core_17629195936475437497.dir\main.o
#        C:\TouchGFXProjects\MyApplication\EWARM\STM32H747I-DISCO_CM7\Obj\GUI_11114253590660207011.dir\Model.o
#        C:\TouchGFXProjects\MyApplication\EWARM\STM32H747I-DISCO_CM7\Obj\Components_1361118596739929299.dir\mt25tl01g.o
#        C:\TouchGFXProjects\MyApplication\EWARM\STM32H747I-DISCO_CM7\Obj\Core_17629195936475437497.dir\music_display_task.o
#        C:\TouchGFXProjects\MyApplication\EWARM\STM32H747I-DISCO_CM7\Obj\GUI_11114253590660207011.dir\MusicScreenPresenter.o
#        C:\TouchGFXProjects\MyApplication\EWARM\STM32H747I-DISCO_CM7\Obj\GUI_11114253590660207011.dir\MusicScreenView.o
#        C:\TouchGFXProjects\MyApplication\EWARM\STM32H747I-DISCO_CM7\Obj\GUI_11114253590660207011.dir\MusicScreenViewBase.o
#        C:\TouchGFXProjects\MyApplication\EWARM\STM32H747I-DISCO_CM7\Obj\generated_3720473955569235793.dir\OSWrappers.o
#        C:\TouchGFXProjects\MyApplication\EWARM\STM32H747I-DISCO_CM7\Obj\Components_1361118596739929299.dir\otm8009a.o
#        C:\TouchGFXProjects\MyApplication\EWARM\STM32H747I-DISCO_CM7\Obj\Components_1361118596739929299.dir\otm8009a_reg.o
#        C:\TouchGFXProjects\MyApplication\EWARM\STM32H747I-DISCO_CM7\Obj\FreeRTOS_4809373609813369194.dir\port.o
#        C:\TouchGFXProjects\MyApplication\EWARM\STM32H747I-DISCO_CM7\Obj\FreeRTOS_4809373609813369194.dir\portasm.o
#        C:\TouchGFXProjects\MyApplication\EWARM\STM32H747I-DISCO_CM7\Obj\FreeRTOS_4809373609813369194.dir\queue.o
#        C:\TouchGFXProjects\MyApplication\EWARM\STM32H747I-DISCO_CM7\Obj\Inc_3232243142591220931.dir\rtos_trace.o
#        C:\TouchGFXProjects\MyApplication\EWARM\STM32H747I-DISCO_CM7\Obj\GUI_11114253590660207011.dir\Screen1Presenter.o
#        C:\TouchGFXProjects\MyApplication\EWARM\STM32H747I-DISCO_CM7\Obj\GUI_11114253590660207011.dir\Screen1View.o
#        C:\TouchGFXProjects\MyApplication\EWARM\STM32H747I-DISCO_CM7\Obj\GUI_11114253590660207011.dir\Screen1ViewBase.o
#        C:\TouchGFXProjects\MyApplication\EWARM\STM32H747I-DISCO_CM7\Obj\Core_17629195936475437497.dir\SEGGER_RTT.o
#        C:\TouchGFXProjects\MyApplication\EWARM\STM32H747I-DISCO_CM7\Obj\EWARM_18443280873093131863.dir\startup_stm32h747xx_CM7.o
#        C:\TouchGFXProjects\MyApplication\EWARM\STM32H747I-DISCO_CM7\Obj\generated_3720473955569235793.dir\STM32DMA.o
#        C:\TouchGFXProjects\MyApplication\EWARM\STM32H747I-DISCO_CM7\Obj\STM32H747I-Discovery_18006801983464326124.dir\stm32h747i_discovery_bus.o
#        C:\TouchGFXProjects\MyApplication\EWARM\STM32H747I-DISCO_CM7\Obj\STM32H747I-Discovery_18006801983464326124.dir\stm32h747i_discovery_qspi.o
#        C:\TouchGFXProjects\MyApplication\EWARM\STM32H747I-DISCO_CM7\Obj\STM32H747I-Discovery_18006801983464326124.dir\stm32h747i_discovery_sdram.o
#        C:\TouchGFXProjects\MyApplication\EWARM\STM32H747I-DISCO_CM7\Obj\STM32H747I-Discovery_18006801983464326124.dir\stm32h747i_discovery_ts.o
#        C:\TouchGFXProjects\MyApplication\EWARM\STM32H747I-DISCO_CM7\Obj\target_17943580272600211689.dir\STM32H7Instrumentation.o
#        C:\TouchGFXProjects\MyApplication\EWARM\STM32H747I-DISCO_CM7\Obj\STM32H7xx_HAL_Driver_12323373487323971647.dir\stm32h7xx_hal.o
#        C:\TouchGFXProjects\MyApplication\EWARM\STM32H747I-DISCO_CM7\Obj\STM32H7xx_HAL_Driver_12323373487323971647.dir\stm32h7xx_hal_cortex.o
#        C:\TouchGFXProjects\MyApplication\EWARM\STM32H747I-DISCO_CM7\Obj\STM32H7xx_HAL_Driver_12323373487323971647.dir\stm32h7xx_hal_crc.o
#        C:\TouchGFXProjects\MyApplication\EWARM\STM32H747I-DISCO_CM7\Obj\STM32H7xx_HAL_Driver_12323373487323971647.dir\stm32h7xx_hal_crc_ex.o
#        C:\TouchGFXProjects\MyApplication\EWARM\STM32H747I-DISCO_CM7\Obj\STM32H7xx_HAL_Driver_12323373487323971647.dir\stm32h7xx_hal_dfsdm.o
#        C:\TouchGFXProjects\MyApplication\EWARM\STM32H747I-DISCO_CM7\Obj\STM32H7xx_HAL_Driver_12323373487323971647.dir\stm32h7xx_hal_dma.o
#        C:\TouchGFXProjects\MyApplication\EWARM\STM32H747I-DISCO_CM7\Obj\STM32H7xx_HAL_Driver_12323373487323971647.dir\stm32h7xx_hal_dma2d.o
#        C:\TouchGFXProjects\MyApplication\EWARM\STM32H747I-DISCO_CM7\Obj\STM32H7xx_HAL_Driver_12323373487323971647.dir\stm32h7xx_hal_dma_ex.o
#        C:\TouchGFXProjects\MyApplication\EWARM\STM32H747I-DISCO_CM7\Obj\STM32H7xx_HAL_Driver_12323373487323971647.dir\stm32h7xx_hal_dsi.o
#        C:\TouchGFXProjects\MyApplication\EWARM\STM32H747I-DISCO_CM7\Obj\STM32H7xx_HAL_Driver_12323373487323971647.dir\stm32h7xx_hal_exti.o
#        C:\TouchGFXProjects\MyApplication\EWARM\STM32H747I-DISCO_CM7\Obj\STM32H7xx_HAL_Driver_12323373487323971647.dir\stm32h7xx_hal_flash.o
#        C:\TouchGFXProjects\MyApplication\EWARM\STM32H747I-DISCO_CM7\Obj\STM32H7xx_HAL_Driver_12323373487323971647.dir\stm32h7xx_hal_flash_ex.o
#        C:\TouchGFXProjects\MyApplication\EWARM\STM32H747I-DISCO_CM7\Obj\STM32H7xx_HAL_Driver_12323373487323971647.dir\stm32h7xx_hal_gpio.o
#        C:\TouchGFXProjects\MyApplication\EWARM\STM32H747I-DISCO_CM7\Obj\STM32H7xx_HAL_Driver_12323373487323971647.dir\stm32h7xx_hal_hsem.o
#        C:\TouchGFXProjects\MyApplication\EWARM\STM32H747I-DISCO_CM7\Obj\STM32H7xx_HAL_Driver_12323373487323971647.dir\stm32h7xx_hal_i2c.o
#        C:\TouchGFXProjects\MyApplication\EWARM\STM32H747I-DISCO_CM7\Obj\STM32H7xx_HAL_Driver_12323373487323971647.dir\stm32h7xx_hal_i2c_ex.o
#        C:\TouchGFXProjects\MyApplication\EWARM\STM32H747I-DISCO_CM7\Obj\STM32H7xx_HAL_Driver_12323373487323971647.dir\stm32h7xx_hal_jpeg.o
#        C:\TouchGFXProjects\MyApplication\EWARM\STM32H747I-DISCO_CM7\Obj\STM32H7xx_HAL_Driver_12323373487323971647.dir\stm32h7xx_hal_ltdc.o
#        C:\TouchGFXProjects\MyApplication\EWARM\STM32H747I-DISCO_CM7\Obj\STM32H7xx_HAL_Driver_12323373487323971647.dir\stm32h7xx_hal_ltdc_ex.o
#        C:\TouchGFXProjects\MyApplication\EWARM\STM32H747I-DISCO_CM7\Obj\STM32H7xx_HAL_Driver_12323373487323971647.dir\stm32h7xx_hal_mdma.o
#        C:\TouchGFXProjects\MyApplication\EWARM\STM32H747I-DISCO_CM7\Obj\Core_17629195936475437497.dir\stm32h7xx_hal_msp.o
#        C:\TouchGFXProjects\MyApplication\EWARM\STM32H747I-DISCO_CM7\Obj\STM32H7xx_HAL_Driver_12323373487323971647.dir\stm32h7xx_hal_nand.o
#        C:\TouchGFXProjects\MyApplication\EWARM\STM32H747I-DISCO_CM7\Obj\STM32H7xx_HAL_Driver_12323373487323971647.dir\stm32h7xx_hal_nor.o
#        C:\TouchGFXProjects\MyApplication\EWARM\STM32H747I-DISCO_CM7\Obj\STM32H7xx_HAL_Driver_12323373487323971647.dir\stm32h7xx_hal_pwr.o
#        C:\TouchGFXProjects\MyApplication\EWARM\STM32H747I-DISCO_CM7\Obj\STM32H7xx_HAL_Driver_12323373487323971647.dir\stm32h7xx_hal_pwr_ex.o
#        C:\TouchGFXProjects\MyApplication\EWARM\STM32H747I-DISCO_CM7\Obj\STM32H7xx_HAL_Driver_12323373487323971647.dir\stm32h7xx_hal_qspi.o
#        C:\TouchGFXProjects\MyApplication\EWARM\STM32H747I-DISCO_CM7\Obj\STM32H7xx_HAL_Driver_12323373487323971647.dir\stm32h7xx_hal_rcc.o
#        C:\TouchGFXProjects\MyApplication\EWARM\STM32H747I-DISCO_CM7\Obj\STM32H7xx_HAL_Driver_12323373487323971647.dir\stm32h7xx_hal_rcc_ex.o
#        C:\TouchGFXProjects\MyApplication\EWARM\STM32H747I-DISCO_CM7\Obj\STM32H7xx_HAL_Driver_12323373487323971647.dir\stm32h7xx_hal_sdram.o
#        C:\TouchGFXProjects\MyApplication\EWARM\STM32H747I-DISCO_CM7\Obj\STM32H7xx_HAL_Driver_12323373487323971647.dir\stm32h7xx_hal_sram.o
#        C:\TouchGFXProjects\MyApplication\EWARM\STM32H747I-DISCO_CM7\Obj\STM32H7xx_HAL_Driver_12323373487323971647.dir\stm32h7xx_hal_tim.o
#        C:\TouchGFXProjects\MyApplication\EWARM\STM32H747I-DISCO_CM7\Obj\STM32H7xx_HAL_Driver_12323373487323971647.dir\stm32h7xx_hal_tim_ex.o
#        C:\TouchGFXProjects\MyApplication\EWARM\STM32H747I-DISCO_CM7\Obj\Core_17629195936475437497.dir\stm32h7xx_hal_timebase_tim.o
#        C:\TouchGFXProjects\MyApplication\EWARM\STM32H747I-DISCO_CM7\Obj\STM32H7xx_HAL_Driver_12323373487323971647.dir\stm32h7xx_hal_uart.o
#        C:\TouchGFXProjects\MyApplication\EWARM\STM32H747I-DISCO_CM7\Obj\STM32H7xx_HAL_Driver_12323373487323971647.dir\stm32h7xx_hal_uart_ex.o
#        C:\TouchGFXProjects\MyApplication\EWARM\STM32H747I-DISCO_CM7\Obj\Core_17629195936475437497.dir\stm32h7xx_it.o
#        C:\TouchGFXProjects\MyApplication\EWARM\STM32H747I-DISCO_CM7\Obj\STM32H7xx_HAL_Driver_12323373487323971647.dir\stm32h7xx_ll_delayblock.o
#        C:\TouchGFXProjects\MyApplication\EWARM\STM32H747I-DISCO_CM7\Obj\STM32H7xx_HAL_Driver_12323373487323971647.dir\stm32h7xx_ll_fmc.o
#        C:\TouchGFXProjects\MyApplication\EWARM\STM32H747I-DISCO_CM7\Obj\target_17943580272600211689.dir\STM32TouchController.o
#        C:\TouchGFXProjects\MyApplication\EWARM\STM32H747I-DISCO_CM7\Obj\FreeRTOS_4809373609813369194.dir\stream_buffer.o
#        C:\TouchGFXProjects\MyApplication\EWARM\STM32H747I-DISCO_CM7\Obj\GUI_11114253590660207011.dir\SVGDatabase.o
#        C:\TouchGFXProjects\MyApplication\EWARM\STM32H747I-DISCO_CM7\Obj\CMSIS_6603591812247902717.dir\system_stm32h7xx_dualcore_boot_cm4_cm7.o
#        C:\TouchGFXProjects\MyApplication\EWARM\STM32H747I-DISCO_CM7\Obj\GUI_11114253590660207011.dir\Table_NotoSansHebrew_Regular_20_4bpp.o
#        C:\TouchGFXProjects\MyApplication\EWARM\STM32H747I-DISCO_CM7\Obj\GUI_11114253590660207011.dir\Table_NotoSansHebrew_Regular_80_4bpp.o
#        C:\TouchGFXProjects\MyApplication\EWARM\STM32H747I-DISCO_CM7\Obj\GUI_11114253590660207011.dir\Table_verdana_20_4bpp.o
#        C:\TouchGFXProjects\MyApplication\EWARM\STM32H747I-DISCO_CM7\Obj\GUI_11114253590660207011.dir\Table_verdana_80_4bpp.o
#        C:\TouchGFXProjects\MyApplication\EWARM\STM32H747I-DISCO_CM7\Obj\FreeRTOS_4809373609813369194.dir\tasks.o
#        C:\TouchGFXProjects\MyApplication\EWARM\STM32H747I-DISCO_CM7\Obj\GUI_11114253590660207011.dir\Texts.o
#        C:\TouchGFXProjects\MyApplication\EWARM\STM32H747I-DISCO_CM7\Obj\FreeRTOS_4809373609813369194.dir\timers.o
#        C:\TouchGFXProjects\MyApplication\EWARM\STM32H747I-DISCO_CM7\Obj\generated_3720473955569235793.dir\TouchGFXConfiguration.o
#        C:\TouchGFXProjects\MyApplication\EWARM\STM32H747I-DISCO_CM7\Obj\generated_3720473955569235793.dir\TouchGFXGeneratedHAL.o
#        C:\TouchGFXProjects\MyApplication\EWARM\STM32H747I-DISCO_CM7\Obj\target_17943580272600211689.dir\TouchGFXGPIO.o
#        C:\TouchGFXProjects\MyApplication\EWARM\STM32H747I-DISCO_CM7\Obj\target_17943580272600211689.dir\TouchGFXHAL.o
#        C:\TouchGFXProjects\MyApplication\EWARM\STM32H747I-DISCO_CM7\Obj\GUI_11114253590660207011.dir\TypedTextDatabase.o
#        C:\TouchGFXProjects\MyApplication\EWARM\STM32H747I-DISCO_CM7\Obj\GUI_11114253590660207011.dir\VectorFontRendererImpl.o
#        --no_out_extension -o
#        C:\TouchGFXProjects\MyApplication\EWARM\STM32H747I-DISCO_CM7\Exe\STM32H747I-DISCO_CM7.out
#        --redirect _Printf=_PrintfFullNoMb --redirect _Scanf=_ScanfFullNoMb
#        --map
#        C:\TouchGFXProjects\MyApplication\EWARM\STM32H747I-DISCO_CM7\List\STM32H747I-DISCO_CM7.map
#        --config
#        C:\TouchGFXProjects\MyApplication\EWARM/stm32h747xx_flash_CM7.icf
#        --semihosting
#        C:\TouchGFXProjects\MyApplication\CM7\Middlewares\ST\touchgfx\lib\core\cortex_m7\IAR9.x\touchgfx_core.a
#        --entry __iar_program_start --redirect
#        __iar_sh_stdout=__iar_sh_stdout_swo --vfe --text_out locale
#        --cpu=Cortex-M7 --fpu=VFPv5_d16) --diagnostics_format=sarif_stdout
#        --dependencies=n
#        C:\TouchGFXProjects\MyApplication\EWARM\STM32H747I-DISCO_CM7\Exe\STM32H747I-DISCO_CM7.out.iar_deps
#        --dynamic_output
#        C:\TouchGFXProjects\MyApplication\EWARM\STM32H747I-DISCO_CM7\Exe\STM32H747I-DISCO_CM7.out.iar_dynout
#
###############################################################################

*******************************************************************************
*** RUNTIME MODEL ATTRIBUTES
***

CppFlavor                     = *
__CPP_Exceptions              = Disabled
__CPP_Language                = C++14
__CPP_Library                 = DLib
__CPP_Runtime                 = 1
__Heap_Handler                = Basic
__SystemLibrary               = DLib
__dlib_dynamic_initialization = normal
__dlib_version                = 6


*******************************************************************************
*** HEAP SELECTION
***

The basic heap was selected because --advanced_heap
was not specified and the application did not appear to
be primarily optimized for speed.


*******************************************************************************
*** PLACEMENT SUMMARY
***

"A0":  place at address 0x800'0000 {  ro section .intvec };
"P1":  place in [from 0x800'0000 to 0x80f'ffff] {
           ro,  section IntFlashSection,  section FontFlashSection,
           section TextFlashSection };
define block CSTACK with size = 4K, alignment = 8 { };
define block HEAP with size = 4K, alignment = 8 { };
"P2":  place in [from 0x2400'0000 to 0x2407'ffff] {
           rw,  block CSTACK,  block HEAP };
"P4":  place in [from 0xd000'0000 to 0xd1ff'ffff] {
          first section TouchGFX_Framebuffer,  section Video_RGB_Buffer,
           section .sdram_bss };
do not initialize {
    section .noinit,  section Video_RGB_Buffer,  section TouchGFX_Framebuffer,
    section .sdram_bss };
initialize by copy {  rw };

No sections matched the following patterns:

  section .cm4_code        in "A1"
  section ExtFlashSection  in "P3"
  section IntFlashSection  in "P1"


  Section                 Kind         Address  Alignment       Size  Object
  -------                 ----         -------  ---------       ----  ------
"A0":                                                          0x298
  .intvec                 ro code   0x800'0000          4      0x298  startup_stm32h747xx_CM7.o [6]
                                  - 0x800'0298                 0x298

"P1":                                                       0x4'43ec
  FontFlashSection        const     0x800'0298          4   0x1'873c  Font_verdana_80_4bpp_0.o [8]
  FontFlashSection        const     0x801'89d4          4     0x6b6c  Font_NotoSansHebrew_Regular_80_4bpp_0.o [8]
  .text                   ro code   0x801'f540          4     0x17f4  stm32h7xx_hal_dma.o [12]
  .text                   ro code   0x802'0d34          4        0xc  stm32h7xx_hal.o [12]
  .text                   ro code   0x802'0d40          4     0x1658  TextProvider.o [22]
  .text                   ro code   0x802'2398          4       0x66  ABImemset.o [20]
  .text                   ro code   0x802'23fe          2       0x7e  lz77_init_single.o [20]
  .text                   ro code   0x802'247c          4      0x190  Texts.o [8]
  .text                   ro code   0x802'260c          4       0x24  ABIassert.o [21]
  .text                   ro code   0x802'2630          4       0xa6  ABImemcpy.o [20]
  .text                   ro code   0x802'26d6          2       0x62  Font.o [22]
  .text                   ro code   0x802'2738          4     0x1120  LCD.o [22]
  .text                   ro code   0x802'3858          4       0x30  TypedTextDatabase.o [8]
  .text                   ro code   0x802'3888          2        0x6  abort.o [16]
  .text                   ro code   0x802'388e          2       0x8a  TextArea.o [22]
  .text                   ro code   0x802'3918          2       0x12  LCD.o [22]
  .text                   ro code   0x802'392a          2       0x2a  TouchGFXGeneratedHAL.o [14]
  .text                   ro code   0x802'3954          4       0x5c  Table_verdana_20_4bpp.o [8]
  .text                   ro code   0x802'39b0          4       0x5c  Table_verdana_80_4bpp.o [8]
  .text                   ro code   0x802'3a0c          4       0x58  Table_NotoSansHebrew_Regular_20_4bpp.o [8]
  .text                   ro code   0x802'3a64          4       0x5c  Table_NotoSansHebrew_Regular_80_4bpp.o [8]
  .text                   ro code   0x802'3ac0          4       0x14  exit.o [21]
  .text                   ro code   0x802'3ad4          4       0xc0  GeneratedFont.o [8]
  .text                   ro code   0x802'3b94          2      0x17a  ConstFont.o [22]
  .text                   ro code   0x802'3d0e          2       0x22  MusicScreenViewBase.o [8]
  .text                   ro code   0x802'3d30          4     0x1404  Application.o [22]
  .text                   ro code   0x802'5134          4       0x1c  Application.o [22]
  .text                   ro code   0x802'5150          2        0xc  MusicScreenViewBase.o [8]
  .text                   ro code   0x802'515c          4       0xe4  stm32_crc_lock.o [22]
  .text                   ro code   0x802'5240          4      0x54e  Screen.o [22]
  .text                   ro code   0x802'578e          2       0x4a  Application.o [22]
  .text                   ro code   0x802'57d8          2       0x18  Application.o [22]
  .text                   ro code   0x802'57f0          2       0x8e  Application.o [22]
  .text                   ro code   0x802'587e          2       0x22  MusicScreenViewBase.o [8]
  .text                   ro code   0x802'58a0          4       0x4c  Application.o [22]
  .text                   ro code   0x802'58ec          2       0x52  Application.o [22]
  .text                   ro code   0x802'593e          2       0x44  Application.o [22]
  .text                   ro code   0x802'5982          2       0x1e  CachedFont.o [8]
  .text                   ro code   0x802'59a0          4       0x4c  Application.o [22]
  .text                   ro code   0x802'59ec          4       0xe0  DisplayTransformation.o [22]
  .text                   ro code   0x802'5acc          2       0x88  HAL.o [22]
  .text                   ro code   0x802'5b54          4      0x144  TouchGFXGPIO.o [15]
  .text                   ro code   0x802'5c98          4        0x6  ABImemclr4.o [20]
  .text                   ro code   0x802'5c9e          2       0x32  cxxabi.o [18]
  .text                   ro code   0x802'5cd0          4       0x38  Screen.o [22]
  .text                   ro code   0x802'5d08          4      0x124  Drawable.o [22]
  .text                   ro code   0x802'5e2c          4      0x3d2  Container.o [22]
  .text                   ro code   0x802'61fe          2       0x10  MusicScreenViewBase.o [8]
  .text                   ro code   0x802'620e          2       0x42  Screen.o [22]
  .text                   ro code   0x802'6250          2       0x28  Screen.o [22]
  .text                   ro code   0x802'6278          2       0x28  Screen.o [22]
  .text                   ro code   0x802'62a0          4       0x1c  Screen.o [22]
  .text                   ro code   0x802'62bc          4       0x20  Screen.o [22]
  .text                   ro code   0x802'62dc          4       0x1c  Screen.o [22]
  .text                   ro code   0x802'62f8          4      0x368  stm32h7xx_hal_gpio.o [12]
  .text                   ro code   0x802'6660          4       0x3a  ABImemset48.o [20]
  .text                   ro code   0x802'669a          2       0x1a  FrontendApplicationBase.o [8]
  .text                   ro code   0x802'66b4          4       0xa0  cppinit.o [16]
  .text                   ro code   0x802'6754          2       0x30  Container.o [22]
  .text                   ro code   0x802'6784          4       0x48  audio_rec.o [1]
  .text                   ro code   0x802'67cc          4      0xa4c  queue.o [7]
  .text                   ro code   0x802'7218          4      0x1e8  port.o [7]
  .text                   ro code   0x802'7400          2       0x80  list.o [7]
  .text                   ro code   0x802'7480          4      0x1bc  heap_4.o [7]
  .text                   ro code   0x802'763c          4      0xd28  tasks.o [7]
  .text                   ro code   0x802'8364          4      0x36c  rtos_trace.o [9]
  .text                   ro code   0x802'86d0          4       0x2c  port.o [7]
  CODE                    ro code   0x802'86fc          4       0xb0  portasm.o [7]
  .text                   ro code   0x802'87ac          4        0x6  ABImemclr.o [20]
  .text                   ro code   0x802'87b2          2       0x1a  xsnprout.o [16]
  .text                   ro code   0x802'87cc          4       0x14  cmsis_os2.o [7]
  .text                   ro code   0x802'87e0          4      0x2f0  timers.o [7]
  .text                   ro code   0x802'8ad0          4        0xc  freertos.o [5]
  .text                   ro code   0x802'8adc          4       0xe2  SEGGER_RTT.o [5]
  .text                   ro code   0x802'8bbe          2       0x12  MusicScreenViewBase.o [8]
  .text                   ro code   0x802'8bd0          4       0x44  snprintf.o [16]
  .text                   ro code   0x802'8c14          4       0x18  cmsis_os2.o [7]
  .text                   ro code   0x802'8c2c          4      0xece  xprintffull_nomb.o [16]
  .text                   ro code   0x802'9afa          2       0x12  MusicScreenViewBase.o [8]
  .text                   ro code   0x802'9b0c          4       0x16  strchr.o [20]
  .text                   ro code   0x802'9b22          2       0x12  TouchGFXGeneratedHAL.o [14]
  .text                   ro code   0x802'9b34          4       0x40  xfail_s.o [16]
  .text                   ro code   0x802'9b74          4       0x14  strlen_small.o [20]
  .text                   ro code   0x802'9b88          4       0x58  memchr.o [20]
  .text                   ro code   0x802'9be0          4       0x70  frexp.o [19]
  .text                   ro code   0x802'9c50          4       0x34  DblCmpLe.o [19]
  .text                   ro code   0x802'9c84          4       0x34  DblCmpGe.o [19]
  .text                   ro code   0x802'9cb8          4      0x104  ldexp.o [19]
  .text                   ro code   0x802'9dbc          2        0xe  DblToS32.o [19]
  .text                   ro code   0x802'9dca          2        0xe  S32ToDbl.o [19]
  .text                   ro code   0x802'9dd8          2       0x12  DblSub.o [19]
  .text                   ro code   0x802'9dea          2       0x12  DblDiv.o [19]
  .text                   ro code   0x802'9dfc          2        0xe  DblToU32.o [19]
  .text                   ro code   0x802'9e0a          2        0xe  U32ToDbl.o [19]
  .text                   ro code   0x802'9e18          2       0x12  DblMul.o [19]
  .text                   ro code   0x802'9e2a          2        0xa  TouchGFXConfiguration.o [14]
  .text                   ro code   0x802'9e34          4       0x3c  xlocale_c.o [16]
  .text                   ro code   0x802'9e70          4      0x106  I64DivMod_small.o [20]
  .text                   ro code   0x802'9f76          2        0xa  TouchGFXGeneratedHAL.o [14]
  .text                   ro code   0x802'9f80          4        0x2  I64DivZer.o [20]
  .text                   ro code   0x802'9f82          2        0x6  CachedFont.o [8]
  .text                   ro code   0x802'9f88          4     0x1298  CWRVectorRenderer.o [22]
  .text                   ro code   0x802'b220          4      0x194  Matrix3x3.o [22]
  .text                   ro code   0x802'b3b4          4      0x918  Canvas.o [22]
  .text                   ro code   0x802'bccc          2       0x3e  CWRVectorRenderer.o [22]
  .text                   ro code   0x802'bd0a          2       0x3e  CWRVectorRenderer.o [22]
  .text                   ro code   0x802'bd48          4      0xe18  Outline.o [22]
  .text                   ro code   0x802'cb60          4       0x5c  CWRVectorRenderer.o [22]
  .text                   ro code   0x802'cbbc          4       0x1e  sqrtf.o [19]
  .text                   ro code   0x802'cbda          2       0x2e  CWRVectorRenderer.o [22]
  .text                   ro code   0x802'cc08          2       0x2e  CWRVectorRenderer.o [22]
  .text                   ro code   0x802'cc36          2        0x6  FrontendApplicationBase.o [8]
  .text                   ro code   0x802'cc3c          4      0x1d4  cos_sin32.o [19]
  .text                   ro code   0x802'ce10          2       0x1a  Canvas.o [22]
  .text                   ro code   0x802'ce2a          2        0x6  STM32DMA.o [14]
  .text                   ro code   0x802'ce30          4       0x98  CanvasWidgetRenderer.o [22]
  .text                   ro code   0x802'cec8          2       0x14  Canvas.o [22]
  .text                   ro code   0x802'cedc          4      0xa12  HAL.o [22]
  .text                   ro code   0x802'd8ee          2      0x192  Canvas.o [22]
  .text                   ro code   0x802'da80          4       0x6a  atan2f.o [19]
  .text                   ro code   0x802'daea          2       0x20  Canvas.o [22]
  .text                   ro code   0x802'db0a          2        0x6  STM32DMA.o [14]
  .text                   ro code   0x802'db10          4       0xa0  OSWrappers.o [14]
  .text                   ro code   0x802'dbb0          4      0x164  Gestures.o [22]
  .text                   ro code   0x802'dd14          4      0x222  DMA.o [22]
  .text                   ro code   0x802'df36          2        0x6  TouchGFXConfiguration.o [14]
  .text                   ro code   0x802'df3c          4       0x24  HAL.o [22]
  .text                   ro code   0x802'df60          4      0x20c  TouchCalibration.o [22]
  .text                   ro code   0x802'e16c          2       0x26  Canvas.o [22]
  .text                   ro code   0x802'e192          2        0x6  TouchGFXGeneratedHAL.o [14]
  .text                   ro code   0x802'e198          4       0xa4  xatanf.o [19]
  .text                   ro code   0x802'e23c          4      0x4c2  cmsis_os2.o [7]
  .text                   ro code   0x802'e6fe          2        0xc  memcpy.o [20]
  .rodata                 const     0x802'e70a          2        0x2  xlocale_c.o [16]
  .text                   ro code   0x802'e70c          4     0x106a  stm32h7xx_hal_jpeg.o [12]
  .rodata                 const     0x802'f776          2        0x2  xlocale_c.o [16]
  .text                   ro code   0x802'f778          4      0x5c8  stm32h7xx_hal_msp.o [5]
  .text                   ro code   0x802'fd40          4      0x466  stm32h7xx_hal_mdma.o [12]
  .text                   ro code   0x803'01a6          2        0x2  FrontendApplicationBase.o [8]
  .text                   ro code   0x803'01a8          4      0x4d8  HardwareMJPEGDecoder.o [14]
  .text                   ro code   0x803'0680          2        0x2  stm32h7xx_hal_jpeg.o [12]
  .text                   ro code   0x803'0682          2        0x2  FrontendApplicationBase.o [8]
  .text                   ro code   0x803'0684          4      0x130  stm32h7xx_hal_cortex.o [12]
  .text                   ro code   0x803'07b4          4      0xbe4  stm32h7xx_hal_rcc_ex.o [12]
  .text                   ro code   0x803'1398          4      0xe28  main.o [5]
  .text                   ro code   0x803'21c0          2       0x24  HardwareMJPEGDecoder.o [14]
  .text                   ro code   0x803'21e4          2       0x2c  HardwareMJPEGDecoder.o [14]
  .text                   ro code   0x803'2210          4      0x47c  stm32h7xx_hal_rcc.o [12]
  .text                   ro code   0x803'268c          4       0x68  stm32h7xx_hal.o [12]
  .text                   ro code   0x803'26f4          4       0x2c  stm32h7xx_hal_hsem.o [12]
  .text                   ro code   0x803'2720          4       0xdc  stm32h7xx_hal_sdram.o [12]
  .text                   ro code   0x803'27fc          4      0x208  stm32h747i_discovery_sdram.o [11]
  .text                   ro code   0x803'2a04          4      0x522  stm32h7xx_hal_qspi.o [12]
  .text                   ro code   0x803'2f26          2        0x2  FrontendApplicationBase.o [8]
  .text                   ro code   0x803'2f28          4      0x3b0  stm32h747i_discovery_qspi.o [11]
  .text                   ro code   0x803'32d8          4      0x198  stm32h7xx_hal_dma2d.o [12]
  .text                   ro code   0x803'3470          4       0x28  stm32h7xx_hal.o [12]
  .text                   ro code   0x803'3498          4      0x920  stm32h7xx_hal_dsi.o [12]
  .text                   ro code   0x803'3db8          4      0x358  stm32h7xx_hal_ltdc.o [12]
  .text                   ro code   0x803'4110          4      0x6c0  otm8009a.o [4]
  .text                   ro code   0x803'47d0          4       0x78  stm32h7xx_hal_crc.o [12]
  .text                   ro code   0x803'4848          2        0x2  libjpeg.o [10]
  .text                   ro code   0x803'484a          2       0x14  app_touchgfx.o [2]
  .text                   ro code   0x803'485e          2        0x2  FrontendApplicationBase.o [8]
  .text                   ro code   0x803'4860          4      0xd44  stm32h7xx_hal_uart.o [12]
  .text                   ro code   0x803'55a4          4      0x430  ble_uart.o [1]
  .text                   ro code   0x803'59d4          4      0x25c  music_display_task.o [5]
  .text                   ro code   0x803'5c30          4       0x78  stm32h7xx_hal_pwr_ex.o [12]
  .text                   ro code   0x803'5ca8          4      0x514  stm32h7xx_hal_rcc.o [12]
  .text                   ro code   0x803'61bc          4       0x28  printf.o [16]
  .text                   ro code   0x803'61e4          4       0xac  fflush.o [16]
  .text                   ro code   0x803'6290          2       0x2a  strncmp.o [16]
  .text                   ro code   0x803'62ba          2        0x2  FrontendApplicationBase.o [8]
  .text                   ro code   0x803'62bc          4       0x70  strncpy.o [20]
  .text                   ro code   0x803'632c          4      0x13e  iar_Stoulx.o [16]
  .text                   ro code   0x803'646a          2        0x2  MusicScreenPresenter.o [8]
  .text                   ro code   0x803'646c          4       0x10  stm32h7xx_hal.o [12]
  .text                   ro code   0x803'647c          4       0x90  stm32h7xx_hal_timebase_tim.o [5]
  .text                   ro code   0x803'650c          4      0x148  stm32h7xx_ll_fmc.o [12]
  .text                   ro code   0x803'6654          4       0x60  stm32h747i_discovery_sdram.o [11]
  .text                   ro code   0x803'66b4          4       0xf8  is42s32800j.o [4]
  .text                   ro code   0x803'67ac          4      0x2c0  mt25tl01g.o [4]
  .text                   ro code   0x803'6a6c          4       0x34  stm32h747i_discovery_qspi.o [11]
  .text                   ro code   0x803'6aa0          2        0x2  stm32h7xx_hal_dma2d.o [12]
  .text                   ro code   0x803'6aa2          2        0x2  stm32h7xx_hal_dma2d.o [12]
  .text                   ro code   0x803'6aa4          4      0x3f0  TouchGFXHAL.o [15]
  .text                   ro code   0x803'6e94          2        0x2  stm32h7xx_hal_dsi.o [12]
  .text                   ro code   0x803'6e96          2        0x2  stm32h7xx_hal_ltdc.o [12]
  .text                   ro code   0x803'6e98          2        0x2  stm32h7xx_hal_ltdc.o [12]
  .text                   ro code   0x803'6e9a          2        0x2  stm32h7xx_hal_ltdc.o [12]
  .text                   ro code   0x803'6e9c          2        0xc  otm8009a_reg.o [4]
  .text                   ro code   0x803'6ea8          2       0x50  stm32h7xx_hal_crc_ex.o [12]
  .text                   ro code   0x803'6ef8          4       0xd8  TouchGFXConfiguration.o [14]
  .text                   ro code   0x803'6fd0          2        0x2  stm32h7xx_hal_uart.o [12]
  .text                   ro code   0x803'6fd2          2        0x2  stm32h7xx_hal_uart_ex.o [12]
  .text                   ro code   0x803'6fd4          2        0x2  stm32h7xx_hal_uart.o [12]
  .text                   ro code   0x803'6fd6          2        0x2  stm32h7xx_hal_uart_ex.o [12]
  .text                   ro code   0x803'6fd8          2        0x2  stm32h7xx_hal_uart_ex.o [12]
  .text                   ro code   0x803'6fda          2        0x2  stm32h7xx_hal_uart.o [12]
  .text                   ro code   0x803'6fdc          2        0x2  stm32h7xx_hal_uart.o [12]
  .text                   ro code   0x803'6fde          2        0x2  MusicScreenPresenter.o [8]
  .text                   ro code   0x803'6fe0          4       0x5a  stm32h7xx_hal_uart_ex.o [12]
  .text                   ro code   0x803'703a          2        0x2  MusicScreenPresenter.o [8]
  .text                   ro code   0x803'703c          4       0x96  ABImemmove.o [20]
  .text                   ro code   0x803'70d2          2        0x2  MusicScreenPresenter.o [8]
  .text                   ro code   0x803'70d4          4      0x46c  jpeg_decoder.o [5]
  .text                   ro code   0x803'7540          2       0x10  write.o [21]
  .text                   ro code   0x803'7550          2       0x14  isspace.o [16]
  .text                   ro code   0x803'7564          2       0x14  tolower.o [16]
  .text                   ro code   0x803'7578          4      0x3a0  stm32h7xx_hal_tim.o [12]
  .text                   ro code   0x803'7918          4       0xd4  TouchGFXHAL.o [15]
  .text                   ro code   0x803'79ec          4      0x18c  TouchGFXGeneratedHAL.o [14]
  .text                   ro code   0x803'7b78          4       0xaa  STM32H7Instrumentation.o [15]
  .text                   ro code   0x803'7c22          2        0x2  MusicScreenPresenter.o [8]
  .text                   ro code   0x803'7c24          4      0x318  STM32DMA.o [14]
  .text                   ro code   0x803'7f3c          4      0xd04  LCD24bpp.o [22]
  .text                   ro code   0x803'8c40          4      0x74c  VectorFontRendererImpl.o [22]
  .text                   ro code   0x803'938c          4       0x1c  BitmapDatabase.o [8]
  .text                   ro code   0x803'93a8          4      0x11c  Bitmap.o [22]
  .text                   ro code   0x803'94c4          4        0xc  FontManager.o [22]
  .text                   ro code   0x803'94d0          4       0x68  TouchGFXConfiguration.o [14]
  .text                   ro code   0x803'9538          4      0x736  jpeg_utils.o [13]
  .text                   ro code   0x803'9c6e          2       0x1e  dwrite.o [21]
  .text                   ro code   0x803'9c8c          2        0x2  stm32h7xx_hal_tim.o [12]
  .text                   ro code   0x803'9c8e          2        0x2  stm32h7xx_hal_tim.o [12]
  .text                   ro code   0x803'9c90          2        0x2  stm32h7xx_hal_tim.o [12]
  .text                   ro code   0x803'9c92          2        0x2  stm32h7xx_hal_tim_ex.o [12]
  .text                   ro code   0x803'9c94          2        0x2  stm32h7xx_hal_tim_ex.o [12]
  .text                   ro code   0x803'9c96          2        0x2  stm32h7xx_hal_tim.o [12]
  .text                   ro code   0x803'9c98          2        0x2  stm32h7xx_hal_tim_ex.o [12]
  .text                   ro code   0x803'9c9a          2        0x2  stm32h7xx_hal_tim.o [12]
  .text                   ro code   0x803'9c9c          2       0x12  TouchGFXHAL.o [15]
  .text                   ro code   0x803'9cae          2        0x2  MusicScreenPresenter.o [8]
  .text                   ro code   0x803'9cb0          4       0x58  TouchGFXGeneratedHAL.o [14]
  .text                   ro code   0x803'9d08          4       0x50  TouchGFXGeneratedHAL.o [14]
  .text                   ro code   0x803'9d58          2        0x8  TouchGFXGeneratedHAL.o [14]
  .text                   ro code   0x803'9d60          2       0xb2  TouchGFXGeneratedHAL.o [14]
  .text                   ro code   0x803'9e12          2        0x2  MusicScreenPresenter.o [8]
  .text                   ro code   0x803'9e14          4       0x3c  STM32DMA.o [14]
  .text                   ro code   0x803'9e50          4       0x38  STM32DMA.o [14]
  .text                   ro code   0x803'9e88          2        0xe  VectorFontRendererImpl.o [8]
  .text                   ro code   0x803'9e96          2        0x2  MusicScreenPresenter.o [8]
  .text                   ro code   0x803'9e98          4       0x14  TouchGFXConfiguration.o [14]
  .text                   ro code   0x803'9eac          4       0x14  TouchGFXConfiguration.o [14]
  .text                   ro code   0x803'9ec0          4       0x14  TouchGFXConfiguration.o [14]
  .text                   ro code   0x803'9ed4          4      0x240  Model.o [8]
  .text                   ro code   0x803'a114          4       0x18  FrontendApplication.o [8]
  .text                   ro code   0x803'a12c          4       0xec  FrontendApplicationBase.o [8]
  .text                   ro code   0x803'a218          4       0x4c  iarwstdswo.o [21]
  .text                   ro code   0x803'a264          2       0x22  iarwrite.o [21]
  .text                   ro code   0x803'a286          2       0x14  TouchGFXHAL.o [15]
  .text                   ro code   0x803'a29a          2        0x2  MusicScreenPresenter.o [8]
  .text                   ro code   0x803'a29c          4       0x14  TouchGFXGeneratedHAL.o [14]
  .text                   ro code   0x803'a2b0          4       0x7c  TouchGFXGeneratedHAL.o [14]
  .text                   ro code   0x803'a32c          4       0x24  TouchGFXGeneratedHAL.o [14]
  .text                   ro code   0x803'a350          4        0xa  AbstractPartition.o [22]
  .text                   ro code   0x803'a35a          2        0x2  MusicScreenPresenter.o [8]
  .text                   ro code   0x803'a35c          4       0x20  FrontendApplicationBase.o [8]
  .text                   ro code   0x803'a37c          4       0x18  FrontendApplicationBase.o [8]
  LCD24bpp_enableTextureMapperAll
                          ro code   0x803'a394          2       0x24  LCD24bpp.o [22]
  LCD24bpp_enableDecompressorL8_All
                          ro code   0x803'a3b8          2       0x18  LCD24bpp.o [22]
  LCD24bpp_enableDecompressorRGB
                          ro code   0x803'a3d0          4       0x20  LCD24bpp.o [22]
  .text                   ro code   0x803'a3f0          4      0x130  FrontendApplicationBase.o [8]
  .text                   ro code   0x803'a520          4       0x14  FrontendApplicationBase.o [8]
  .text                   ro code   0x803'a534          2       0x10  FrontendApplicationBase.o [8]
  .text                   ro code   0x803'a544          4      0x130  FrontendApplicationBase.o [8]
  .text                   ro code   0x803'a674          4      0x158  CanvasWidget.o [22]
  LCD24bpp_enableTextureMapperA4
                          ro code   0x803'a7cc          2       0x12  LCD24bpp.o [22]
  LCD24bpp_enableTextureMapperARGB8888
                          ro code   0x803'a7de          2       0x12  LCD24bpp.o [22]
  LCD24bpp_enableTextureMapperL8_ARGB8888
                          ro code   0x803'a7f0          2       0x12  LCD24bpp.o [22]
  LCD24bpp_enableTextureMapperL8_RGB888
                          ro code   0x803'a802          2       0x12  LCD24bpp.o [22]
  LCD24bpp_enableTextureMapperRGB888
                          ro code   0x803'a814          2       0x12  LCD24bpp.o [22]
  .text                   ro code   0x803'a826          2        0x2  MusicScreenView.o [8]
  LCD24bpp_enableDecompressorL8_L4
                          ro code   0x803'a828          4       0x14  LCD24bpp.o [22]
  LCD24bpp_enableDecompressorL8_RLE
                          ro code   0x803'a83c          4       0x14  LCD24bpp.o [22]
  LCD24bpp_enableDecompressorL8_LZW9
                          ro code   0x803'a850          4       0x20  LCD24bpp.o [22]
  .text                   ro code   0x803'a870          2        0x6  FrontendApplicationBase.o [8]
  .text                   ro code   0x803'a876          2        0x6  FrontendApplicationBase.o [8]
  .text                   ro code   0x803'a87c          4       0x18  FrontendApplicationBase.o [8]
  .text                   ro code   0x803'a894          4      0x20c  Screen1View.o [8]
  .text                   ro code   0x803'aaa0          4       0x78  Screen1Presenter.o [8]
  .text                   ro code   0x803'ab18          4      0x330  MusicScreenView.o [8]
  .text                   ro code   0x803'ae48          4      0x1b8  MusicScreenPresenter.o [8]
  LCD24bpp_enableTextureMapperA4_BilinearInterpolation
                          ro code   0x803'b000          4       0x20  LCD24bpp.o [22]
  LCD24bpp_enableTextureMapperA4_NearestNeighbor
                          ro code   0x803'b020          4       0x20  LCD24bpp.o [22]
  LCD24bpp_enableTextureMapperARGB8888_BilinearInterpolation
                          ro code   0x803'b040          4       0x20  LCD24bpp.o [22]
  LCD24bpp_enableTextureMapperARGB8888_NearestNeighbor
                          ro code   0x803'b060          4       0x20  LCD24bpp.o [22]
  LCD24bpp_enableTextureMapperL8_ARGB8888_BilinearInterpolation
                          ro code   0x803'b080          4       0x20  LCD24bpp.o [22]
  LCD24bpp_enableTextureMapperL8_ARGB8888_NearestNeighbor
                          ro code   0x803'b0a0          4       0x20  LCD24bpp.o [22]
  LCD24bpp_enableTextureMapperL8_RGB888_BilinearInterpolation
                          ro code   0x803'b0c0          4       0x20  LCD24bpp.o [22]
  LCD24bpp_enableTextureMapperL8_RGB888_NearestNeighbor
                          ro code   0x803'b0e0          4       0x20  LCD24bpp.o [22]
  LCD24bpp_enableTextureMapperRGB888_BilinearInterpolation
                          ro code   0x803'b100          4       0x20  LCD24bpp.o [22]
  LCD24bpp_enableTextureMapperRGB888_NearestNeighbor
                          ro code   0x803'b120          4       0x20  LCD24bpp.o [22]
  .text                   ro code   0x803'b140          4       0x78  Screen1ViewBase.o [8]
  .text                   ro code   0x803'b1b8          4       0x5c  MusicScreenViewBase.o [8]
  .text                   ro code   0x803'b214          4        0xc  MusicScreenViewBase.o [8]
  .text                   ro code   0x803'b220          4      0xa48  TextArea.o [22]
  .text                   ro code   0x803'bc68          4       0xae  MusicScreenViewBase.o [8]
  .text                   ro code   0x803'bd16          2        0x2  MusicScreenView.o [8]
  .text                   ro code   0x803'bd18          4       0x28  MusicScreenViewBase.o [8]
  .text                   ro code   0x803'bd40          2       0x2e  MusicScreenViewBase.o [8]
  .text                   ro code   0x803'bd6e          2       0x1c  MusicScreenViewBase.o [8]
  .text                   ro code   0x803'bd8a          2       0x1e  TextArea.o [22]
  .text                   ro code   0x803'bda8          2       0x2a  TextAreaWithWildcard.o [22]
  .text                   ro code   0x803'bdd2          2       0x1a  TextArea.o [22]
  .text                   ro code   0x803'bdec          4       0x30  MusicScreenViewBase.o [8]
  .text                   ro code   0x803'be1c          2       0x34  MusicScreenViewBase.o [8]
  .text                   ro code   0x803'be50          2        0x6  MusicScreenViewBase.o [8]
  .text                   ro code   0x803'be56          2        0x2  MusicScreenView.o [8]
  .text                   ro code   0x803'be58          4      0x620  stm32h7xx_hal_i2c.o [12]
  .text                   ro code   0x803'c478          2        0x2  stm32h7xx_hal_i2c.o [12]
  .text                   ro code   0x803'c47a          2        0x2  stm32h7xx_hal_i2c.o [12]
  .rodata                 const     0x803'c47c          4      0x600  Bitmap.o [22]
  .rodata                 const     0x803'ca7c          4      0x50c  LCD24bpp.o [22]
  FontFlashSection        const     0x803'cf88          4      0x508  Table_verdana_80_4bpp.o [8]
  .text                   ro code   0x803'd490          4      0x4aa  PainterRGB888LinearGradient.o [22]
  .text                   ro code   0x803'd93a          2        0x2  MusicScreenViewBase.o [8]
  .text                   ro code   0x803'd93c          4      0x3e4  stm32h747i_discovery_bus.o [11]
  .text                   ro code   0x803'dd20          2       0x38  stm32h747i_discovery_bus.o [11]
  .text                   ro code   0x803'dd58          4       0x80  stm32h7xx_hal_i2c_ex.o [12]
  FontSearchFlashSection  const     0x803'ddd8          4      0x3d4  Kerning_verdana_80_4bpp.o [8]
  .rodata                 const     0x803'e1ac          4      0x394  jpeg_decoder.o [5]
  .rodata                 const     0x803'e540          4      0x308  HAL.o [22]
  .rodata                 const     0x803'e848          4      0x300  jpeg_utils.o [13]
  .rodata                 const     0x803'eb48          4      0x2a8  main.o [5]
  FontFlashSection        const     0x803'edf0          4      0x278  Table_NotoSansHebrew_Regular_80_4bpp.o [8]
  .text                   ro code   0x803'f068          4      0x234  ft6x06.o [4]
  .text                   ro code   0x803'f29c          2       0x96  ft6x06_reg.o [4]
  .text                   ro code   0x803'f332          2        0x2  MusicScreenViewBase.o [8]
  .rodata                 const     0x803'f334          4      0x220  music_display_task.o [5]
  FontFlashSection        const     0x803'f554          4      0x214  Font_verdana_20_4bpp_0.o [8]
  .rodata                 const     0x803'f768          4      0x1e8  stm32h7xx_hal_jpeg.o [12]
  .text                   ro code   0x803'f950          4      0x1c8  stm32h747i_discovery_ts.o [11]
  .text                   ro code   0x803'fb18          4      0x1b4  TextAreaWithWildcard.o [22]
  .rodata                 const     0x803'fccc          4      0x180  LCD.o [22]
  .rodata                 const     0x803'fe4c          4      0x174  Model.o [8]
  .text                   ro code   0x803'ffc0          4      0x174  stm32h7xx_it.o [5]
  TextFlashSection        const     0x804'0134          4      0x12c  Texts.o [8]
  .text                   ro code   0x804'0260          4      0x11c  system_stm32h7xx_dualcore_boot_cm4_cm7.o [3]
  .rodata                 const     0x804'037c          4      0x104  CWRVectorRenderer.o [22]
  .rodata                 const     0x804'0480          4       0xf8  rtos_trace.o [9]
  .rodata                 const     0x804'0578          4       0xf4  Container.o [22]
  .rodata                 const     0x804'066c          4       0xec  TouchGFXGeneratedHAL.o [14]
  .rodata                 const     0x804'0758          4       0xec  TouchGFXHAL.o [15]
  .rodata                 const     0x804'0844          4       0xe8  main.o [5]
  .rodata                 const     0x804'092c          4       0xe0  Canvas.o [22]
  .rodata                 const     0x804'0a0c          4       0xd8  OSWrappers.o [14]
  .rodata                 const     0x804'0ae4          4       0xd8  VectorFontRendererImpl.o [22]
  .rodata                 const     0x804'0bbc          4       0xd4  DMA.o [22]
  .rodata                 const     0x804'0c90          4       0xc8  MusicScreenPresenter.o [8]
  .rodata                 const     0x804'0d58          4       0xbc  CanvasWidgetRenderer.o [22]
  .rodata                 const     0x804'0e14          4       0xa8  HardwareMJPEGDecoder.o [14]
  .rodata                 const     0x804'0ebc          4       0xa4  FrontendApplicationBase.o [8]
  .rodata                 const     0x804'0f60          4       0xa4  FrontendApplicationBase.o [8]
  .rodata                 const     0x804'1004          4       0xa4  FrontendApplicationBase.o [8]
  .rodata                 const     0x804'10a8          4       0xa4  FrontendApplicationBase.o [8]
  .rodata                 const     0x804'114c          4       0x98  ble_uart.o [1]
  .text                   ro code   0x804'11e4          4       0x98  PixelDataWidget.o [22]
  .rodata                 const     0x804'127c          4       0x94  Outline.o [22]
  .rodata                 const     0x804'1310          4       0x90  FrontendApplicationBase.o [8]
  .rodata                 const     0x804'13a0          4       0x90  FrontendApplicationBase.o [8]
  .rodata                 const     0x804'1430          4       0x90  MusicScreenViewBase.o [8]
  .rodata                 const     0x804'14c0          4       0x90  Container.o [22]
  .rodata                 const     0x804'1550          4       0x90  TextAreaWithWildcard.o [22]
  .rodata                 const     0x804'15e0          4       0x90  TextArea.o [22]
  .rodata                 const     0x804'1670          4       0x84  stm32h747i_discovery_bus.o [11]
  .rodata                 const     0x804'16f4          4       0x84  TouchGFXGeneratedHAL.o [14]
  .text                   ro code   0x804'1778          4       0x84  STM32DMA.o [14]
  .text                   ro code   0x804'17fc          4       0x20  STM32DMA.o [14]
  .text                   ro code   0x804'181c          4       0x80  STM32TouchController.o [15]
  .rodata                 const     0x804'189c          4       0x7c  ble_uart.o [1]
  .rodata                 const     0x804'1918          4       0x78  TouchGFXGeneratedHAL.o [14]
  .rodata                 const     0x804'1990          4       0x78  CanvasWidget.o [22]
  .text                   ro code   0x804'1a08          4       0x78  TouchGFXGeneratedHAL.o [14]
  .rodata                 const     0x804'1a80          4       0x74  jpeg_decoder.o [5]
  .rodata                 const     0x804'1af4          4       0x74  stm32h7xx_it.o [5]
  .rodata                 const     0x804'1b68          4       0x70  MusicScreenView.o [8]
  FontFlashSection        const     0x804'1bd8          4       0x70  Table_verdana_20_4bpp.o [8]
  .rodata                 const     0x804'1c48          4       0x6c  main.o [5]
  .rodata                 const     0x804'1cb4          4       0x6c  Texts.o [8]
  .rodata                 const     0x804'1d20          4       0x6c  Texts.o [8]
  .rodata                 const     0x804'1d8c          4       0x6c  Texts.o [8]
  .rodata                 const     0x804'1df8          4       0x68  FontCache.o [8]
  .rodata                 const     0x804'1e60          4       0x68  FontCache.o [8]
  .rodata                 const     0x804'1ec8          4       0x68  FrontendApplicationBase.o [8]
  .rodata                 const     0x804'1f30          4       0x68  FrontendApplicationBase.o [8]
  .rodata                 const     0x804'1f98          4       0x68  GeneratedFont.o [8]
  .rodata                 const     0x804'2000          4       0x68  TouchGFXGeneratedHAL.o [14]
  .rodata                 const     0x804'2068          4       0x68  PixelDataWidget.o [22]
  .rodata                 const     0x804'20d0          4       0x68  Box.o [22]
  .rodata                 const     0x804'2138          4       0x68  Outline.o [22]
  .text                   ro code   0x804'21a0          4       0x68  STM32DMA.o [14]
  .text                   ro code   0x804'2208          4       0x64  Box.o [22]
  .rodata                 const     0x804'226c          4       0x60  rtos_trace.o [9]
  .rodata                 const     0x804'22cc          4       0x60  TouchGFXGeneratedHAL.o [14]
  .rodata                 const     0x804'232c          4       0x5c  LCD24bpp.o [22]
  .rodata                 const     0x804'2388          4       0x5c  LCD24bpp.o [22]
  .rodata                 const     0x804'23e4          4       0x58  TextProvider.o [22]
  .rodata                 const     0x804'243c          4       0x58  TextProvider.o [22]
  .rodata                 const     0x804'2494          4       0x58  TextProvider.o [22]
  .rodata                 const     0x804'24ec          4       0x58  TextProvider.o [22]
  .rodata                 const     0x804'2544          4       0x58  TextProvider.o [22]
  .rodata                 const     0x804'259c          4       0x58  TextProvider.o [22]
  .rodata                 const     0x804'25f4          4       0x58  TextProvider.o [22]
  .rodata                 const     0x804'264c          4       0x58  TextProvider.o [22]
  .rodata                 const     0x804'26a4          4       0x54  FrontendApplication.o [8]
  .rodata                 const     0x804'26f8          4       0x54  FrontendApplicationBase.o [8]
  .rodata                 const     0x804'274c          4       0x54  FrontendApplicationBase.o [8]
  .rodata                 const     0x804'27a0          4       0x54  Application.o [22]
  .rodata                 const     0x804'27f4          4       0x54  Application.o [22]
  .rodata                 const     0x804'2848          4       0x54  Application.o [22]
  .rodata                 const     0x804'289c          4       0x54  Application.o [22]
  .rodata                 const     0x804'28f0          4       0x54  TextAreaWithWildcard.o [22]
  .rodata                 const     0x804'2944          4       0x54  TextAreaWithWildcard.o [22]
  .rodata                 const     0x804'2998          4       0x50  ble_uart.o [1]
  .rodata                 const     0x804'29e8          4       0x50  MusicScreenPresenter.o [8]
  .rodata                 const     0x804'2a38          4       0x50  Screen1View.o [8]
  .rodata                 const     0x804'2a88          4       0x50  STM32DMA.o [14]
  .rodata                 const     0x804'2ad8          4       0x50  STM32DMA.o [14]
  .rodata                 const     0x804'2b28          4       0x50  STM32DMA.o [14]
  .rodata                 const     0x804'2b78          4       0x50  STM32DMA.o [14]
  .rodata                 const     0x804'2bc8          4       0x50  STM32TouchController.o [15]
  .rodata                 const     0x804'2c18          4       0x50  iar_Stoulx.o [16]
  .rodata                 const     0x804'2c68          4       0x4c  TouchGFXGeneratedHAL.o [14]
  .rodata                 const     0x804'2cb4          4       0x4c  CWRVectorRenderer.o [22]
  .rodata                 const     0x804'2d00          4       0x48  MusicScreenView.o [8]
  .rodata                 const     0x804'2d48          4       0x48  Screen1Presenter.o [8]
  .text                   ro code   0x804'2d90          4       0x48  TouchGFXGeneratedHAL.o [14]
  FontFlashSection        const     0x804'2dd8          4       0x48  Font_NotoSansHebrew_Regular_20_4bpp_0.o [8]
  .rodata                 const     0x804'2e20          4       0x44  FontCache.o [8]
  .rodata                 const     0x804'2e64          4       0x44  FontCache.o [8]
  .rodata                 const     0x804'2ea8          4       0x44  HardwareMJPEGDecoder.o [14]
  .rodata                 const     0x804'2eec          4       0x44  TouchGFXGeneratedHAL.o [14]
  .rodata                 const     0x804'2f30          4       0x44  LCD24bpp.o [22]
  .rodata                 const     0x804'2f74          4       0x44  TextAreaWithWildcard.o [22]
  .rodata                 const     0x804'2fb8          4       0x44  TextAreaWithWildcard.o [22]
  .text                   ro code   0x804'2ffc          4       0x44  putchar.o [16]
  .rodata                 const     0x804'3040          4       0x40  FontCache.o [8]
  .rodata                 const     0x804'3080          4       0x40  FontCache.o [8]
  .rodata                 const     0x804'30c0          4       0x40  stm32h7xx_hal_jpeg.o [12]
  .rodata                 const     0x804'3100          4       0x40  Container.o [22]
  .rodata                 const     0x804'3140          4       0x40  TextAreaWithWildcard.o [22]
  .rodata                 const     0x804'3180          4       0x40  TextAreaWithWildcard.o [22]
  .rodata                 const     0x804'31c0          4       0x3c  Screen1View.o [8]
  .rodata                 const     0x804'31fc          4       0x38  Screen1Presenter.o [8]
  .rodata                 const     0x804'3234          4       0x38  TouchGFXGeneratedHAL.o [14]
  .rodata                 const     0x804'326c          4       0x38  PainterRGB888.o [22]
  .text                   ro code   0x804'32a4          2       0x38  zero_init3.o [20]
  .rodata                 const     0x804'32dc          4       0x34  MusicScreenView.o [8]
  .rodata                 const     0x804'3310          4       0x34  MusicScreenViewBase.o [8]
  .rodata                 const     0x804'3344          4       0x34  MusicScreenViewBase.o [8]
  .rodata                 const     0x804'3378          4       0x34  otm8009a.o [4]
  .rodata                 const     0x804'33ac          4       0x34  Screen1View.o [8]
  .rodata                 const     0x804'33e0          4       0x34  Screen1ViewBase.o [8]
  .rodata                 const     0x804'3414          4       0x34  Screen1ViewBase.o [8]
  .rodata                 const     0x804'3448          4       0x34  TouchGFXConfiguration.o [14]
  .rodata                 const     0x804'347c          4       0x34  TouchGFXConfiguration.o [14]
  .rodata                 const     0x804'34b0          4       0x34  TouchGFXConfiguration.o [14]
  .rodata                 const     0x804'34e4          4       0x34  Screen.o [22]
  .rodata                 const     0x804'3518          4       0x30  music_display_task.o [5]
  .rodata                 const     0x804'3548          4       0x30  Application.o [22]
  .rodata                 const     0x804'3578          4       0x2c  MusicScreenPresenter.o [8]
  .rodata                 const     0x804'35a4          4       0x2c  stm32h7xx_it.o [5]
  .rodata                 const     0x804'35d0          4       0x2c  stm32h7xx_it.o [5]
  .rodata                 const     0x804'35fc          4       0x2c  Outline.o [22]
  .text                   ro code   0x804'3628          4       0x2c  LCD24bpp.o [22]
  .text                   ro code   0x804'3654          4       0x2c  CWRVectorRenderer.o [22]
  .rodata                 const     0x804'3680          4       0x28  ble_uart.o [1]
  .rodata                 const     0x804'36a8          4       0x28  MusicScreenPresenter.o [8]
  .rodata                 const     0x804'36d0          4       0x28  Screen1Presenter.o [8]
  .rodata                 const     0x804'36f8          4       0x28  STM32H7Instrumentation.o [15]
  .rodata                 const     0x804'3720          4       0x28  Application.o [22]
  .text                   ro code   0x804'3748          4       0x28  data_init.o [20]
  .rodata                 const     0x804'3770          4       0x24  FrontendApplicationBase.o [8]
  .rodata                 const     0x804'3794          4       0x24  FrontendApplicationBase.o [8]
  .rodata                 const     0x804'37b8          4       0x24  DMA.o [22]
  .text                   ro code   0x804'37dc          2       0x24  FrontendApplication.o [8]
  .text                   ro code   0x804'3800          2       0x24  TouchGFXGeneratedHAL.o [14]
  .text                   ro code   0x804'3824          4       0x22  fpinit_M.o [19]
  .text                   ro code   0x804'3846          2        0x2  MusicScreenViewBase.o [8]
  .text                   ro code   0x804'3848          4       0x22  cmain.o [20]
  .text                   ro code   0x804'386a          2        0x4  low_level_init.o [16]
  .text                   ro code   0x804'386e          2        0x4  exit.o [16]
  .text                   ro code   0x804'3872          2        0x2  MusicScreenViewBase.o [8]
  .text                   ro code   0x804'3874          4        0x4  cexit.o [20]
  .text                   ro code   0x804'3878          4        0xe  cexit_2.o [20]
  .iar.init_table         const     0x804'3888          4       0x24  - Linker created -
  .text                   ro code   0x804'38ac          2        0x2  MusicScreenViewBase.o [8]
  .rodata                 const     0x804'38b0          4       0x20  TouchGFXGeneratedHAL.o [14]
  .rodata                 const     0x804'38d0          4       0x20  PainterRGB888LinearGradient.o [22]
  .text                   ro code   0x804'38f0          2       0x20  TouchGFXConfiguration.o [14]
  .text                   ro code   0x804'3910          2        0xc  TouchGFXConfiguration.o [14]
  .text                   ro code   0x804'391c          2        0xc  TouchGFXConfiguration.o [14]
  .text                   ro code   0x804'3928          2        0xc  TouchGFXConfiguration.o [14]
  .text                   ro code   0x804'3934          2       0x20  PainterRGB888.o [22]
  .text                   ro code   0x804'3954          4       0x20  cmain_call_ctors.o [20]
  .text                   ro code   0x804'3974          4       0x1e  cstartup_M.o [20]
  .text                   ro code   0x804'3992          2        0x2  MusicScreenViewBase.o [8]
  .rodata                 const     0x804'3994          4       0x1c  STM32DMA.o [14]
  .rodata                 const     0x804'39b0          4       0x1c  STM32DMA.o [14]
  .text                   ro code   0x804'39cc          4       0x1c  PainterRGB888.o [22]
  .rodata                 const     0x804'39e8          4       0x18  FrontendApplicationBase.o [8]
  .rodata                 const     0x804'3a00          4       0x18  MusicScreenPresenter.o [8]
  .rodata                 const     0x804'3a18          4       0x18  STM32TouchController.o [15]
  .rodata                 const     0x804'3a30          4       0x18  LCD24bpp.o [22]
  .rodata                 const     0x804'3a48          4       0x18  LCD24bpp.o [22]
  .rodata                 const     0x804'3a60          4       0x18  LCD24bpp.o [22]
  .rodata                 const     0x804'3a78          4       0x18  LCD24bpp.o [22]
  .text                   ro code   0x804'3a90          2       0x18  FrontendApplicationBase.o [8]
  .text                   ro code   0x804'3aa8          4       0x18  startup_stm32h747xx_CM7.o [6]
  TextFlashSection        const     0x804'3ac0          4       0x18  LanguageGb.o [8]
  .text                   ro code   0x804'3ad8          2       0x16  FrontendApplication.o [8]
  .text                   ro code   0x804'3aee          2       0x16  MusicScreenViewBase.o [8]
  .text                   ro code   0x804'3b04          2       0x16  MusicScreenViewBase.o [8]
  .text                   ro code   0x804'3b1a          2       0x16  TouchGFXGeneratedHAL.o [14]
  .text                   ro code   0x804'3b30          2       0x16  TouchGFXGeneratedHAL.o [14]
  .text                   ro code   0x804'3b46          2       0x16  xprout.o [16]
  .rodata                 const     0x804'3b5c          4       0x14  ApplicationFontProvider.o [8]
  .rodata                 const     0x804'3b70          4       0x14  rtos_trace.o [9]
  .rodata                 const     0x804'3b84          4       0x14  TouchGFXConfiguration.o [14]
  .rodata                 const     0x804'3b98          4       0x14  TouchGFXConfiguration.o [14]
  .rodata                 const     0x804'3bac          4       0x14  TouchGFXGeneratedHAL.o [14]
  .rodata                 const     0x804'3bc0          4       0x14  TextProvider.o [22]
  .rodata                 const     0x804'3bd4          4       0x14  TextProvider.o [22]
  .rodata                 const     0x804'3be8          4       0x14  Screen.o [22]
  .rodata                 const     0x804'3bfc          4       0x14  Screen.o [22]
  .rodata                 const     0x804'3c10          4       0x14  Screen.o [22]
  .rodata                 const     0x804'3c24          4       0x14  LCD24bpp.o [22]
  .rodata                 const     0x804'3c38          4       0x14  LCD24bpp.o [22]
  .rodata                 const     0x804'3c4c          4       0x14  LCD24bpp.o [22]
  .rodata                 const     0x804'3c60          4       0x14  LCD24bpp.o [22]
  .rodata                 const     0x804'3c74          4       0x14  LCD24bpp.o [22]
  .rodata                 const     0x804'3c88          4       0x14  LCD24bpp.o [22]
  .rodata                 const     0x804'3c9c          4       0x14  LCD24bpp.o [22]
  .rodata                 const     0x804'3cb0          4       0x14  LCD24bpp.o [22]
  .rodata                 const     0x804'3cc4          4       0x14  LCD24bpp.o [22]
  .rodata                 const     0x804'3cd8          4       0x14  LCD24bpp.o [22]
  .rodata                 const     0x804'3cec          4       0x14  LCD24bpp.o [22]
  .rodata                 const     0x804'3d00          4       0x14  LCD24bpp.o [22]
  .rodata                 const     0x804'3d14          4       0x14  LCD24bpp.o [22]
  .rodata                 const     0x804'3d28          4       0x14  LCD24bpp.o [22]
  .rodata                 const     0x804'3d3c          4       0x14  LCD24bpp.o [22]
  .rodata                 const     0x804'3d50          4       0x14  LCD24bpp.o [22]
  .rodata                 const     0x804'3d64          4       0x14  LCD24bpp.o [22]
  .rodata                 const     0x804'3d78          4       0x14  LCD24bpp.o [22]
  .rodata                 const     0x804'3d8c          4       0x14  LCD24bpp.o [22]
  .rodata                 const     0x804'3da0          4       0x14  LCD24bpp.o [22]
  .rodata                 const     0x804'3db4          4       0x14  VectorFontRendererImpl.o [22]
  .rodata                 const     0x804'3dc8          4       0x14  CWRVectorRenderer.o [22]
  .rodata                 const     0x804'3ddc          4       0x14  Canvas.o [22]
  .text                   ro code   0x804'3df0          4       0x14  TouchGFXGeneratedHAL.o [14]
  .text                   ro code   0x804'3e04          2       0x14  TouchGFXGeneratedHAL.o [14]
  SHT$$PREINIT_ARRAY                0x804'3e18                   0x0  <Block>
  SHT$$INIT_ARRAY                   0x804'3e18                  0x14  <Block>
    .init_array           const     0x804'3e18          4        0x4  MusicScreenView.o [8]
    .init_array           const     0x804'3e1c          4        0x4  Screen1View.o [8]
    .init_array           const     0x804'3e20          4        0x4  TouchGFXConfiguration.o [14]
    .init_array           const     0x804'3e24          4        0x4  TouchGFXGeneratedHAL.o [14]
    .init_array           const     0x804'3e28          4        0x4  TypedTextDatabase.o [8]
  __iar_tls$$INIT_ARRAY             0x804'3e2c                   0x0  <Block>
  .text                   ro code   0x804'3e2c          4       0x12  fault_handler_asm.o [1]
  .text                   ro code   0x804'3e3e          2        0x2  MusicScreenViewBase.o [8]
  .rodata                 const     0x804'3e40          4       0x10  FontCache.o [8]
  .rodata                 const     0x804'3e50          4       0x10  main.o [5]
  .rodata                 const     0x804'3e60          4       0x10  main.o [5]
  .rodata                 const     0x804'3e70          4       0x10  rtos_trace.o [9]
  .rodata                 const     0x804'3e80          4       0x10  rtos_trace.o [9]
  .rodata                 const     0x804'3e90          4       0x10  rtos_trace.o [9]
  .rodata                 const     0x804'3ea0          4       0x10  rtos_trace.o [9]
  .rodata                 const     0x804'3eb0          4       0x10  rtos_trace.o [9]
  .rodata                 const     0x804'3ec0          4       0x10  Texts.o [8]
  .rodata                 const     0x804'3ed0          4       0x10  TouchGFXConfiguration.o [14]
  .rodata                 const     0x804'3ee0          4       0x10  TextProvider.o [22]
  .rodata                 const     0x804'3ef0          4       0x10  TextProvider.o [22]
  .rodata                 const     0x804'3f00          4       0x10  Application.o [22]
  .rodata                 const     0x804'3f10          4       0x10  Application.o [22]
  .rodata                 const     0x804'3f20          4       0x10  Outline.o [22]
  .text                   ro code   0x804'3f30          2       0x10  FrontendApplicationBase.o [8]
  FontFlashSection        const     0x804'3f40          4       0x10  Table_NotoSansHebrew_Regular_20_4bpp.o [8]
  FontSearchFlashSection  const     0x804'3f50          4       0x10  Kerning_verdana_20_4bpp.o [8]
  .text                   ro code   0x804'3f60          2        0xe  PainterRGB888.o [22]
  .text                   ro code   0x804'3f6e          2        0x2  Screen1Presenter.o [8]
  .rodata                 const     0x804'3f70          4        0xc  main.o [5]
  .rodata                 const     0x804'3f7c          4        0xc  rtos_trace.o [9]
  .rodata                 const     0x804'3f88          4        0xc  rtos_trace.o [9]
  .rodata                 const     0x804'3f94          4        0xc  rtos_trace.o [9]
  .rodata                 const     0x804'3fa0          4        0xc  rtos_trace.o [9]
  .rodata                 const     0x804'3fac          4        0xc  rtos_trace.o [9]
  .rodata                 const     0x804'3fb8          4        0xc  rtos_trace.o [9]
  .rodata                 const     0x804'3fc4          4        0xc  rtos_trace.o [9]
  .rodata                 const     0x804'3fd0          4        0xc  rtos_trace.o [9]
  .rodata                 const     0x804'3fdc          4        0xc  rtos_trace.o [9]
  .rodata                 const     0x804'3fe8          4        0xc  rtos_trace.o [9]
  .rodata                 const     0x804'3ff4          4        0xc  SEGGER_RTT.o [5]
  .rodata                 const     0x804'4000          4        0xc  Texts.o [8]
  .rodata                 const     0x804'400c          4        0xc  Texts.o [8]
  .rodata                 const     0x804'4018          4        0xc  TextProvider.o [22]
  .rodata                 const     0x804'4024          4        0xc  TextProvider.o [22]
  .rodata                 const     0x804'4030          4        0xc  TextProvider.o [22]
  .rodata                 const     0x804'403c          4        0xc  TextProvider.o [22]
  .text                   ro code   0x804'4048          4        0xc  CachedFont.o [8]
  .text                   ro code   0x804'4054          2        0xc  MusicScreenView.o [8]
  .text                   ro code   0x804'4060          2        0xc  Screen1View.o [8]
  .text                   ro code   0x804'406c          2        0xc  TouchGFXConfiguration.o [14]
  .text                   ro code   0x804'4078          2        0xc  TouchGFXGeneratedHAL.o [14]
  TextFlashSection        const     0x804'4084          4        0xc  TypedTextDatabase.o [8]
  .rodata                 const     0x804'4090          4        0x8  FrontendApplicationBase.o [8]
  .rodata                 const     0x804'4098          4        0x8  rtos_trace.o [9]
  .rodata                 const     0x804'40a0          4        0x8  rtos_trace.o [9]
  .text                   ro code   0x804'40a8          2        0x8  CachedFont.o [8]
  .text                   ro code   0x804'40b0          2        0x8  TouchGFXConfiguration.o [14]
  .text                   ro code   0x804'40b8          2        0x8  TouchGFXGeneratedHAL.o [14]
  .text                   ro code   0x804'40c0          2        0x8  TouchGFXGeneratedHAL.o [14]
  .text                   ro code   0x804'40c8          2        0x6  MusicScreenPresenter.o [8]
  .text                   ro code   0x804'40ce          2        0x4  MusicScreenPresenter.o [8]
  .text                   ro code   0x804'40d2          2        0x6  PainterRGB888.o [22]
  .text                   ro code   0x804'40d8          2        0x4  CachedFont.o [8]
  .text                   ro code   0x804'40dc          2        0x4  CachedFont.o [8]
  .text                   ro code   0x804'40e0          2        0x4  CachedFont.o [8]
  .text                   ro code   0x804'40e4          2        0x4  CachedFont.o [8]
  .text                   ro code   0x804'40e8          2        0x4  CachedFont.o [8]
  .text                   ro code   0x804'40ec          2        0x4  FrontendApplicationBase.o [8]
  .text                   ro code   0x804'40f0          2        0x4  GeneratedFont.o [8]
  .text                   ro code   0x804'40f4          2        0x4  GeneratedFont.o [8]
  .text                   ro code   0x804'40f8          2        0x4  HardwareMJPEGDecoder.o [14]
  .text                   ro code   0x804'40fc          2        0x4  MusicScreenPresenter.o [8]
  .text                   ro code   0x804'4100          2        0x4  MusicScreenViewBase.o [8]
  .text                   ro code   0x804'4104          2        0x4  MusicScreenViewBase.o [8]
  .text                   ro code   0x804'4108          2        0x4  MusicScreenViewBase.o [8]
  .text                   ro code   0x804'410c          2        0x4  MusicScreenViewBase.o [8]
  .text                   ro code   0x804'4110          2        0x4  startup_stm32h747xx_CM7.o [6]
  .text                   ro code   0x804'4114          2        0x4  startup_stm32h747xx_CM7.o [6]
  .text                   ro code   0x804'4118          2        0x4  startup_stm32h747xx_CM7.o [6]
  .text                   ro code   0x804'411c          2        0x4  startup_stm32h747xx_CM7.o [6]
  .text                   ro code   0x804'4120          2        0x4  startup_stm32h747xx_CM7.o [6]
  .text                   ro code   0x804'4124          2        0x4  startup_stm32h747xx_CM7.o [6]
  .text                   ro code   0x804'4128          2        0x4  startup_stm32h747xx_CM7.o [6]
  .text                   ro code   0x804'412c          2        0x4  startup_stm32h747xx_CM7.o [6]
  .text                   ro code   0x804'4130          2        0x4  startup_stm32h747xx_CM7.o [6]
  .text                   ro code   0x804'4134          2        0x4  startup_stm32h747xx_CM7.o [6]
  .text                   ro code   0x804'4138          2        0x4  startup_stm32h747xx_CM7.o [6]
  .text                   ro code   0x804'413c          2        0x4  startup_stm32h747xx_CM7.o [6]
  .text                   ro code   0x804'4140          2        0x4  startup_stm32h747xx_CM7.o [6]
  .text                   ro code   0x804'4144          2        0x4  startup_stm32h747xx_CM7.o [6]
  .text                   ro code   0x804'4148          2        0x4  startup_stm32h747xx_CM7.o [6]
  .text                   ro code   0x804'414c          2        0x4  startup_stm32h747xx_CM7.o [6]
  .text                   ro code   0x804'4150          2        0x4  startup_stm32h747xx_CM7.o [6]
  .text                   ro code   0x804'4154          2        0x4  startup_stm32h747xx_CM7.o [6]
  .text                   ro code   0x804'4158          2        0x4  startup_stm32h747xx_CM7.o [6]
  .text                   ro code   0x804'415c          2        0x4  startup_stm32h747xx_CM7.o [6]
  .text                   ro code   0x804'4160          2        0x4  startup_stm32h747xx_CM7.o [6]
  .text                   ro code   0x804'4164          2        0x4  startup_stm32h747xx_CM7.o [6]
  .text                   ro code   0x804'4168          2        0x4  startup_stm32h747xx_CM7.o [6]
  .text                   ro code   0x804'416c          2        0x4  startup_stm32h747xx_CM7.o [6]
  .text                   ro code   0x804'4170          2        0x4  startup_stm32h747xx_CM7.o [6]
  .text                   ro code   0x804'4174          2        0x4  startup_stm32h747xx_CM7.o [6]
  .text                   ro code   0x804'4178          2        0x4  startup_stm32h747xx_CM7.o [6]
[...]
                         0x802'e0f5       0x74  Code  Gb  TouchCalibration.o [22]
touchgfx::Transition::handleTickEvent()
                         0x803'0683        0x2  Code  Wk  FrontendApplicationBase.o [8]
touchgfx::Transition::init()
                         0x803'485f        0x2  Code  Wk  FrontendApplicationBase.o [8]
touchgfx::Transition::invalidate()
                         0x804'3f31       0x10  Code  Wk  FrontendApplicationBase.o [8]
touchgfx::Transition::setScreenContainer(touchgfx::Container &)
                         0x804'40ed        0x4  Code  Wk  FrontendApplicationBase.o [8]
touchgfx::Transition::tearDown()
                         0x803'2f27        0x2  Code  Wk  FrontendApplicationBase.o [8]
touchgfx::Transition::~Transition()
                         0x803'01a7        0x2  Code  Wk  FrontendApplicationBase.o [8]
touchgfx::TypedText::TypedText(unsigned short)
                         0x803'b215        0xc  Code  Wk  MusicScreenViewBase.o [8]
touchgfx::TypedText::fonts
                        0x2403'c2e4        0x4  Data  Gb  TypedText.o [22]
touchgfx::TypedText::getAlignment() const::string (instance 2)
                         0x804'2fb8       0x44  Data  Wk  TextAreaWithWildcard.o [22]
touchgfx::TypedText::getAlignment() const::string (instance 3)
                         0x804'2944       0x54  Data  Wk  TextAreaWithWildcard.o [22]
touchgfx::TypedText::getAlignment() const::string (instance 5)
                         0x804'3180       0x40  Data  Wk  TextAreaWithWildcard.o [22]
touchgfx::TypedText::getFont() const::string (instance 2)
                         0x804'2e20       0x44  Data  Wk  FontCache.o [8]
touchgfx::TypedText::getFont() const::string (instance 3)
                         0x804'1df8       0x68  Data  Wk  FontCache.o [8]
touchgfx::TypedText::getFont() const::string (instance 5)
                         0x804'3040       0x40  Data  Wk  FontCache.o [8]
touchgfx::TypedText::getText() const::string (instance 2)
                         0x804'2f74       0x44  Data  Wk  TextAreaWithWildcard.o [22]
touchgfx::TypedText::getText() const::string (instance 3)
                         0x804'28f0       0x54  Data  Wk  TextAreaWithWildcard.o [22]
touchgfx::TypedText::getText() const::string (instance 5)
                         0x804'3140       0x40  Data  Wk  TextAreaWithWildcard.o [22]
touchgfx::TypedText::getTextDirection() const::string (instance 2)
                         0x804'2e64       0x44  Data  Wk  FontCache.o [8]
touchgfx::TypedText::getTextDirection() const::string (instance 3)
                         0x804'1e60       0x68  Data  Wk  FontCache.o [8]
touchgfx::TypedText::getTextDirection() const::string (instance 5)
                         0x804'3080       0x40  Data  Wk  FontCache.o [8]
touchgfx::TypedText::numberOfTypedTexts
                        0x2403'c2fa        0x2  Data  Gb  TypedText.o [22]
touchgfx::TypedText::texts
                        0x2403'c2e0        0x4  Data  Gb  TypedText.o [22]
touchgfx::TypedText::typedTexts
                        0x2403'c2dc        0x4  Data  Gb  TypedText.o [22]
touchgfx::UIEventListener::handleClickEvent(touchgfx::ClickEvent const &)
                         0x804'4393        0x2  Code  Wk  Application.o [22]
touchgfx::UIEventListener::handleDragEvent(touchgfx::DragEvent const &)
                         0x804'4395        0x2  Code  Wk  Application.o [22]
touchgfx::UIEventListener::handleGestureEvent(touchgfx::GestureEvent const &)
                         0x804'4397        0x2  Code  Wk  Application.o [22]
touchgfx::UIEventListener::handleKeyEvent(unsigned char)
                         0x804'4399        0x2  Code  Wk  Application.o [22]
touchgfx::UIEventListener::handleTickEvent()
                         0x804'439b        0x2  Code  Wk  Application.o [22]
touchgfx::Vector<touchgfx::Drawable *, (unsigned short)32>::quickRemoveAt(unsigned short)::string
                         0x804'3f10       0x10  Data  Wk  Application.o [22]
touchgfx::Vector<touchgfx::Drawable *, (unsigned short)32>::quickRemoveAt(unsigned short)::string (instance 2)
                         0x804'289c       0x54  Data  Wk  Application.o [22]
touchgfx::Vector<touchgfx::Rect, (unsigned short)8>::Vector()
                         0x802'5135       0x1c  Code  Wk  Application.o [22]
touchgfx::Vector<touchgfx::Rect, (unsigned short)8>::add(touchgfx::Rect)
                         0x802'59a1       0x4c  Code  Wk  Application.o [22]
touchgfx::Vector<touchgfx::Rect, (unsigned short)8>::add(touchgfx::Rect)::string (instance 2)
                         0x804'3548       0x30  Data  Wk  Application.o [22]
touchgfx::Vector<touchgfx::Rect, (unsigned short)8>::add(touchgfx::Rect)::string (instance 3)
                         0x804'2848       0x54  Data  Wk  Application.o [22]
touchgfx::Vector<touchgfx::Rect, (unsigned short)8>::quickRemoveAt(unsigned short)
                         0x802'58a1       0x4c  Code  Wk  Application.o [22]
touchgfx::Vector<touchgfx::Rect, (unsigned short)8>::quickRemoveAt(unsigned short)::string
                         0x804'3f00       0x10  Data  Wk  Application.o [22]
touchgfx::Vector<touchgfx::Rect, (unsigned short)8>::quickRemoveAt(unsigned short)::string (instance 2)
                         0x804'27f4       0x54  Data  Wk  Application.o [22]
touchgfx::VectorFontRendererImpl::VectorFontRendererImpl()
                         0x803'8c41        0x2  Code  Gb  VectorFontRendererImpl.o [22]
touchgfx::VectorFontRendererImpl::drawContour(unsigned short, unsigned short const *, short const *)
                         0x803'8e89      0x4d0  Code  Gb  VectorFontRendererImpl.o [22]
touchgfx::VectorFontRendererImpl::drawGlyph(touchgfx::Rect const &, touchgfx::Rect const &, unsigned short const *, touchgfx::Font const *, touchgfx::colortype, unsigned char, touchgfx::TextRotation, int, int)
                         0x803'8c5d      0x220  Code  Gb  VectorFontRendererImpl.o [22]
touchgfx::VectorFontRendererImpl::getVectorFontBuffers(float *&, int &, unsigned char *&, int &)
                         0x803'9e89        0xe  Code  Gb  VectorFontRendererImpl.o [8]
touchgfx::VectorRenderer::getInstance()
                         0x803'79ff       0x16  Code  Gb  TouchGFXGeneratedHAL.o [14]
touchgfx::VectorRenderer::getInstance()::renderer
                        0x2403'b60c       0xbc  Data  Lc  TouchGFXGeneratedHAL.o [14]
touchgfx::VectorRenderer::getInstance()::static guard for renderer
                        0x2403'b608        0x1  Data  Lc  TouchGFXGeneratedHAL.o [14]
touchgfx::View<MusicScreenPresenter>::~View()
                         0x804'3e3f        0x2  Code  Wk  MusicScreenViewBase.o [8]
touchgfx::View<Screen1Presenter>::~View()
                         0x804'4387        0x2  Code  Wk  Screen1ViewBase.o [8]
touchgfx::Widget::Widget() [subobject]
                         0x803'bd41       0x2e  Code  Wk  MusicScreenViewBase.o [8]
touchgfx::Widget::getLastChild(short, short, touchgfx::Drawable **)
                         0x802'9afb       0x12  Code  Wk  MusicScreenViewBase.o [8]
touchgfx::paint::rgb888::lineFromColor(unsigned char *, unsigned int, unsigned int, unsigned char)
                         0x803'7e8b       0x46  Code  Gb  STM32DMA.o [14]
touchgfx::paint::tearDown()
                         0x803'7e7d        0xe  Code  Gb  STM32DMA.o [14]
touchgfx_components_init
                         0x803'6fa9        0x2  Code  Gb  TouchGFXConfiguration.o [14]
touchgfx_fonts          0x2403'c274       0x10  Data  Gb  TypedTextDatabase.o [8]
touchgfx_init            0x803'6f3d       0x6c  Code  Gb  TouchGFXConfiguration.o [14]
touchgfx_taskEntry       0x803'6fab        0x6  Code  Gb  TouchGFXConfiguration.o [14]
typedTextDatabaseArray   0x802'3884        0x4  Data  Gb  TypedTextDatabase.o [8]
typedText_database_DEFAULT
                         0x804'4084        0xc  Data  Gb  TypedTextDatabase.o [8]
uartReceiveTask_attributes
                         0x804'1c90       0x24  Data  Lc  main.o [5]
ucHeap                  0x2400'8a60   0x1'86a0  Data  Lc  heap_4.o [7]
ucMaxSysCallPriority    0x2400'00b0        0x1  Data  Lc  port.o [7]
ulMaxPRIGROUPValue      0x2400'00b8        0x4  Data  Lc  port.o [7]
unicodes_NotoSansHebrew_Regular_20_4bpp
                         0x804'4374        0x4  Data  Gb  Table_NotoSansHebrew_Regular_20_4bpp.o [8]
unicodes_NotoSansHebrew_Regular_20_4bpp_0
                         0x804'2dd8       0x48  Data  Gb  Font_NotoSansHebrew_Regular_20_4bpp_0.o [8]
unicodes_NotoSansHebrew_Regular_80_4bpp
                         0x804'4378        0x4  Data  Gb  Table_NotoSansHebrew_Regular_80_4bpp.o [8]
unicodes_NotoSansHebrew_Regular_80_4bpp_0
                         0x801'89d4     0x6b6c  Data  Gb  Font_NotoSansHebrew_Regular_80_4bpp_0.o [8]
unicodes_verdana_20_4bpp
                         0x804'437c        0x4  Data  Gb  Table_verdana_20_4bpp.o [8]
unicodes_verdana_20_4bpp_0
                         0x803'f554      0x214  Data  Gb  Font_verdana_20_4bpp_0.o [8]
unicodes_verdana_80_4bpp
                         0x804'4380        0x4  Data  Gb  Table_verdana_80_4bpp.o [8]
unicodes_verdana_80_4bpp_0
                         0x800'0298   0x1'873c  Data  Gb  Font_verdana_80_4bpp_0.o [8]
updateRegion            0x2400'87fc        0x4  Data  Lc  TouchGFXHAL.o [15]
uwTick                  0x2400'0120        0x4  Data  Gb  stm32h7xx_hal.o [12]
uwTickFreq              0x2400'011c        0x1  Data  Gb  stm32h7xx_hal.o [12]
uwTickPrio              0x2400'0124        0x4  Data  Gb  stm32h7xx_hal.o [12]
uxCriticalNesting       0x2400'00b4        0x4  Data  Lc  port.o [7]
uxCurrentNumberOfTasks  0x2403'b72c        0x4  Data  Lc  tasks.o [7]
uxDeletedTasksWaitingCleanUp
                        0x2403'b728        0x4  Data  Lc  tasks.o [7]
uxListRemove             0x802'7459       0x28  Code  Gb  list.o [7]
uxSchedulerSuspended    0x2403'b748        0x4  Data  Lc  tasks.o [7]
uxTaskGetNumberOfTasks   0x802'7acf        0x8  Code  Gb  tasks.o [7]
uxTaskGetSystemState     0x802'7af9       0x9c  Code  Gb  tasks.o [7]
uxTaskNumber            0x2403'c2d8        0x4  Data  Lc  tasks.o [7]
uxTopReadyPriority      0x2403'b734        0x4  Data  Lc  tasks.o [7]
uxTopUsedPriority       0x2400'0130        0x4  Data  Gb  tasks.o [7]
vApplicationGetIdleTaskMemory
                         0x802'87cd       0x14  Code  Wk  cmsis_os2.o [7]
vApplicationGetIdleTaskMemory::Idle_Stack
                        0x2403'a06c      0x200  Data  Lc  cmsis_os2.o [7]
vApplicationGetIdleTaskMemory::Idle_TCB
                        0x2403'a00c       0x60  Data  Lc  cmsis_os2.o [7]
vApplicationGetTimerTaskMemory
                         0x802'8c15       0x18  Code  Wk  cmsis_os2.o [7]
vApplicationGetTimerTaskMemory::Timer_Stack
                        0x2403'6918      0x400  Data  Lc  cmsis_os2.o [7]
vApplicationGetTimerTaskMemory::Timer_TCB
                        0x2403'68b8       0x60  Data  Lc  cmsis_os2.o [7]
vApplicationIdleHook     0x802'8ad1        0xc  Code  Gb  freertos.o [5]
vApplicationStackOverflowHook
                         0x802'848d       0x22  Code  Gb  rtos_trace.o [9]
vListInitialise          0x802'7401       0x20  Code  Gb  list.o [7]
vListInitialiseItem      0x802'7421        0x6  Code  Gb  list.o [7]
vListInsert              0x802'7427       0x32  Code  Gb  list.o [7]
vPortEnableVFP           0x802'8791             Code  Gb  portasm.o [7]
vPortEnterCritical       0x802'7323       0x32  Code  Gb  port.o [7]
vPortExitCritical        0x802'7355       0x22  Code  Gb  port.o [7]
vPortFree                0x802'7593       0x54  Code  Gb  heap_4.o [7]
vPortSetupTimerInterrupt
                         0x802'86d1       0x2c  Code  Wk  port.o [7]
vPortStartFirstTask      0x802'8771             Code  Gb  portasm.o [7]
vPortValidateInterruptPriority
                         0x802'73a9       0x34  Code  Gb  port.o [7]
vQueueAddToRegistry      0x802'7161       0x3a  Code  Gb  queue.o [7]
vQueueDelete             0x802'7037       0x22  Code  Gb  queue.o [7]
vQueueUnregisterQueue    0x802'71a1       0x2a  Code  Gb  queue.o [7]
vQueueWaitForMessageRestricted
                         0x802'71d1       0x48  Code  Gb  queue.o [7]
vTaskDelay               0x802'7857       0x44  Code  Gb  tasks.o [7]
vTaskGetInfo             0x802'7fcf       0x82  Code  Gb  tasks.o [7]
vTaskInternalSetTimeOutState
                         0x802'7f09       0x14  Code  Gb  tasks.o [7]
vTaskMissedYield         0x802'7f7d        0xa  Code  Gb  tasks.o [7]
vTaskPlaceOnEventList    0x802'7da7       0x24  Code  Gb  tasks.o [7]
vTaskPlaceOnEventListRestricted
                         0x802'7dcb       0x58  Code  Gb  tasks.o [7]
vTaskPriorityDisinheritAfterTimeout
                         0x802'8235       0x6e  Code  Gb  tasks.o [7]
vTaskSetApplicationTaskTag
                         0x802'7ccd       0x1c  Code  Gb  tasks.o [7]
vTaskStartScheduler      0x802'7925       0x82  Code  Gb  tasks.o [7]
vTaskSuspendAll          0x802'79b1       0x10  Code  Gb  tasks.o [7]
vTaskSwitchContext       0x802'7cff       0x98  Code  Gb  tasks.o [7]
validate_dma_buffers     0x803'55a5       0x2a  Code  Gb  ble_uart.o [1]
vectorFontRenderer      0x2400'0f50       0x1c  Data  Lc  TouchGFXConfiguration.o [14]
videoTaskFunc            0x803'7b45        0x6  Code  Gb  TouchGFXGeneratedHAL.o [14]
videoTaskHandle         0x2403'9fe8        0x4  Data  Gb  main.o [5]
videoTask_attributes     0x804'1c6c       0x24  Data  Gb  main.o [5]
void touchgfx::Canvas::lineTo<float>(float, float)
                         0x802'daeb       0x20  Code  Wk  Canvas.o [22]
vsync_queue             0x2400'00a8        0x4  Data  Lc  OSWrappers.o [14]
xActiveTimerList1       0x2403'b288       0x1c  Data  Lc  timers.o [7]
xActiveTimerList2       0x2403'b2a4       0x1c  Data  Lc  timers.o [7]
xBleHistMutex           0x2403'b888        0x4  Data  Gb  ble_uart.o [1]
xBleQueue               0x2403'c200        0x4  Data  Gb  main.o [5]
xDelayedTaskList1       0x2403'b74c       0x1c  Data  Lc  tasks.o [7]
xDelayedTaskList2       0x2403'b768       0x1c  Data  Lc  tasks.o [7]
xFreeBytesRemaining     0x2400'8a50        0x4  Data  Lc  heap_4.o [7]
xMinimumEverFreeBytesRemaining
                        0x2400'8a54        0x4  Data  Lc  heap_4.o [7]
xMusicDoneQueue         0x2403'c2b0        0x4  Data  Gb  music_display_task.o [5]
xMusicQueue             0x2403'c2ac        0x4  Data  Gb  music_display_task.o [5]
xNextTaskUnblockTime    0x2403'b744        0x4  Data  Lc  tasks.o [7]
xNumOfOverflows         0x2403'c2d4        0x4  Data  Lc  tasks.o [7]
xNumberOfSuccessfulAllocations
                        0x2400'8a58        0x4  Data  Lc  heap_4.o [7]
xNumberOfSuccessfulFrees
                        0x2400'8a5c        0x4  Data  Lc  heap_4.o [7]
xPendedTicks            0x2403'b73c        0x4  Data  Lc  tasks.o [7]
xPendingReadyList       0x2403'b6c8       0x1c  Data  Lc  tasks.o [7]
xPortGetFreeHeapSize     0x802'75e7        0x6  Code  Gb  heap_4.o [7]
xPortStartScheduler      0x802'725d       0xb2  Code  Gb  port.o [7]
xPortSysTickHandler      0x802'7377       0x22  Code  Gb  port.o [7]
xQueueCreateCountingSemaphore
                         0x802'69fb       0x1e  Code  Gb  queue.o [7]
xQueueCreateCountingSemaphoreStatic
                         0x802'69d7       0x24  Code  Gb  queue.o [7]
xQueueCreateMutex        0x802'6941       0x16  Code  Gb  queue.o [7]
xQueueCreateMutexStatic
                         0x802'6957       0x1a  Code  Gb  queue.o [7]
xQueueGenericCreate      0x802'68b5       0x4a  Code  Gb  queue.o [7]
xQueueGenericCreateStatic
                         0x802'6865       0x50  Code  Gb  queue.o [7]
xQueueGenericReset       0x802'67cd       0x8a  Code  Gb  queue.o [7]
xQueueGenericSend        0x802'6a19      0x148  Code  Gb  queue.o [7]
xQueueGenericSendFromISR
                         0x802'6b69       0xc4  Code  Gb  queue.o [7]
xQueueGiveFromISR        0x802'6c2d       0xae  Code  Gb  queue.o [7]
xQueueGiveMutexRecursive
                         0x802'6971       0x32  Code  Gb  queue.o [7]
xQueueReceive            0x802'6ce3      0x10c  Code  Gb  queue.o [7]
xQueueReceiveFromISR     0x802'6f65       0xaa  Code  Gb  queue.o [7]
xQueueRegistry          0x2403'c078       0x40  Data  Gb  queue.o [7]
xQueueSemaphoreTake      0x802'6def      0x13c  Code  Gb  queue.o [7]
xQueueTakeMutexRecursive
                         0x802'69a3       0x34  Code  Gb  queue.o [7]
xRawBleQueue            0x2403'b88c        0x4  Data  Gb  ble_uart.o [1]
xSchedulerRunning       0x2403'b738        0x4  Data  Lc  tasks.o [7]
xStart                  0x2400'8a44        0x8  Data  Lc  heap_4.o [7]
xSuspendedTaskList      0x2403'b700       0x1c  Data  Lc  tasks.o [7]
xTaskCallApplicationTaskHook
                         0x802'7ce9       0x16  Code  Gb  tasks.o [7]
xTaskCheckForTimeOut     0x802'7f21       0x5c  Code  Gb  tasks.o [7]
xTaskCreate              0x802'76a5       0x5c  Code  Gb  tasks.o [7]
xTaskCreateStatic        0x802'763d       0x68  Code  Gb  tasks.o [7]
xTaskGetCurrentTaskHandle
                         0x802'810d        0x8  Code  Gb  tasks.o [7]
xTaskGetSchedulerState   0x802'8115       0x1a  Code  Gb  tasks.o [7]
xTaskGetTickCount        0x802'7ac7        0x8  Code  Gb  tasks.o [7]
xTaskIncrementTick       0x802'7b9d      0x126  Code  Gb  tasks.o [7]
xTaskPriorityDisinherit
                         0x802'81b7       0x6c  Code  Gb  tasks.o [7]
xTaskPriorityInherit     0x802'812f       0x78  Code  Gb  tasks.o [7]
xTaskRemoveFromEventList
                         0x802'7e23       0xc6  Code  Gb  tasks.o [7]
xTaskResumeAll           0x802'79c1      0x106  Code  Gb  tasks.o [7]
xTasksWaitingTermination
                        0x2403'b6e4       0x1c  Data  Lc  tasks.o [7]
xTickCount              0x2403'b730        0x4  Data  Lc  tasks.o [7]
xTimerCreateTimerTask    0x802'87e1       0x54  Code  Gb  timers.o [7]
xTimerQueue             0x2403'b27c        0x4  Data  Lc  timers.o [7]
xTimerTaskHandle        0x2403'b280        0x4  Data  Lc  timers.o [7]
xYieldPending           0x2403'b740        0x4  Data  Lc  tasks.o [7]


[1] = C:\TouchGFXProjects\MyApplication\EWARM\STM32H747I-DISCO_CM7\Obj
[2] = C:\TouchGFXProjects\MyApplication\EWARM\STM32H747I-DISCO_CM7\Obj\App_12009132908282961941.dir
[3] = C:\TouchGFXProjects\MyApplication\EWARM\STM32H747I-DISCO_CM7\Obj\CMSIS_6603591812247902717.dir
[4] = C:\TouchGFXProjects\MyApplication\EWARM\STM32H747I-DISCO_CM7\Obj\Components_1361118596739929299.dir
[5] = C:\TouchGFXProjects\MyApplication\EWARM\STM32H747I-DISCO_CM7\Obj\Core_17629195936475437497.dir
[6] = C:\TouchGFXProjects\MyApplication\EWARM\STM32H747I-DISCO_CM7\Obj\EWARM_18443280873093131863.dir
[7] = C:\TouchGFXProjects\MyApplication\EWARM\STM32H747I-DISCO_CM7\Obj\FreeRTOS_4809373609813369194.dir
[8] = C:\TouchGFXProjects\MyApplication\EWARM\STM32H747I-DISCO_CM7\Obj\GUI_11114253590660207011.dir
[9] = C:\TouchGFXProjects\MyApplication\EWARM\STM32H747I-DISCO_CM7\Obj\Inc_3232243142591220931.dir
[10] = C:\TouchGFXProjects\MyApplication\EWARM\STM32H747I-DISCO_CM7\Obj\LIBJPEG_2473779607728972362.dir
[11] = C:\TouchGFXProjects\MyApplication\EWARM\STM32H747I-DISCO_CM7\Obj\STM32H747I-Discovery_18006801983464326124.dir
[12] = C:\TouchGFXProjects\MyApplication\EWARM\STM32H747I-DISCO_CM7\Obj\STM32H7xx_HAL_Driver_12323373487323971647.dir
[13] = C:\TouchGFXProjects\MyApplication\EWARM\STM32H747I-DISCO_CM7\Obj\Utilities_17002154029713865955.dir
[14] = C:\TouchGFXProjects\MyApplication\EWARM\STM32H747I-DISCO_CM7\Obj\generated_3720473955569235793.dir
[15] = C:\TouchGFXProjects\MyApplication\EWARM\STM32H747I-DISCO_CM7\Obj\target_17943580272600211689.dir
[16] = dl7M_tlf.a
[17] = dlpp7M_tlv_fc.a
[18] = dlpprt7M_tl_fc.a
[19] = m7M_tlv.a
[20] = rt7M_tl.a
[21] = shb_l.a
[22] = touchgfx_core.a

    126'408 bytes of readonly  code memory
    153'788 bytes of readonly  data memory
  8'519'830 bytes of readwrite data memory

Errors: none
Warnings: none
