###############################################################################
#
# IAR ELF Linker V9.60.3.422/W64 for ARM                  29/Mar/2026  13:50:32
# Copyright 2007-2024 IAR Systems AB.
#
#    Output file  =
#        C:\TouchGFXProjects\MyApplication\EWARM\STM32H747I-DISCO_CM7\Exe\STM32H747I-DISCO_CM7.out
#    Map file     =
#        C:\TouchGFXProjects\MyApplication\EWARM\STM32H747I-DISCO_CM7\List\STM32H747I-DISCO_CM7.map
#    Command line =
#        -f
#        C:\TouchGFXProjects\MyApplication\EWARM\STM32H747I-DISCO_CM7\Exe\STM32H747I-DISCO_CM7.out.rsp
#        (C:\TouchGFXProjects\MyApplication\EWARM\STM32H747I-DISCO_CM7\Obj\App_12009132908282961941.dir\app_touchgfx.o
#        C:\TouchGFXProjects\MyApplication\EWARM\STM32H747I-DISCO_CM7\Obj\GUI_11114253590660207011.dir\ApplicationFontProvider.o
#        C:\TouchGFXProjects\MyApplication\EWARM\STM32H747I-DISCO_CM7\Obj\GUI_11114253590660207011.dir\BitmapDatabase.o
#        C:\TouchGFXProjects\MyApplication\EWARM\STM32H747I-DISCO_CM7\Obj\ble_uart.o
#        C:\TouchGFXProjects\MyApplication\EWARM\STM32H747I-DISCO_CM7\Obj\GUI_11114253590660207011.dir\CachedFont.o
#        C:\TouchGFXProjects\MyApplication\EWARM\STM32H747I-DISCO_CM7\Obj\FreeRTOS_4809373609813369194.dir\cmsis_os2.o
#        C:\TouchGFXProjects\MyApplication\EWARM\STM32H747I-DISCO_CM7\Obj\GUI_11114253590660207011.dir\CompressedFontCache.o
#        C:\TouchGFXProjects\MyApplication\EWARM\STM32H747I-DISCO_CM7\Obj\GUI_11114253590660207011.dir\CompressedUnmappedFontCache.o
#        C:\TouchGFXProjects\MyApplication\EWARM\STM32H747I-DISCO_CM7\Obj\FreeRTOS_4809373609813369194.dir\croutine.o
#        C:\TouchGFXProjects\MyApplication\EWARM\STM32H747I-DISCO_CM7\Obj\FreeRTOS_4809373609813369194.dir\event_groups.o
#        C:\TouchGFXProjects\MyApplication\EWARM\STM32H747I-DISCO_CM7\Obj\fault_handler_asm.o
#        C:\TouchGFXProjects\MyApplication\EWARM\STM32H747I-DISCO_CM7\Obj\GUI_11114253590660207011.dir\Font_NotoSansHebrew_Regular_20_4bpp_0.o
#        C:\TouchGFXProjects\MyApplication\EWARM\STM32H747I-DISCO_CM7\Obj\GUI_11114253590660207011.dir\Font_NotoSansHebrew_Regular_80_4bpp_0.o
#        C:\TouchGFXProjects\MyApplication\EWARM\STM32H747I-DISCO_CM7\Obj\GUI_11114253590660207011.dir\Font_verdana_20_4bpp_0.o
#        C:\TouchGFXProjects\MyApplication\EWARM\STM32H747I-DISCO_CM7\Obj\GUI_11114253590660207011.dir\Font_verdana_80_4bpp_0.o
#        C:\TouchGFXProjects\MyApplication\EWARM\STM32H747I-DISCO_CM7\Obj\GUI_11114253590660207011.dir\FontCache.o
#        C:\TouchGFXProjects\MyApplication\EWARM\STM32H747I-DISCO_CM7\Obj\Core_17629195936475437497.dir\freertos.o
#        C:\TouchGFXProjects\MyApplication\EWARM\STM32H747I-DISCO_CM7\Obj\GUI_11114253590660207011.dir\FrontendApplication.o
#        C:\TouchGFXProjects\MyApplication\EWARM\STM32H747I-DISCO_CM7\Obj\GUI_11114253590660207011.dir\FrontendApplicationBase.o
#        C:\TouchGFXProjects\MyApplication\EWARM\STM32H747I-DISCO_CM7\Obj\Components_1361118596739929299.dir\ft6x06.o
#        C:\TouchGFXProjects\MyApplication\EWARM\STM32H747I-DISCO_CM7\Obj\Components_1361118596739929299.dir\ft6x06_reg.o
#        C:\TouchGFXProjects\MyApplication\EWARM\STM32H747I-DISCO_CM7\Obj\GUI_11114253590660207011.dir\GeneratedFont.o
#        C:\TouchGFXProjects\MyApplication\EWARM\STM32H747I-DISCO_CM7\Obj\generated_3720473955569235793.dir\HardwareMJPEGDecoder.o
#        C:\TouchGFXProjects\MyApplication\EWARM\STM32H747I-DISCO_CM7\Obj\FreeRTOS_4809373609813369194.dir\heap_4.o
#        C:\TouchGFXProjects\MyApplication\EWARM\STM32H747I-DISCO_CM7\Obj\Components_1361118596739929299.dir\is42s32800j.o
#        C:\TouchGFXProjects\MyApplication\EWARM\STM32H747I-DISCO_CM7\Obj\Core_17629195936475437497.dir\jpeg_decoder.o
#        C:\TouchGFXProjects\MyApplication\EWARM\STM32H747I-DISCO_CM7\Obj\Utilities_17002154029713865955.dir\jpeg_utils.o
#        C:\TouchGFXProjects\MyApplication\EWARM\STM32H747I-DISCO_CM7\Obj\GUI_11114253590660207011.dir\Kerning_NotoSansHebrew_Regular_20_4bpp.o
#        C:\TouchGFXProjects\MyApplication\EWARM\STM32H747I-DISCO_CM7\Obj\GUI_11114253590660207011.dir\Kerning_NotoSansHebrew_Regular_80_4bpp.o
#        C:\TouchGFXProjects\MyApplication\EWARM\STM32H747I-DISCO_CM7\Obj\GUI_11114253590660207011.dir\Kerning_verdana_20_4bpp.o
#        C:\TouchGFXProjects\MyApplication\EWARM\STM32H747I-DISCO_CM7\Obj\GUI_11114253590660207011.dir\Kerning_verdana_80_4bpp.o
#        C:\TouchGFXProjects\MyApplication\EWARM\STM32H747I-DISCO_CM7\Obj\GUI_11114253590660207011.dir\LanguageGb.o
#        C:\TouchGFXProjects\MyApplication\EWARM\STM32H747I-DISCO_CM7\Obj\LIBJPEG_2473779607728972362.dir\libjpeg.o
#        C:\TouchGFXProjects\MyApplication\EWARM\STM32H747I-DISCO_CM7\Obj\FreeRTOS_4809373609813369194.dir\list.o
#        C:\TouchGFXProjects\MyApplication\EWARM\STM32H747I-DISCO_CM7\Obj\Core_17629195936475437497.dir\main.o
#        C:\TouchGFXProjects\MyApplication\EWARM\STM32H747I-DISCO_CM7\Obj\GUI_11114253590660207011.dir\Model.o
#        C:\TouchGFXProjects\MyApplication\EWARM\STM32H747I-DISCO_CM7\Obj\Components_1361118596739929299.dir\mt25tl01g.o
#        C:\TouchGFXProjects\MyApplication\EWARM\STM32H747I-DISCO_CM7\Obj\Core_17629195936475437497.dir\music_display_task.o
#        C:\TouchGFXProjects\MyApplication\EWARM\STM32H747I-DISCO_CM7\Obj\GUI_11114253590660207011.dir\MusicScreenPresenter.o
#        C:\TouchGFXProjects\MyApplication\EWARM\STM32H747I-DISCO_CM7\Obj\GUI_11114253590660207011.dir\MusicScreenView.o
#        C:\TouchGFXProjects\MyApplication\EWARM\STM32H747I-DISCO_CM7\Obj\GUI_11114253590660207011.dir\MusicScreenViewBase.o
#        C:\TouchGFXProjects\MyApplication\EWARM\STM32H747I-DISCO_CM7\Obj\generated_3720473955569235793.dir\OSWrappers.o
#        C:\TouchGFXProjects\MyApplication\EWARM\STM32H747I-DISCO_CM7\Obj\Components_1361118596739929299.dir\otm8009a.o
#        C:\TouchGFXProjects\MyApplication\EWARM\STM32H747I-DISCO_CM7\Obj\Components_1361118596739929299.dir\otm8009a_reg.o
#        C:\TouchGFXProjects\MyApplication\EWARM\STM32H747I-DISCO_CM7\Obj\FreeRTOS_4809373609813369194.dir\port.o
#        C:\TouchGFXProjects\MyApplication\EWARM\STM32H747I-DISCO_CM7\Obj\FreeRTOS_4809373609813369194.dir\portasm.o
#        C:\TouchGFXProjects\MyApplication\EWARM\STM32H747I-DISCO_CM7\Obj\FreeRTOS_4809373609813369194.dir\queue.o
#        C:\TouchGFXProjects\MyApplication\EWARM\STM32H747I-DISCO_CM7\Obj\Inc_3232243142591220931.dir\rtos_trace.o
#        C:\TouchGFXProjects\MyApplication\EWARM\STM32H747I-DISCO_CM7\Obj\GUI_11114253590660207011.dir\Screen1Presenter.o
#        C:\TouchGFXProjects\MyApplication\EWARM\STM32H747I-DISCO_CM7\Obj\GUI_11114253590660207011.dir\Screen1View.o
#        C:\TouchGFXProjects\MyApplication\EWARM\STM32H747I-DISCO_CM7\Obj\GUI_11114253590660207011.dir\Screen1ViewBase.o
#        C:\TouchGFXProjects\MyApplication\EWARM\STM32H747I-DISCO_CM7\Obj\Core_17629195936475437497.dir\SEGGER_RTT.o
#        C:\TouchGFXProjects\MyApplication\EWARM\STM32H747I-DISCO_CM7\Obj\EWARM_18443280873093131863.dir\startup_stm32h747xx_CM7.o
#        C:\TouchGFXProjects\MyApplication\EWARM\STM32H747I-DISCO_CM7\Obj\generated_3720473955569235793.dir\STM32DMA.o
#        C:\TouchGFXProjects\MyApplication\EWARM\STM32H747I-DISCO_CM7\Obj\STM32H747I-Discovery_18006801983464326124.dir\stm32h747i_discovery_bus.o
#        C:\TouchGFXProjects\MyApplication\EWARM\STM32H747I-DISCO_CM7\Obj\STM32H747I-Discovery_18006801983464326124.dir\stm32h747i_discovery_qspi.o
#        C:\TouchGFXProjects\MyApplication\EWARM\STM32H747I-DISCO_CM7\Obj\STM32H747I-Discovery_18006801983464326124.dir\stm32h747i_discovery_sdram.o
#        C:\TouchGFXProjects\MyApplication\EWARM\STM32H747I-DISCO_CM7\Obj\STM32H747I-Discovery_18006801983464326124.dir\stm32h747i_discovery_ts.o
#        C:\TouchGFXProjects\MyApplication\EWARM\STM32H747I-DISCO_CM7\Obj\target_17943580272600211689.dir\STM32H7Instrumentation.o
#        C:\TouchGFXProjects\MyApplication\EWARM\STM32H747I-DISCO_CM7\Obj\STM32H7xx_HAL_Driver_12323373487323971647.dir\stm32h7xx_hal.o
#        C:\TouchGFXProjects\MyApplication\EWARM\STM32H747I-DISCO_CM7\Obj\STM32H7xx_HAL_Driver_12323373487323971647.dir\stm32h7xx_hal_cortex.o
#        C:\TouchGFXProjects\MyApplication\EWARM\STM32H747I-DISCO_CM7\Obj\STM32H7xx_HAL_Driver_12323373487323971647.dir\stm32h7xx_hal_crc.o
#        C:\TouchGFXProjects\MyApplication\EWARM\STM32H747I-DISCO_CM7\Obj\STM32H7xx_HAL_Driver_12323373487323971647.dir\stm32h7xx_hal_crc_ex.o
#        C:\TouchGFXProjects\MyApplication\EWARM\STM32H747I-DISCO_CM7\Obj\STM32H7xx_HAL_Driver_12323373487323971647.dir\stm32h7xx_hal_dma.o
#        C:\TouchGFXProjects\MyApplication\EWARM\STM32H747I-DISCO_CM7\Obj\STM32H7xx_HAL_Driver_12323373487323971647.dir\stm32h7xx_hal_dma2d.o
#        C:\TouchGFXProjects\MyApplication\EWARM\STM32H747I-DISCO_CM7\Obj\STM32H7xx_HAL_Driver_12323373487323971647.dir\stm32h7xx_hal_dma_ex.o
#        C:\TouchGFXProjects\MyApplication\EWARM\STM32H747I-DISCO_CM7\Obj\STM32H7xx_HAL_Driver_12323373487323971647.dir\stm32h7xx_hal_dsi.o
#        C:\TouchGFXProjects\MyApplication\EWARM\STM32H747I-DISCO_CM7\Obj\STM32H7xx_HAL_Driver_12323373487323971647.dir\stm32h7xx_hal_exti.o
#        C:\TouchGFXProjects\MyApplication\EWARM\STM32H747I-DISCO_CM7\Obj\STM32H7xx_HAL_Driver_12323373487323971647.dir\stm32h7xx_hal_flash.o
#        C:\TouchGFXProjects\MyApplication\EWARM\STM32H747I-DISCO_CM7\Obj\STM32H7xx_HAL_Driver_12323373487323971647.dir\stm32h7xx_hal_flash_ex.o
#        C:\TouchGFXProjects\MyApplication\EWARM\STM32H747I-DISCO_CM7\Obj\STM32H7xx_HAL_Driver_12323373487323971647.dir\stm32h7xx_hal_gpio.o
#        C:\TouchGFXProjects\MyApplication\EWARM\STM32H747I-DISCO_CM7\Obj\STM32H7xx_HAL_Driver_12323373487323971647.dir\stm32h7xx_hal_hsem.o
#        C:\TouchGFXProjects\MyApplication\EWARM\STM32H747I-DISCO_CM7\Obj\STM32H7xx_HAL_Driver_12323373487323971647.dir\stm32h7xx_hal_i2c.o
#        C:\TouchGFXProjects\MyApplication\EWARM\STM32H747I-DISCO_CM7\Obj\STM32H7xx_HAL_Driver_12323373487323971647.dir\stm32h7xx_hal_i2c_ex.o
#        C:\TouchGFXProjects\MyApplication\EWARM\STM32H747I-DISCO_CM7\Obj\STM32H7xx_HAL_Driver_12323373487323971647.dir\stm32h7xx_hal_jpeg.o
#        C:\TouchGFXProjects\MyApplication\EWARM\STM32H747I-DISCO_CM7\Obj\STM32H7xx_HAL_Driver_12323373487323971647.dir\stm32h7xx_hal_ltdc.o
#        C:\TouchGFXProjects\MyApplication\EWARM\STM32H747I-DISCO_CM7\Obj\STM32H7xx_HAL_Driver_12323373487323971647.dir\stm32h7xx_hal_ltdc_ex.o
#        C:\TouchGFXProjects\MyApplication\EWARM\STM32H747I-DISCO_CM7\Obj\STM32H7xx_HAL_Driver_12323373487323971647.dir\stm32h7xx_hal_mdma.o
#        C:\TouchGFXProjects\MyApplication\EWARM\STM32H747I-DISCO_CM7\Obj\Core_17629195936475437497.dir\stm32h7xx_hal_msp.o
#        C:\TouchGFXProjects\MyApplication\EWARM\STM32H747I-DISCO_CM7\Obj\STM32H7xx_HAL_Driver_12323373487323971647.dir\stm32h7xx_hal_nand.o
#        C:\TouchGFXProjects\MyApplication\EWARM\STM32H747I-DISCO_CM7\Obj\STM32H7xx_HAL_Driver_12323373487323971647.dir\stm32h7xx_hal_nor.o
#        C:\TouchGFXProjects\MyApplication\EWARM\STM32H747I-DISCO_CM7\Obj\STM32H7xx_HAL_Driver_12323373487323971647.dir\stm32h7xx_hal_pwr.o
#        C:\TouchGFXProjects\MyApplication\EWARM\STM32H747I-DISCO_CM7\Obj\STM32H7xx_HAL_Driver_12323373487323971647.dir\stm32h7xx_hal_pwr_ex.o
#        C:\TouchGFXProjects\MyApplication\EWARM\STM32H747I-DISCO_CM7\Obj\STM32H7xx_HAL_Driver_12323373487323971647.dir\stm32h7xx_hal_qspi.o
#        C:\TouchGFXProjects\MyApplication\EWARM\STM32H747I-DISCO_CM7\Obj\STM32H7xx_HAL_Driver_12323373487323971647.dir\stm32h7xx_hal_rcc.o
#        C:\TouchGFXProjects\MyApplication\EWARM\STM32H747I-DISCO_CM7\Obj\STM32H7xx_HAL_Driver_12323373487323971647.dir\stm32h7xx_hal_rcc_ex.o
#        C:\TouchGFXProjects\MyApplication\EWARM\STM32H747I-DISCO_CM7\Obj\STM32H7xx_HAL_Driver_12323373487323971647.dir\stm32h7xx_hal_sdram.o
#        C:\TouchGFXProjects\MyApplication\EWARM\STM32H747I-DISCO_CM7\Obj\STM32H7xx_HAL_Driver_12323373487323971647.dir\stm32h7xx_hal_sram.o
#        C:\TouchGFXProjects\MyApplication\EWARM\STM32H747I-DISCO_CM7\Obj\STM32H7xx_HAL_Driver_12323373487323971647.dir\stm32h7xx_hal_tim.o
#        C:\TouchGFXProjects\MyApplication\EWARM\STM32H747I-DISCO_CM7\Obj\STM32H7xx_HAL_Driver_12323373487323971647.dir\stm32h7xx_hal_tim_ex.o
#        C:\TouchGFXProjects\MyApplication\EWARM\STM32H747I-DISCO_CM7\Obj\Core_17629195936475437497.dir\stm32h7xx_hal_timebase_tim.o
#        C:\TouchGFXProjects\MyApplication\EWARM\STM32H747I-DISCO_CM7\Obj\STM32H7xx_HAL_Driver_12323373487323971647.dir\stm32h7xx_hal_uart.o
#        C:\TouchGFXProjects\MyApplication\EWARM\STM32H747I-DISCO_CM7\Obj\STM32H7xx_HAL_Driver_12323373487323971647.dir\stm32h7xx_hal_uart_ex.o
#        C:\TouchGFXProjects\MyApplication\EWARM\STM32H747I-DISCO_CM7\Obj\Core_17629195936475437497.dir\stm32h7xx_it.o
#        C:\TouchGFXProjects\MyApplication\EWARM\STM32H747I-DISCO_CM7\Obj\STM32H7xx_HAL_Driver_12323373487323971647.dir\stm32h7xx_ll_delayblock.o
#        C:\TouchGFXProjects\MyApplication\EWARM\STM32H747I-DISCO_CM7\Obj\STM32H7xx_HAL_Driver_12323373487323971647.dir\stm32h7xx_ll_fmc.o
#        C:\TouchGFXProjects\MyApplication\EWARM\STM32H747I-DISCO_CM7\Obj\target_17943580272600211689.dir\STM32TouchController.o
#        C:\TouchGFXProjects\MyApplication\EWARM\STM32H747I-DISCO_CM7\Obj\FreeRTOS_4809373609813369194.dir\stream_buffer.o
#        C:\TouchGFXProjects\MyApplication\EWARM\STM32H747I-DISCO_CM7\Obj\GUI_11114253590660207011.dir\SVGDatabase.o
#        C:\TouchGFXProjects\MyApplication\EWARM\STM32H747I-DISCO_CM7\Obj\CMSIS_6603591812247902717.dir\system_stm32h7xx_dualcore_boot_cm4_cm7.o
#        C:\TouchGFXProjects\MyApplication\EWARM\STM32H747I-DISCO_CM7\Obj\GUI_11114253590660207011.dir\Table_NotoSansHebrew_Regular_20_4bpp.o
#        C:\TouchGFXProjects\MyApplication\EWARM\STM32H747I-DISCO_CM7\Obj\GUI_11114253590660207011.dir\Table_NotoSansHebrew_Regular_80_4bpp.o
#        C:\TouchGFXProjects\MyApplication\EWARM\STM32H747I-DISCO_CM7\Obj\GUI_11114253590660207011.dir\Table_verdana_20_4bpp.o
#        C:\TouchGFXProjects\MyApplication\EWARM\STM32H747I-DISCO_CM7\Obj\GUI_11114253590660207011.dir\Table_verdana_80_4bpp.o
#        C:\TouchGFXProjects\MyApplication\EWARM\STM32H747I-DISCO_CM7\Obj\FreeRTOS_4809373609813369194.dir\tasks.o
#        C:\TouchGFXProjects\MyApplication\EWARM\STM32H747I-DISCO_CM7\Obj\GUI_11114253590660207011.dir\Texts.o
#        C:\TouchGFXProjects\MyApplication\EWARM\STM32H747I-DISCO_CM7\Obj\FreeRTOS_4809373609813369194.dir\timers.o
#        C:\TouchGFXProjects\MyApplication\EWARM\STM32H747I-DISCO_CM7\Obj\generated_3720473955569235793.dir\TouchGFXConfiguration.o
#        C:\TouchGFXProjects\MyApplication\EWARM\STM32H747I-DISCO_CM7\Obj\generated_3720473955569235793.dir\TouchGFXGeneratedHAL.o
#        C:\TouchGFXProjects\MyApplication\EWARM\STM32H747I-DISCO_CM7\Obj\target_17943580272600211689.dir\TouchGFXGPIO.o
#        C:\TouchGFXProjects\MyApplication\EWARM\STM32H747I-DISCO_CM7\Obj\target_17943580272600211689.dir\TouchGFXHAL.o
#        C:\TouchGFXProjects\MyApplication\EWARM\STM32H747I-DISCO_CM7\Obj\GUI_11114253590660207011.dir\TypedTextDatabase.o
#        C:\TouchGFXProjects\MyApplication\EWARM\STM32H747I-DISCO_CM7\Obj\GUI_11114253590660207011.dir\VectorFontRendererImpl.o
#        --no_out_extension -o
#        C:\TouchGFXProjects\MyApplication\EWARM\STM32H747I-DISCO_CM7\Exe\STM32H747I-DISCO_CM7.out
#        --redirect _Printf=_PrintfFullNoMb --redirect _Scanf=_ScanfFullNoMb
#        --map
#        C:\TouchGFXProjects\MyApplication\EWARM\STM32H747I-DISCO_CM7\List\STM32H747I-DISCO_CM7.map
#        --config
#        C:\TouchGFXProjects\MyApplication\EWARM/stm32h747xx_flash_CM7.icf
#        --semihosting
#        C:\TouchGFXProjects\MyApplication\CM7\Middlewares\ST\touchgfx\lib\core\cortex_m7\IAR9.x\touchgfx_core.a
#        --entry __iar_program_start --redirect
#        __iar_sh_stdout=__iar_sh_stdout_swo --vfe --text_out locale
#        --cpu=Cortex-M7 --fpu=VFPv5_d16) --dependencies=n
#        C:\TouchGFXProjects\MyApplication\EWARM\STM32H747I-DISCO_CM7\Exe\STM32H747I-DISCO_CM7.out.iar_deps
#
###############################################################################

*******************************************************************************
*** RUNTIME MODEL ATTRIBUTES
***

CppFlavor                     = *
__CPP_Exceptions              = Disabled
__CPP_Language                = C++14
__CPP_Library                 = DLib
__CPP_Runtime                 = 1
__Heap_Handler                = Basic
__SystemLibrary               = DLib
__dlib_dynamic_initialization = normal
__dlib_version                = 6


*******************************************************************************
*** HEAP SELECTION
***

The basic heap was selected because --advanced_heap
was not specified and the application did not appear to
be primarily optimized for speed.


*******************************************************************************
*** PLACEMENT SUMMARY
***

"A0":  place at address 0x800'0000 { ro section .intvec };
"P1":  place in [from 0x800'0000 to 0x80f'ffff] {
          ro, section IntFlashSection, section FontFlashSection,
          section TextFlashSection };
define block CSTACK with size = 4K, alignment = 8 { };
define block HEAP with size = 4K, alignment = 8 { };
"P2":  place in [from 0x2400'0000 to 0x2407'ffff] {
          rw, block CSTACK, block HEAP };
"P4":  place in [from 0xd000'0000 to 0xd1ff'ffff] {
          first section TouchGFX_Framebuffer, section Video_RGB_Buffer,
          section .sdram_bss };
do not initialize {
   section .noinit, section Video_RGB_Buffer, section TouchGFX_Framebuffer,
   section .sdram_bss };
initialize by copy { rw };

No sections matched the following patterns:

  section .cm4_code        in "A1"
  section ExtFlashSection  in "P3"
  section IntFlashSection  in "P1"


  Section                 Kind         Address  Alignment       Size  Object
  -------                 ----         -------  ---------       ----  ------
"A0":                                                          0x298
  .intvec                 ro code   0x800'0000          4      0x298  startup_stm32h747xx_CM7.o [6]
                                  - 0x800'0298                 0x298

"P1":                                                       0x4'ada8
  FontFlashSection        const     0x800'0298          4   0x1'873c  Font_verdana_80_4bpp_0.o [8]
  FontFlashSection        const     0x801'89d4          4     0x6b6c  Font_NotoSansHebrew_Regular_80_4bpp_0.o [8]
  .text                   ro code   0x801'f540          4     0x2294  stm32h7xx_hal_dma.o [12]
  .text                   ro code   0x802'17d4          4        0xc  stm32h7xx_hal.o [12]
  .text                   ro code   0x802'17e0          4     0x1658  TextProvider.o [22]
  .text                   ro code   0x802'2e38          4       0x66  ABImemset.o [20]
  .text                   ro code   0x802'2e9e          2       0x7e  lz77_init_single.o [20]
  .text                   ro code   0x802'2f1c          4      0x218  Texts.o [8]
  .text                   ro code   0x802'3134          4       0x24  ABIassert.o [21]
  .text                   ro code   0x802'3158          4       0xa6  ABImemcpy.o [20]
  .text                   ro code   0x802'31fe          2       0x62  Font.o [22]
  .text                   ro code   0x802'3260          4     0x1120  LCD.o [22]
  .text                   ro code   0x802'4380          4       0x2c  TypedTextDatabase.o [8]
  .text                   ro code   0x802'43ac          4       0x1c  Texts.o [8]
  .text                   ro code   0x802'43c8          2        0x6  abort.o [16]
  .text                   ro code   0x802'43ce          2       0x8a  TextArea.o [22]
  .text                   ro code   0x802'4458          2       0x12  LCD.o [22]
  .text                   ro code   0x802'446a          2       0x2e  CachedFont.o [8]
  .text                   ro code   0x802'4498          4       0x6c  Table_verdana_20_4bpp.o [8]
  .text                   ro code   0x802'4504          4       0x6c  Table_verdana_80_4bpp.o [8]
  .text                   ro code   0x802'4570          4       0x6c  Table_NotoSansHebrew_Regular_20_4bpp.o [8]
  .text                   ro code   0x802'45dc          4       0x6c  Table_NotoSansHebrew_Regular_80_4bpp.o [8]
  .text                   ro code   0x802'4648          4       0x14  exit.o [21]
  .text                   ro code   0x802'465c          4      0x104  GeneratedFont.o [8]
  .text                   ro code   0x802'4760          2      0x17a  ConstFont.o [22]
  .text                   ro code   0x802'48da          2       0x22  FrontendApplicationBase.o [8]
  .text                   ro code   0x802'48fc          4     0x14c4  stm32h7xx_hal_jpeg.o [12]
  .text                   ro code   0x802'5dc0          4      0x6c8  stm32h7xx_hal_msp.o [5]
  .text                   ro code   0x802'6488          4      0x556  stm32h7xx_hal_mdma.o [12]
  .text                   ro code   0x802'69de          2       0x1a  xsnprout.o [16]
  .text                   ro code   0x802'69f8          4      0x6e4  HardwareMJPEGDecoder.o [14]
  .text                   ro code   0x802'70dc          2        0x2  stm32h7xx_hal_jpeg.o [12]
  .text                   ro code   0x802'70de          2       0x16  TouchGFXGeneratedHAL.o [14]
  .text                   ro code   0x802'70f4          4      0x1dc  stm32h7xx_hal_cortex.o [12]
  .text                   ro code   0x802'72d0          4     0x1304  stm32h7xx_hal_rcc_ex.o [12]
  .text                   ro code   0x802'85d4          4     0x10ec  main.o [5]
  .text                   ro code   0x802'96c0          4      0x460  stm32h7xx_hal_gpio.o [12]
  .text                   ro code   0x802'9b20          2        0xc  HardwareMJPEGDecoder.o [14]
  .text                   ro code   0x802'9b2c          4      0x734  cmsis_os2.o [7]
  .text                   ro code   0x802'a260          2       0x34  HardwareMJPEGDecoder.o [14]
  .text                   ro code   0x802'a294          2       0x54  HardwareMJPEGDecoder.o [14]
  .text                   ro code   0x802'a2e8          2        0x4  HardwareMJPEGDecoder.o [14]
  .text                   ro code   0x802'a2ec          2        0x4  HardwareMJPEGDecoder.o [14]
  .text                   ro code   0x802'a2f0          4      0x668  stm32h7xx_hal_rcc.o [12]
  .text                   ro code   0x802'a958          4       0x74  stm32h7xx_hal.o [12]
  .text                   ro code   0x802'a9cc          4       0x30  stm32h7xx_hal_hsem.o [12]
  .text                   ro code   0x802'a9fc          2        0x2  libjpeg.o [10]
  .text                   ro code   0x802'a9fe          2       0x18  app_touchgfx.o [2]
  .text                   ro code   0x802'aa16          2        0xe  STM32DMA.o [14]
  .text                   ro code   0x802'aa24          4      0x544  ble_uart.o [1]
  .text                   ro code   0x802'af68          4      0xe24  queue.o [7]
  .text                   ro code   0x802'bd8c          4      0x2b0  music_display_task.o [5]
  .text                   ro code   0x802'c03c          4      0x3f4  rtos_trace.o [9]
  .text                   ro code   0x802'c430          4     0x11b0  tasks.o [7]
  .text                   ro code   0x802'd5e0          4       0x8c  stm32h7xx_hal_pwr_ex.o [12]
  .text                   ro code   0x802'd66c          4      0x6f8  stm32h7xx_hal_rcc.o [12]
  .text                   ro code   0x802'dd64          4       0x90  stm32h7xx_hal_crc.o [12]
  .text                   ro code   0x802'ddf4          4      0x1d4  stm32h7xx_hal_dma2d.o [12]
  .text                   ro code   0x802'dfc8          4       0x28  stm32h7xx_hal.o [12]
  .text                   ro code   0x802'dff0          4      0xb5c  stm32h7xx_hal_dsi.o [12]
  .text                   ro code   0x802'eb4c          4      0x518  stm32h7xx_hal_ltdc.o [12]
  .text                   ro code   0x802'f064          4      0xb24  otm8009a.o [4]
  .text                   ro code   0x802'fb88          4      0x708  stm32h7xx_hal_qspi.o [12]
  .text                   ro code   0x803'0290          4      0x588  stm32h747i_discovery_qspi.o [11]
  .text                   ro code   0x803'0818          4      0x100  stm32h7xx_hal_sdram.o [12]
  .text                   ro code   0x803'0918          4      0x250  stm32h747i_discovery_sdram.o [11]
  .text                   ro code   0x803'0b68          4     0x1034  stm32h7xx_hal_uart.o [12]
  .text                   ro code   0x803'1b9c          4       0x28  printf.o [16]
  .text                   ro code   0x803'1bc4          4       0xac  fflush.o [16]
  .text                   ro code   0x803'1c70          2       0x2a  strncmp.o [16]
  .text                   ro code   0x803'1c9a          2        0xe  TouchGFXConfiguration.o [14]
  .text                   ro code   0x803'1ca8          4       0x70  strncpy.o [20]
  .text                   ro code   0x803'1d18          4       0x16  strchr.o [20]
  .text                   ro code   0x803'1d2e          2        0xa  TouchGFXConfiguration.o [14]
  .text                   ro code   0x803'1d38          4      0x13e  iar_Stoulx.o [16]
  .text                   ro code   0x803'1e76          2        0xa  TouchGFXGeneratedHAL.o [14]
  .text                   ro code   0x803'1e80          4       0x18  stm32h7xx_hal.o [12]
  .text                   ro code   0x803'1e98          2        0x2  HardwareMJPEGDecoder.o [14]
  .text                   ro code   0x803'1e9a          2        0x6  CachedFont.o [8]
  .text                   ro code   0x803'1ea0          4      0x25c  port.o [7]
  .text                   ro code   0x803'20fc          4       0xb0  stm32h7xx_hal_timebase_tim.o [5]
  .text                   ro code   0x803'21ac          4       0xc4  TouchGFXConfiguration.o [14]
  .text                   ro code   0x803'2270          4       0x44  snprintf.o [16]
  .text                   ro code   0x803'22b4          4      0x152  SEGGER_RTT.o [5]
  .text                   ro code   0x803'2406          2        0x6  FrontendApplicationBase.o [8]
  .text                   ro code   0x803'240c          4       0x96  ABImemmove.o [20]
  .text                   ro code   0x803'24a2          2        0x6  MusicScreenPresenter.o [8]
  .text                   ro code   0x803'24a8          4       0x70  stm32h7xx_hal_uart_ex.o [12]
  .text                   ro code   0x803'2518          2       0x8a  list.o [7]
  .text                   ro code   0x803'25a2          2        0x6  MusicScreenViewBase.o [8]
  .text                   ro code   0x803'25a8          4      0x28c  heap_4.o [7]
  .text                   ro code   0x803'2834          4      0x4f4  jpeg_decoder.o [5]
  .text                   ro code   0x803'2d28          4       0x18  cmsis_os2.o [7]
  .text                   ro code   0x803'2d40          4      0x3e8  timers.o [7]
  .text                   ro code   0x803'3128          4       0x10  freertos.o [5]
  .text                   ro code   0x803'3138          2       0x7e  stm32h7xx_hal_crc_ex.o [12]
  .text                   ro code   0x803'31b6          2        0x2  stm32h7xx_hal_dma2d.o [12]
  .text                   ro code   0x803'31b8          2        0x2  stm32h7xx_hal_dma2d.o [12]
  .text                   ro code   0x803'31ba          2        0x6  STM32DMA.o [14]
  .text                   ro code   0x803'31c0          4      0x512  TouchGFXHAL.o [15]
  .text                   ro code   0x803'36d2          2        0x2  stm32h7xx_hal_dsi.o [12]
  .text                   ro code   0x803'36d4          2        0x2  stm32h7xx_hal_ltdc.o [12]
  .text                   ro code   0x803'36d6          2        0x2  stm32h7xx_hal_ltdc.o [12]
  .text                   ro code   0x803'36d8          2        0x2  stm32h7xx_hal_ltdc.o [12]
  .text                   ro code   0x803'36da          2       0x1e  otm8009a_reg.o [4]
  .text                   ro code   0x803'36f8          2      0x46c  mt25tl01g.o [4]
  .text                   ro code   0x803'3b64          4       0x38  stm32h747i_discovery_qspi.o [11]
  .text                   ro code   0x803'3b9c          4      0x166  stm32h7xx_ll_fmc.o [12]
  .text                   ro code   0x803'3d02          2        0x6  TouchGFXConfiguration.o [14]
  .text                   ro code   0x803'3d08          4       0x74  stm32h747i_discovery_sdram.o [11]
  .text                   ro code   0x803'3d7c          4      0x158  is42s32800j.o [4]
  .text                   ro code   0x803'3ed4          2        0x2  stm32h7xx_hal_uart.o [12]
  .text                   ro code   0x803'3ed6          2        0x2  stm32h7xx_hal_uart_ex.o [12]
  .text                   ro code   0x803'3ed8          2        0x2  stm32h7xx_hal_uart_ex.o [12]
  .text                   ro code   0x803'3eda          2        0x2  stm32h7xx_hal_uart_ex.o [12]
  .text                   ro code   0x803'3edc          4      0x230  I64DivMod.o [20]
  .text                   ro code   0x803'410c          2        0x2  stm32h7xx_hal_uart.o [12]
  .text                   ro code   0x803'410e          2        0x2  stm32h7xx_hal_uart.o [12]
  .text                   ro code   0x803'4110          2        0x2  stm32h7xx_hal_uart.o [12]
  .text                   ro code   0x803'4112          2        0x6  TouchGFXConfiguration.o [14]
  .text                   ro code   0x803'4118          4      0xece  xprintffull_nomb.o [16]
  .text                   ro code   0x803'4fe6          2       0x10  write.o [21]
  .text                   ro code   0x803'4ff6          2       0x14  isspace.o [16]
  .text                   ro code   0x803'500a          2       0x14  tolower.o [16]
  .text                   ro code   0x803'501e          2        0x6  TouchGFXGeneratedHAL.o [14]
  .text                   ro code   0x803'5024          4       0x58  memchr.o [20]
  .text                   ro code   0x803'507c          4       0x34  port.o [7]
  CODE                    ro code   0x803'50b0          4       0xb0  portasm.o [7]
  .text                   ro code   0x803'5160          4      0x41c  stm32h7xx_hal_tim.o [12]
  .text                   ro code   0x803'557c          4       0x18  TouchGFXConfiguration.o [14]
  .text                   ro code   0x803'5594          4      0x524  STM32DMA.o [14]
  .text                   ro code   0x803'5ab8          2       0x32  cxxabi.o [18]
  .text                   ro code   0x803'5aea          2        0x6  TouchGFXGeneratedHAL.o [14]
  .text                   ro code   0x803'5af0          4      0xd04  LCD24bpp.o [22]
  .text                   ro code   0x803'67f4          4      0x74c  VectorFontRendererImpl.o [22]
  .text                   ro code   0x803'6f40          4        0xc  BitmapDatabase.o [8]
  .text                   ro code   0x803'6f4c          4      0x11c  Bitmap.o [22]
  .text                   ro code   0x803'7068          4        0xc  TouchGFXConfiguration.o [14]
  .text                   ro code   0x803'7074          4       0x98  CanvasWidgetRenderer.o [22]
  .text                   ro code   0x803'710c          2        0x4  TouchGFXConfiguration.o [14]
  .text                   ro code   0x803'7110          4        0xc  FontManager.o [22]
  .text                   ro code   0x803'711c          4       0x30  TouchGFXConfiguration.o [14]
  .text                   ro code   0x803'714c          4      0xb90  jpeg_utils.o [13]
  .text                   ro code   0x803'7cdc          4       0x18  cmsis_os2.o [7]
  .text                   ro code   0x803'7cf4          4       0x18  TouchGFXHAL.o [15]
  .text                   ro code   0x803'7d0c          2       0x18  TouchGFXHAL.o [15]
  .text                   ro code   0x803'7d24          4      0x230  TouchGFXGeneratedHAL.o [14]
  .text                   ro code   0x803'7f54          2        0x6  TouchGFXHAL.o [15]
  .rodata                 const     0x803'7f5a          2        0x2  otm8009a.o [4]
  .text                   ro code   0x803'7f5c          4       0xbe  STM32H7Instrumentation.o [15]
  .text                   ro code   0x803'801a          2        0x4  TouchGFXHAL.o [15]
  .text                   ro code   0x803'801e          2        0x6  TouchGFXHAL.o [15]
  .text                   ro code   0x803'8024          4       0xcc  OSWrappers.o [14]
  .text                   ro code   0x803'80f0          4       0x78  TouchGFXGeneratedHAL.o [14]
  .text                   ro code   0x803'8168          4      0xa12  HAL.o [22]
  .rodata                 const     0x803'8b7a          2        0x2  otm8009a.o [4]
  .text                   ro code   0x803'8b7c          4      0x218  TouchGFXGPIO.o [15]
  .text                   ro code   0x803'8d94          4        0xc  CompressedFontCache.o [8]
  .text                   ro code   0x803'8da0          2       0x12  TouchGFXHAL.o [15]
  .text                   ro code   0x803'8db2          2       0x14  TouchGFXHAL.o [15]
  .rodata                 const     0x803'8dc6          2        0x2  otm8009a.o [4]
  .text                   ro code   0x803'8dc8          4        0x2  I64DivZer.o [20]
  .rodata                 const     0x803'8dca          2        0x2  rtos_trace.o [9]
  .text                   ro code   0x803'8dcc          4       0x40  xfail_s.o [16]
  .text                   ro code   0x803'8e0c          4       0x36  strlen.o [20]
  .rodata                 const     0x803'8e42          2        0x2  xlocale_c.o [16]
  .text                   ro code   0x803'8e44          4       0x70  frexp.o [19]
  .text                   ro code   0x803'8eb4          4       0x34  DblCmpLe.o [19]
  .text                   ro code   0x803'8ee8          4       0x34  DblCmpGe.o [19]
  .text                   ro code   0x803'8f1c          4      0x104  ldexp.o [19]
  .text                   ro code   0x803'9020          2        0xe  DblToS32.o [19]
  .text                   ro code   0x803'902e          2        0xe  S32ToDbl.o [19]
  .text                   ro code   0x803'903c          2       0x12  DblSub.o [19]
  .text                   ro code   0x803'904e          2       0x12  DblDiv.o [19]
  .text                   ro code   0x803'9060          2        0xe  DblToU32.o [19]
  .text                   ro code   0x803'906e          2        0xe  U32ToDbl.o [19]
  .text                   ro code   0x803'907c          2       0x12  DblMul.o [19]
  .rodata                 const     0x803'908e          2        0x2  xlocale_c.o [16]
  .text                   ro code   0x803'9090          4       0x3c  xlocale_c.o [16]
  .text                   ro code   0x803'90cc          2       0x1e  dwrite.o [21]
  .text                   ro code   0x803'90ea          2        0x2  stm32h7xx_hal_tim.o [12]
  .text                   ro code   0x803'90ec          2        0x2  stm32h7xx_hal_tim.o [12]
  .text                   ro code   0x803'90ee          2        0x2  stm32h7xx_hal_tim.o [12]
  .text                   ro code   0x803'90f0          2        0x2  stm32h7xx_hal_tim.o [12]
  .text                   ro code   0x803'90f2          2        0x2  stm32h7xx_hal_tim_ex.o [12]
  .text                   ro code   0x803'90f4          2        0x2  stm32h7xx_hal_tim_ex.o [12]
  .text                   ro code   0x803'90f6          2        0x2  stm32h7xx_hal_tim.o [12]
  .text                   ro code   0x803'90f8          2        0x2  stm32h7xx_hal_tim_ex.o [12]
  .text                   ro code   0x803'90fa          2        0xc  TouchGFXConfiguration.o [14]
  .text                   ro code   0x803'9106          2       0x10  STM32DMA.o [14]
  .text                   ro code   0x803'9116          2        0xc  STM32DMA.o [14]
  .text                   ro code   0x803'9122          2        0x2  FrontendApplicationBase.o [8]
  .text                   ro code   0x803'9124          4      0x222  DMA.o [22]
  .text                   ro code   0x803'9346          2        0x2  FrontendApplicationBase.o [8]
  .text                   ro code   0x803'9348          4       0x54  STM32DMA.o [14]
  .text                   ro code   0x803'939c          4       0x4c  STM32DMA.o [14]
  .text                   ro code   0x803'93e8          2        0x4  STM32DMA.o [14]
  .text                   ro code   0x803'93ec          4       0xa0  cppinit.o [16]
  .text                   ro code   0x803'948c          4       0xe0  DisplayTransformation.o [22]
  .text                   ro code   0x803'956c          4      0x194  Matrix3x3.o [22]
  .text                   ro code   0x803'9700          2       0x16  VectorFontRendererImpl.o [8]
  .text                   ro code   0x803'9716          2        0x2  FrontendApplicationBase.o [8]
  .text                   ro code   0x803'9718          4       0x60  TouchGFXConfiguration.o [14]
  .text                   ro code   0x803'9778          2        0xc  TouchGFXHAL.o [15]
  .text                   ro code   0x803'9784          4       0x30  TouchGFXHAL.o [15]
  .text                   ro code   0x803'97b4          4       0x8c  TouchGFXGeneratedHAL.o [14]
  .text                   ro code   0x803'9840          4       0x30  TouchGFXGeneratedHAL.o [14]
  .text                   ro code   0x803'9870          4     0x1404  Application.o [22]
  .text                   ro code   0x803'ac74          2        0x4  TouchGFXGeneratedHAL.o [14]
  .text                   ro code   0x803'ac78          4       0x2c  TouchGFXGeneratedHAL.o [14]
  .text                   ro code   0x803'aca4          2        0xa  TouchGFXGeneratedHAL.o [14]
  .text                   ro code   0x803'acae          2       0x5a  TouchGFXGeneratedHAL.o [14]
  .text                   ro code   0x803'ad08          2       0xee  TouchGFXGeneratedHAL.o [14]
  .text                   ro code   0x803'adf6          2        0x2  FrontendApplicationBase.o [8]
  .text                   ro code   0x803'adf8          4       0x28  TouchGFXGeneratedHAL.o [14]
  .text                   ro code   0x803'ae20          4      0x164  Gestures.o [22]
  .text                   ro code   0x803'af84          4      0x20c  TouchCalibration.o [22]
  .text                   ro code   0x803'b190          4       0x4c  iarwstdswo.o [21]
  .text                   ro code   0x803'b1dc          2       0x22  iarwrite.o [21]
  .text                   ro code   0x803'b1fe          2        0x2  TouchGFXConfiguration.o [14]
  .text                   ro code   0x803'b200          2        0xc  STM32DMA.o [14]
  .text                   ro code   0x803'b20c          2        0xc  memcpy.o [20]
  .text                   ro code   0x803'b218          4      0x1d4  cos_sin32.o [19]
  .text                   ro code   0x803'b3ec          2       0x10  TouchGFXConfiguration.o [14]
  .text                   ro code   0x803'b3fc          4       0x18  TouchGFXConfiguration.o [14]
  .text                   ro code   0x803'b414          4       0x18  TouchGFXConfiguration.o [14]
  .text                   ro code   0x803'b42c          4       0x18  TouchGFXConfiguration.o [14]
  .text                   ro code   0x803'b444          4      0x278  Model.o [8]
  .text                   ro code   0x803'b6bc          4       0x20  FrontendApplication.o [8]
  .text                   ro code   0x803'b6dc          2        0xe  TouchGFXConfiguration.o [14]
  .text                   ro code   0x803'b6ea          2        0xa  TouchGFXHAL.o [15]
  .text                   ro code   0x803'b6f4          2       0x18  TouchGFXHAL.o [15]
  .text                   ro code   0x803'b70c          2        0xc  TouchGFXGeneratedHAL.o [14]
  .text                   ro code   0x803'b718          2        0xc  TouchGFXGeneratedHAL.o [14]
  .text                   ro code   0x803'b724          2        0x4  MusicScreenView.o [8]
  .text                   ro code   0x803'b728          4       0x28  TouchGFXGeneratedHAL.o [14]
  .text                   ro code   0x803'b750          4       0x18  TouchGFXGeneratedHAL.o [14]
  .text                   ro code   0x803'b768          4       0x1c  Application.o [22]
  .text                   ro code   0x803'b784          2       0x12  MusicScreenViewBase.o [8]
  .text                   ro code   0x803'b796          2        0x2  FrontendApplicationBase.o [8]
  .text                   ro code   0x803'b798          4       0xe4  stm32_crc_lock.o [22]
  .text                   ro code   0x803'b87c          4      0x54e  Screen.o [22]
  .text                   ro code   0x803'bdca          2       0x4a  Application.o [22]
  .text                   ro code   0x803'be14          2       0x18  Application.o [22]
  .text                   ro code   0x803'be2c          2       0x8e  Application.o [22]
  .text                   ro code   0x803'beba          2        0x2  MusicScreenPresenter.o [8]
  .text                   ro code   0x803'bebc          4       0x4c  Application.o [22]
  .text                   ro code   0x803'bf08          2       0x52  Application.o [22]
  .text                   ro code   0x803'bf5a          2       0x44  Application.o [22]
  .text                   ro code   0x803'bf9e          2        0x2  MusicScreenPresenter.o [8]
  .text                   ro code   0x803'bfa0          4       0x4c  Application.o [22]
  .text                   ro code   0x803'bfec          2       0x88  HAL.o [22]
  .text                   ro code   0x803'c074          4        0x6  ABImemclr4.o [20]
  .text                   ro code   0x803'c07a          2       0x48  TouchGFXGeneratedHAL.o [14]
  .text                   ro code   0x803'c0c2          2        0x2  MusicScreenPresenter.o [8]
  .text                   ro code   0x803'c0c4          4       0x20  Screen.o [22]
  .text                   ro code   0x803'c0e4          4       0x1c  Screen.o [22]
  .text                   ro code   0x803'c100          4       0x28  TouchGFXConfiguration.o [14]
  .text                   ro code   0x803'c128          4        0xa  AbstractPartition.o [22]
  .text                   ro code   0x803'c132          2        0x2  MusicScreenPresenter.o [8]
  .text                   ro code   0x803'c134          4       0xf4  FrontendApplicationBase.o [8]
  .text                   ro code   0x803'c228          4      0x154  TouchGFXHAL.o [15]
  .text                   ro code   0x803'c37c          2        0x2  TouchGFXGeneratedHAL.o [14]
  .text                   ro code   0x803'c37e          2        0x2  MusicScreenPresenter.o [8]
  .text                   ro code   0x803'c380          4       0x3c  TouchGFXGeneratedHAL.o [14]
  .text                   ro code   0x803'c3bc          2        0xc  TouchGFXGeneratedHAL.o [14]
  .text                   ro code   0x803'c3c8          2        0xc  TouchGFXGeneratedHAL.o [14]
  .text                   ro code   0x803'c3d4          2        0xc  TouchGFXGeneratedHAL.o [14]
  .text                   ro code   0x803'c3e0          4       0x38  Screen.o [22]
  .text                   ro code   0x803'c418          4      0x124  Drawable.o [22]
  .text                   ro code   0x803'c53c          4      0x3d2  Container.o [22]
  .text                   ro code   0x803'c90e          2       0x12  MusicScreenViewBase.o [8]
  .text                   ro code   0x803'c920          2       0x42  Screen.o [22]
  .text                   ro code   0x803'c962          2       0x28  Screen.o [22]
  .text                   ro code   0x803'c98a          2       0x28  Screen.o [22]
  .text                   ro code   0x803'c9b2          2        0x2  MusicScreenPresenter.o [8]
  .text                   ro code   0x803'c9b4          4       0x1c  Screen.o [22]
  .text                   ro code   0x803'c9d0          4       0x32  ABImemset48.o [20]
  .text                   ro code   0x803'ca02          2       0x10  TouchGFXConfiguration.o [14]
  .text                   ro code   0x803'ca12          2        0xc  FrontendApplicationBase.o [8]
  .text                   ro code   0x803'ca1e          2        0x2  MusicScreenPresenter.o [8]
  .text                   ro code   0x803'ca20          4       0x28  FrontendApplicationBase.o [8]
  .text                   ro code   0x803'ca48          4       0x24  FrontendApplicationBase.o [8]
  LCD24bpp_enableTextureMapperAll
                          ro code   0x803'ca6c          2       0x24  LCD24bpp.o [22]
  LCD24bpp_enableDecompressorL8_All
                          ro code   0x803'ca90          2       0x18  LCD24bpp.o [22]
  LCD24bpp_enableDecompressorRGB
                          ro code   0x803'caa8          4       0x20  LCD24bpp.o [22]
  .text                   ro code   0x803'cac8          4       0x24  FrontendApplicationBase.o [8]
  .text                   ro code   0x803'caec          2       0x1e  FrontendApplicationBase.o [8]
  .text                   ro code   0x803'cb0a          2        0x2  MusicScreenPresenter.o [8]
  .text                   ro code   0x803'cb0c          4      0x1bc  FrontendApplicationBase.o [8]
  .text                   ro code   0x803'ccc8          4      0x1bc  FrontendApplicationBase.o [8]
  .text                   ro code   0x803'ce84          2       0x16  TouchGFXHAL.o [15]
  .text                   ro code   0x803'ce9a          2        0xc  TouchGFXGeneratedHAL.o [14]
  .text                   ro code   0x803'cea6          2        0x2  MusicScreenPresenter.o [8]
  .text                   ro code   0x803'cea8          4       0x18  TouchGFXGeneratedHAL.o [14]
  .text                   ro code   0x803'cec0          4       0x78  TouchGFXGeneratedHAL.o [14]
  .text                   ro code   0x803'cf38          4       0x18  TouchGFXGeneratedHAL.o [14]
  .text                   ro code   0x803'cf50          2       0x36  TouchGFXGeneratedHAL.o [14]
  .text                   ro code   0x803'cf86          2       0x30  Container.o [22]
  .text                   ro code   0x803'cfb6          2        0x2  MusicScreenPresenter.o [8]
  .text                   ro code   0x803'cfb8          4       0x18  TouchGFXConfiguration.o [14]
  .text                   ro code   0x803'cfd0          4       0x2c  FrontendApplicationBase.o [8]
  .text                   ro code   0x803'cffc          2        0xc  FrontendApplicationBase.o [8]
  LCD24bpp_enableTextureMapperA4
                          ro code   0x803'd008          2       0x12  LCD24bpp.o [22]
  LCD24bpp_enableTextureMapperARGB8888
                          ro code   0x803'd01a          2       0x12  LCD24bpp.o [22]
  LCD24bpp_enableTextureMapperL8_ARGB8888
                          ro code   0x803'd02c          2       0x12  LCD24bpp.o [22]
  LCD24bpp_enableTextureMapperL8_RGB888
                          ro code   0x803'd03e          2       0x12  LCD24bpp.o [22]
  LCD24bpp_enableTextureMapperRGB888
                          ro code   0x803'd050          2       0x12  LCD24bpp.o [22]
  .text                   ro code   0x803'd062          2        0x2  MusicScreenView.o [8]
  LCD24bpp_enableDecompressorL8_L4
                          ro code   0x803'd064          4       0x14  LCD24bpp.o [22]
  LCD24bpp_enableDecompressorL8_RLE
                          ro code   0x803'd078          4       0x14  LCD24bpp.o [22]
  LCD24bpp_enableDecompressorL8_LZW9
                          ro code   0x803'd08c          4       0x20  LCD24bpp.o [22]
  .text                   ro code   0x803'd0ac          2        0x2  FrontendApplicationBase.o [8]
  .text                   ro code   0x803'd0ae          2        0xc  FrontendApplicationBase.o [8]
  .text                   ro code   0x803'd0ba          2       0x14  FrontendApplicationBase.o [8]
  .text                   ro code   0x803'd0ce          2        0x4  FrontendApplicationBase.o [8]
  .text                   ro code   0x803'd0d2          2        0x2  MusicScreenView.o [8]
  .text                   ro code   0x803'd0d4          4       0x18  FrontendApplicationBase.o [8]
  .text                   ro code   0x803'd0ec          2       0x14  FrontendApplicationBase.o [8]
  .text                   ro code   0x803'd100          4      0x2e0  Screen1View.o [8]
  .text                   ro code   0x803'd3e0          2       0x14  FrontendApplicationBase.o [8]
  .text                   ro code   0x803'd3f4          4       0x74  Screen1Presenter.o [8]
  .text                   ro code   0x803'd468          2        0x4  FrontendApplicationBase.o [8]
  .text                   ro code   0x803'd46c          2        0x4  FrontendApplicationBase.o [8]
  .text                   ro code   0x803'd470          2        0x4  FrontendApplicationBase.o [8]
  .text                   ro code   0x803'd474          2       0x14  FrontendApplicationBase.o [8]
  .text                   ro code   0x803'd488          4      0x416  MusicScreenView.o [8]
  .text                   ro code   0x803'd89e          2       0x14  FrontendApplicationBase.o [8]
  .text                   ro code   0x803'd8b2          2        0x2  MusicScreenView.o [8]
  .text                   ro code   0x803'd8b4          4      0x158  MusicScreenPresenter.o [8]
  .text                   ro code   0x803'da0c          2        0x4  FrontendApplicationBase.o [8]
  .text                   ro code   0x803'da10          2       0x22  TouchGFXHAL.o [15]
  .text                   ro code   0x803'da32          2        0x2  TouchGFXGeneratedHAL.o [14]
  .text                   ro code   0x803'da34          4      0x158  CanvasWidget.o [22]
  .text                   ro code   0x803'db8c          2        0xc  TouchGFXGeneratedHAL.o [14]
  .text                   ro code   0x803'db98          2        0x4  TouchGFXGeneratedHAL.o [14]
  .text                   ro code   0x803'db9c          2        0x6  STM32DMA.o [14]
  .text                   ro code   0x803'dba2          2        0x2  FrontendApplicationBase.o [8]
  LCD24bpp_enableTextureMapperA4_BilinearInterpolation
                          ro code   0x803'dba4          4       0x20  LCD24bpp.o [22]
  LCD24bpp_enableTextureMapperA4_NearestNeighbor
                          ro code   0x803'dbc4          4       0x20  LCD24bpp.o [22]
  LCD24bpp_enableTextureMapperARGB8888_BilinearInterpolation
                          ro code   0x803'dbe4          4       0x20  LCD24bpp.o [22]
  LCD24bpp_enableTextureMapperARGB8888_NearestNeighbor
                          ro code   0x803'dc04          4       0x20  LCD24bpp.o [22]
  LCD24bpp_enableTextureMapperL8_ARGB8888_BilinearInterpolation
                          ro code   0x803'dc24          4       0x20  LCD24bpp.o [22]
  LCD24bpp_enableTextureMapperL8_ARGB8888_NearestNeighbor
                          ro code   0x803'dc44          4       0x20  LCD24bpp.o [22]
  LCD24bpp_enableTextureMapperL8_RGB888_BilinearInterpolation
                          ro code   0x803'dc64          4       0x20  LCD24bpp.o [22]
  LCD24bpp_enableTextureMapperL8_RGB888_NearestNeighbor
                          ro code   0x803'dc84          4       0x20  LCD24bpp.o [22]
  LCD24bpp_enableTextureMapperRGB888_BilinearInterpolation
                          ro code   0x803'dca4          4       0x20  LCD24bpp.o [22]
  LCD24bpp_enableTextureMapperRGB888_NearestNeighbor
                          ro code   0x803'dcc4          4       0x20  LCD24bpp.o [22]
  .text                   ro code   0x803'dce4          2        0xc  FrontendApplicationBase.o [8]
  .text                   ro code   0x803'dcf0          4       0x88  Screen1ViewBase.o [8]
  .text                   ro code   0x803'dd78          4       0x1c  MusicScreenViewBase.o [8]
  .text                   ro code   0x803'dd94          2       0x30  MusicScreenViewBase.o [8]
  .text                   ro code   0x803'ddc4          4        0xc  MusicScreenViewBase.o [8]
  .text                   ro code   0x803'ddd0          4      0xa48  TextArea.o [22]
  .text                   ro code   0x803'e818          2       0x10  MusicScreenView.o [8]
  .text                   ro code   0x803'e828          2       0x10  MusicScreenViewBase.o [8]
  .text                   ro code   0x803'e838          2        0x2  MusicScreenViewBase.o [8]
  .text                   ro code   0x803'e83a          2        0xc  MusicScreenPresenter.o [8]
  .text                   ro code   0x803'e846          2        0xc  MusicScreenPresenter.o [8]
  .text                   ro code   0x803'e852          2        0x2  MusicScreenViewBase.o [8]
  .text                   ro code   0x803'e854          4       0xf2  MusicScreenViewBase.o [8]
  .text                   ro code   0x803'e946          2        0x6  MusicScreenView.o [8]
  .text                   ro code   0x803'e94c          2        0x4  MusicScreenView.o [8]
  .text                   ro code   0x803'e950          2        0xa  MusicScreenView.o [8]
  .text                   ro code   0x803'e95a          2        0x4  MusicScreenView.o [8]
  .text                   ro code   0x803'e95e          2        0x6  MusicScreenPresenter.o [8]
  .text                   ro code   0x803'e964          2       0x28  MusicScreenPresenter.o [8]
  .text                   ro code   0x803'e98c          2        0x6  MusicScreenPresenter.o [8]
  .text                   ro code   0x803'e992          2       0x28  MusicScreenPresenter.o [8]
  .text                   ro code   0x803'e9ba          2        0x6  TouchGFXGeneratedHAL.o [14]
  .text                   ro code   0x803'e9c0          4       0x14  FrontendApplicationBase.o [8]
  .text                   ro code   0x803'e9d4          2        0xc  Screen1ViewBase.o [8]
  .text                   ro code   0x803'e9e0          4       0x30  MusicScreenViewBase.o [8]
  .text                   ro code   0x803'ea10          2        0x4  MusicScreenViewBase.o [8]
  .text                   ro code   0x803'ea14          2        0xc  MusicScreenViewBase.o [8]
  .text                   ro code   0x803'ea20          2       0x22  MusicScreenViewBase.o [8]
  .text                   ro code   0x803'ea42          2       0x22  MusicScreenViewBase.o [8]
  .text                   ro code   0x803'ea64          2       0x1e  TextArea.o [22]
  .text                   ro code   0x803'ea82          2       0x2a  TextAreaWithWildcard.o [22]
  .text                   ro code   0x803'eaac          2        0x4  MusicScreenView.o [8]
  .text                   ro code   0x803'eab0          4        0xc  MusicScreenPresenter.o [8]
  .text                   ro code   0x803'eabc          4       0x10  MusicScreenPresenter.o [8]
  .text                   ro code   0x803'eacc          2        0xc  MusicScreenViewBase.o [8]
  .text                   ro code   0x803'ead8          4       0x30  MusicScreenViewBase.o [8]
  .text                   ro code   0x803'eb08          2        0x6  MusicScreenViewBase.o [8]
  .text                   ro code   0x803'eb0e          2        0x2  MusicScreenViewBase.o [8]
  .text                   ro code   0x803'eb10          4       0x1c  Screen1ViewBase.o [8]
  .text                   ro code   0x803'eb2c          2        0xc  MusicScreenViewBase.o [8]
  .text                   ro code   0x803'eb38          4       0x18  MusicScreenViewBase.o [8]
  .text                   ro code   0x803'eb50          4       0x1c  MusicScreenViewBase.o [8]
  .text                   ro code   0x803'eb6c          2        0xe  MusicScreenViewBase.o [8]
  .text                   ro code   0x803'eb7a          2        0xc  MusicScreenViewBase.o [8]
  .text                   ro code   0x803'eb86          2        0xc  MusicScreenViewBase.o [8]
  .text                   ro code   0x803'eb92          2        0x2  MusicScreenViewBase.o [8]
  .text                   ro code   0x803'eb94          4       0x5c  MusicScreenViewBase.o [8]
  .text                   ro code   0x803'ebf0          2       0x36  MusicScreenViewBase.o [8]
  .text                   ro code   0x803'ec26          2       0x20  MusicScreenViewBase.o [8]
  .text                   ro code   0x803'ec46          2        0x2  MusicScreenViewBase.o [8]
  .text                   ro code   0x803'ec48          4     0x1298  CWRVectorRenderer.o [22]
  .text                   ro code   0x803'fee0          4      0x918  Canvas.o [22]
  .text                   ro code   0x804'07f8          2       0x3e  CWRVectorRenderer.o [22]
  .text                   ro code   0x804'0836          2       0x3e  CWRVectorRenderer.o [22]
  .text                   ro code   0x804'0874          4      0xe18  Outline.o [22]
  .text                   ro code   0x804'168c          4       0x5c  CWRVectorRenderer.o [22]
  .text                   ro code   0x804'16e8          4       0x1e  sqrtf.o [19]
  .text                   ro code   0x804'1706          2       0x2e  CWRVectorRenderer.o [22]
  .text                   ro code   0x804'1734          2       0x2e  CWRVectorRenderer.o [22]
  .text                   ro code   0x804'1762          2       0x1a  Canvas.o [22]
  .text                   ro code   0x804'177c          2       0x14  Canvas.o [22]
  .text                   ro code   0x804'1790          2      0x192  Canvas.o [22]
  .text                   ro code   0x804'1922          2        0x2  MusicScreenViewBase.o [8]
  .text                   ro code   0x804'1924          4       0x6a  atan2f.o [19]
  .text                   ro code   0x804'198e          2       0x20  Canvas.o [22]
  .text                   ro code   0x804'19ae          2       0x26  Canvas.o [22]
  .text                   ro code   0x804'19d4          4       0xa4  xatanf.o [19]
  .text                   ro code   0x804'1a78          4      0x934  stm32h7xx_hal_i2c.o [12]
  .text                   ro code   0x804'23ac          2        0x2  stm32h7xx_hal_i2c.o [12]
  .text                   ro code   0x804'23ae          2        0x2  stm32h7xx_hal_i2c.o [12]
  .rodata                 const     0x804'23b0          4      0x600  Bitmap.o [22]
  .text                   ro code   0x804'29b0          4      0x5e0  stm32h747i_discovery_bus.o [11]
  .text                   ro code   0x804'2f90          2       0x60  stm32h747i_discovery_bus.o [11]
  .text                   ro code   0x804'2ff0          4       0xc6  stm32h7xx_hal_i2c_ex.o [12]
  .text                   ro code   0x804'30b6          2        0x2  MusicScreenViewBase.o [8]
  .rodata                 const     0x804'30b8          4      0x50c  LCD24bpp.o [22]
  FontFlashSection        const     0x804'35c4          4      0x508  Table_verdana_80_4bpp.o [8]
  .text                   ro code   0x804'3acc          4      0x4aa  PainterRGB888LinearGradient.o [22]
  .text                   ro code   0x804'3f76          2        0x2  Screen1Presenter.o [8]
  FontSearchFlashSection  const     0x804'3f78          4      0x3d4  Kerning_verdana_80_4bpp.o [8]
  .text                   ro code   0x804'434c          4      0x364  stm32h747i_discovery_ts.o [11]
  .text                   ro code   0x804'46b0          4      0x2e4  ft6x06.o [4]
  .text                   ro code   0x804'4994          2      0x112  ft6x06_reg.o [4]
  .text                   ro code   0x804'4aa6          2        0x2  Screen1ViewBase.o [8]
  .rodata                 const     0x804'4aa8          4      0x308  HAL.o [22]
  .rodata                 const     0x804'4db0          4      0x300  jpeg_utils.o [13]
  FontFlashSection        const     0x804'50b0          4      0x278  Table_NotoSansHebrew_Regular_80_4bpp.o [8]
  FontFlashSection        const     0x804'5328          4      0x214  Font_verdana_20_4bpp_0.o [8]
  .text                   ro code   0x804'553c          4      0x1b4  TextAreaWithWildcard.o [22]
  .rodata                 const     0x804'56f0          4      0x180  LCD.o [22]
  .text                   ro code   0x804'5870          4      0x168  stm32h7xx_it.o [5]
  .text                   ro code   0x804'59d8          4      0x168  system_stm32h7xx_dualcore_boot_cm4_cm7.o [3]
  TextFlashSection        const     0x804'5b40          4      0x12c  Texts.o [8]
  .rodata                 const     0x804'5c6c          4      0x104  CWRVectorRenderer.o [22]
  .rodata                 const     0x804'5d70          4       0xf4  Container.o [22]
  .rodata                 const     0x804'5e64          4       0xec  TouchGFXGeneratedHAL.o [14]
  .rodata                 const     0x804'5f50          4       0xec  TouchGFXHAL.o [15]
  .rodata                 const     0x804'603c          4       0xe0  Canvas.o [22]
  .rodata                 const     0x804'611c          4       0xdc  main.o [5]
  .rodata                 const     0x804'61f8          4       0xd8  VectorFontRendererImpl.o [22]
  .rodata                 const     0x804'62d0          4       0xd4  DMA.o [22]
  .rodata                 const     0x804'63a4          4       0xbc  CanvasWidgetRenderer.o [22]
  .rodata                 const     0x804'6460          4       0xb4  stm32h7xx_hal_jpeg.o [12]
  .rodata                 const     0x804'6514          4       0xb4  stm32h7xx_hal_jpeg.o [12]
  .rodata                 const     0x804'65c8          4       0xa4  FrontendApplicationBase.o [8]
  .rodata                 const     0x804'666c          4       0xa4  FrontendApplicationBase.o [8]
  .rodata                 const     0x804'6710          4       0xa4  FrontendApplicationBase.o [8]
  .rodata                 const     0x804'67b4          4       0xa4  FrontendApplicationBase.o [8]
  .text                   ro code   0x804'6858          4       0x98  PixelDataWidget.o [22]
  .rodata                 const     0x804'68f0          4       0x94  Outline.o [22]
  .rodata                 const     0x804'6984          4       0x90  FrontendApplicationBase.o [8]
  .rodata                 const     0x804'6a14          4       0x90  FrontendApplicationBase.o [8]
  .rodata                 const     0x804'6aa4          4       0x90  MusicScreenViewBase.o [8]
  .rodata                 const     0x804'6b34          4       0x90  Container.o [22]
  .rodata                 const     0x804'6bc4          4       0x90  TextAreaWithWildcard.o [22]
  .rodata                 const     0x804'6c54          4       0x90  TextArea.o [22]
  .text                   ro code   0x804'6ce4          4       0x90  STM32TouchController.o [15]
  .rodata                 const     0x804'6d74          4       0x84  stm32h747i_discovery_bus.o [11]
  .rodata                 const     0x804'6df8          4       0x84  TouchGFXGeneratedHAL.o [14]
  .text                   ro code   0x804'6e7c          4       0x7c  STM32DMA.o [14]
  .text                   ro code   0x804'6ef8          4       0x20  STM32DMA.o [14]
  .text                   ro code   0x804'6f18          4       0x28  STM32DMA.o [14]
  .rodata                 const     0x804'6f40          4       0x78  TouchGFXGeneratedHAL.o [14]
  .rodata                 const     0x804'6fb8          4       0x78  CanvasWidget.o [22]
  .text                   ro code   0x804'7030          4       0x74  STM32DMA.o [14]
  FontFlashSection        const     0x804'70a4          4       0x70  Table_verdana_20_4bpp.o [8]
  .rodata                 const     0x804'7114          4       0x6c  Texts.o [8]
  .rodata                 const     0x804'7180          4       0x6c  Texts.o [8]
  .rodata                 const     0x804'71ec          4       0x6c  Texts.o [8]
  .rodata                 const     0x804'7258          4       0x68  FontCache.o [8]
  .rodata                 const     0x804'72c0          4       0x68  FontCache.o [8]
  .rodata                 const     0x804'7328          4       0x68  FrontendApplicationBase.o [8]
  .rodata                 const     0x804'7390          4       0x68  FrontendApplicationBase.o [8]
  .rodata                 const     0x804'73f8          4       0x68  GeneratedFont.o [8]
  .rodata                 const     0x804'7460          4       0x68  TouchGFXGeneratedHAL.o [14]
  .rodata                 const     0x804'74c8          4       0x68  PixelDataWidget.o [22]
  .rodata                 const     0x804'7530          4       0x68  Box.o [22]
  .rodata                 const     0x804'7598          4       0x68  Outline.o [22]
  .rodata                 const     0x804'7600          4       0x64  TouchGFXGeneratedHAL.o [14]
  .text                   ro code   0x804'7664          4       0x64  Box.o [22]
  .rodata                 const     0x804'76c8          4       0x60  ble_uart.o [1]
  .rodata                 const     0x804'7728          4       0x60  music_display_task.o [5]
  .rodata                 const     0x804'7788          4       0x60  TouchGFXGeneratedHAL.o [14]
  .rodata                 const     0x804'77e8          4       0x5c  HardwareMJPEGDecoder.o [14]
  .rodata                 const     0x804'7844          4       0x5c  LCD24bpp.o [22]
  .rodata                 const     0x804'78a0          4       0x5c  LCD24bpp.o [22]
  .rodata                 const     0x804'78fc          4       0x58  main.o [5]
  .rodata                 const     0x804'7954          4       0x58  TextProvider.o [22]
  .rodata                 const     0x804'79ac          4       0x58  TextProvider.o [22]
  .rodata                 const     0x804'7a04          4       0x58  TextProvider.o [22]
  .rodata                 const     0x804'7a5c          4       0x58  TextProvider.o [22]
  .rodata                 const     0x804'7ab4          4       0x58  TextProvider.o [22]
  .rodata                 const     0x804'7b0c          4       0x58  TextProvider.o [22]
  .rodata                 const     0x804'7b64          4       0x58  TextProvider.o [22]
  .rodata                 const     0x804'7bbc          4       0x58  TextProvider.o [22]
  .rodata                 const     0x804'7c14          4       0x54  FrontendApplication.o [8]
  .rodata                 const     0x804'7c68          4       0x54  FrontendApplicationBase.o [8]
  .rodata                 const     0x804'7cbc          4       0x54  FrontendApplicationBase.o [8]
  .rodata                 const     0x804'7d10          4       0x54  jpeg_decoder.o [5]
  .rodata                 const     0x804'7d64          4       0x54  music_display_task.o [5]
  .rodata                 const     0x804'7db8          4       0x54  Application.o [22]
  .rodata                 const     0x804'7e0c          4       0x54  Application.o [22]
  .rodata                 const     0x804'7e60          4       0x54  Application.o [22]
  .rodata                 const     0x804'7eb4          4       0x54  Application.o [22]
  .rodata                 const     0x804'7f08          4       0x54  TextAreaWithWildcard.o [22]
  .rodata                 const     0x804'7f5c          4       0x54  TextAreaWithWildcard.o [22]
  .rodata                 const     0x804'7fb0          4       0x50  ble_uart.o [1]
  .rodata                 const     0x804'8000          4       0x50  MusicScreenPresenter.o [8]
  .rodata                 const     0x804'8050          4       0x50  OSWrappers.o [14]
  .rodata                 const     0x804'80a0          4       0x50  STM32DMA.o [14]
  .rodata                 const     0x804'80f0          4       0x50  STM32DMA.o [14]
  .rodata                 const     0x804'8140          4       0x50  STM32DMA.o [14]
  .rodata                 const     0x804'8190          4       0x50  STM32DMA.o [14]
  .rodata                 const     0x804'81e0          4       0x50  STM32TouchController.o [15]
  .rodata                 const     0x804'8230          4       0x50  iar_Stoulx.o [16]
  .text                   ro code   0x804'8280          4       0x50  TouchGFXGeneratedHAL.o [14]
  .rodata                 const     0x804'82d0          4       0x4c  HardwareMJPEGDecoder.o [14]
  .rodata                 const     0x804'831c          4       0x4c  jpeg_decoder.o [5]
  .rodata                 const     0x804'8368          4       0x4c  rtos_trace.o [9]
  .rodata                 const     0x804'83b4          4       0x4c  TouchGFXGeneratedHAL.o [14]
  .rodata                 const     0x804'8400          4       0x4c  CWRVectorRenderer.o [22]
  .rodata                 const     0x804'844c          4       0x48  jpeg_decoder.o [5]
  .rodata                 const     0x804'8494          4       0x48  OSWrappers.o [14]
  .rodata                 const     0x804'84dc          4       0x48  Screen1Presenter.o [8]
  FontFlashSection        const     0x804'8524          4       0x48  Font_NotoSansHebrew_Regular_20_4bpp_0.o [8]
  .rodata                 const     0x804'856c          4       0x44  ble_uart.o [1]
  .rodata                 const     0x804'85b0          4       0x44  FontCache.o [8]
  .rodata                 const     0x804'85f4          4       0x44  FontCache.o [8]
  .rodata                 const     0x804'8638          4       0x44  HardwareMJPEGDecoder.o [14]
  .rodata                 const     0x804'867c          4       0x44  music_display_task.o [5]
  .rodata                 const     0x804'86c0          4       0x44  music_display_task.o [5]
  .rodata                 const     0x804'8704          4       0x44  MusicScreenView.o [8]
  .rodata                 const     0x804'8748          4       0x44  TouchGFXGeneratedHAL.o [14]
  .rodata                 const     0x804'878c          4       0x44  LCD24bpp.o [22]
  .rodata                 const     0x804'87d0          4       0x44  TextAreaWithWildcard.o [22]
  .rodata                 const     0x804'8814          4       0x44  TextAreaWithWildcard.o [22]
  .text                   ro code   0x804'8858          4       0x44  putchar.o [16]
  .rodata                 const     0x804'889c          4       0x40  FontCache.o [8]
  .rodata                 const     0x804'88dc          4       0x40  FontCache.o [8]
  .rodata                 const     0x804'891c          4       0x40  jpeg_decoder.o [5]
  .rodata                 const     0x804'895c          4       0x40  jpeg_decoder.o [5]
  .rodata                 const     0x804'899c          4       0x40  MusicScreenPresenter.o [8]
  .rodata                 const     0x804'89dc          4       0x40  OSWrappers.o [14]
  .rodata                 const     0x804'8a1c          4       0x40  stm32h7xx_hal_jpeg.o [12]
  .rodata                 const     0x804'8a5c          4       0x40  stm32h7xx_hal_jpeg.o [12]
  .rodata                 const     0x804'8a9c          4       0x40  stm32h7xx_hal_jpeg.o [12]
  .rodata                 const     0x804'8adc          4       0x40  Container.o [22]
  .rodata                 const     0x804'8b1c          4       0x40  TextAreaWithWildcard.o [22]
  .rodata                 const     0x804'8b5c          4       0x40  TextAreaWithWildcard.o [22]
  .text                   ro code   0x804'8b9c          2       0x40  TouchGFXGeneratedHAL.o [14]
  .rodata                 const     0x804'8bdc          4       0x3c  jpeg_decoder.o [5]
  .rodata                 const     0x804'8c18          4       0x3c  jpeg_decoder.o [5]
  .rodata                 const     0x804'8c54          4       0x3c  jpeg_decoder.o [5]
  .rodata                 const     0x804'8c90          4       0x3c  jpeg_decoder.o [5]
  .rodata                 const     0x804'8ccc          4       0x3c  Screen1View.o [8]
  .rodata                 const     0x804'8d08          4       0x3c  stm32h7xx_it.o [5]
  .rodata                 const     0x804'8d44          4       0x38  ble_uart.o [1]
  .rodata                 const     0x804'8d7c          4       0x38  ble_uart.o [1]
  .rodata                 const     0x804'8db4          4       0x38  jpeg_decoder.o [5]
  .rodata                 const     0x804'8dec          4       0x38  main.o [5]
  .rodata                 const     0x804'8e24          4       0x38  music_display_task.o [5]
  .rodata                 const     0x804'8e5c          4       0x38  Screen1Presenter.o [8]
  .rodata                 const     0x804'8e94          4       0x38  stm32h7xx_it.o [5]
  .rodata                 const     0x804'8ecc          4       0x38  TouchGFXGeneratedHAL.o [14]
  .rodata                 const     0x804'8f04          4       0x38  PainterRGB888.o [22]
  .text                   ro code   0x804'8f3c          2       0x38  zero_init3.o [20]
  .rodata                 const     0x804'8f74          4       0x34  jpeg_decoder.o [5]
  .rodata                 const     0x804'8fa8          4       0x34  jpeg_decoder.o [5]
  .rodata                 const     0x804'8fdc          4       0x34  jpeg_decoder.o [5]
  .rodata                 const     0x804'9010          4       0x34  main.o [5]
  .rodata                 const     0x804'9044          4       0x34  main.o [5]
  .rodata                 const     0x804'9078          4       0x34  Model.o [8]
  .rodata                 const     0x804'90ac          4       0x34  MusicScreenView.o [8]
  .rodata                 const     0x804'90e0          4       0x34  MusicScreenViewBase.o [8]
  .rodata                 const     0x804'9114          4       0x34  MusicScreenViewBase.o [8]
  .rodata                 const     0x804'9148          4       0x34  otm8009a.o [4]
  .rodata                 const     0x804'917c          4       0x34  rtos_trace.o [9]
  .rodata                 const     0x804'91b0          4       0x34  Screen1View.o [8]
  .rodata                 const     0x804'91e4          4       0x34  Screen1ViewBase.o [8]
  .rodata                 const     0x804'9218          4       0x34  Screen1ViewBase.o [8]
  .rodata                 const     0x804'924c          4       0x34  TouchGFXConfiguration.o [14]
  .rodata                 const     0x804'9280          4       0x34  TouchGFXConfiguration.o [14]
  .rodata                 const     0x804'92b4          4       0x34  TouchGFXConfiguration.o [14]
  .rodata                 const     0x804'92e8          4       0x34  Screen.o [22]
  .text                   ro code   0x804'931c          2       0x34  FrontendApplication.o [8]
  .text                   ro code   0x804'9350          2       0x32  TouchGFXGeneratedHAL.o [14]
  .text                   ro code   0x804'9382          2        0x6  TouchGFXGeneratedHAL.o [14]
  .text                   ro code   0x804'9388          2        0x6  TouchGFXGeneratedHAL.o [14]
  .text                   ro code   0x804'938e          2        0x2  TouchGFXGeneratedHAL.o [14]
  .rodata                 const     0x804'9390          4       0x30  jpeg_decoder.o [5]
  .rodata                 const     0x804'93c0          4       0x30  jpeg_decoder.o [5]
  .rodata                 const     0x804'93f0          4       0x30  main.o [5]
  .rodata                 const     0x804'9420          4       0x30  main.o [5]
  .rodata                 const     0x804'9450          4       0x30  main.o [5]
  .rodata                 const     0x804'9480          4       0x30  Model.o [8]
  .rodata                 const     0x804'94b0          4       0x30  Model.o [8]
  .rodata                 const     0x804'94e0          4       0x30  Model.o [8]
  .rodata                 const     0x804'9510          4       0x30  music_display_task.o [5]
  .rodata                 const     0x804'9540          4       0x30  music_display_task.o [5]
  .rodata                 const     0x804'9570          4       0x30  music_display_task.o [5]
  .rodata                 const     0x804'95a0          4       0x30  MusicScreenPresenter.o [8]
  .rodata                 const     0x804'95d0          4       0x30  rtos_trace.o [9]
  .rodata                 const     0x804'9600          4       0x30  rtos_trace.o [9]
  .rodata                 const     0x804'9630          4       0x30  Application.o [22]
  .rodata                 const     0x804'9660          4       0x2c  jpeg_decoder.o [5]
  .rodata                 const     0x804'968c          4       0x2c  main.o [5]
  .rodata                 const     0x804'96b8          4       0x2c  main.o [5]
  .rodata                 const     0x804'96e4          4       0x2c  main.o [5]
  .rodata                 const     0x804'9710          4       0x2c  main.o [5]
  .rodata                 const     0x804'973c          4       0x2c  main.o [5]
  .rodata                 const     0x804'9768          4       0x2c  Model.o [8]
  .rodata                 const     0x804'9794          4       0x2c  Model.o [8]
  .rodata                 const     0x804'97c0          4       0x2c  Model.o [8]
  .rodata                 const     0x804'97ec          4       0x2c  Model.o [8]
  .rodata                 const     0x804'9818          4       0x2c  MusicScreenPresenter.o [8]
  .rodata                 const     0x804'9844          4       0x2c  MusicScreenPresenter.o [8]
  .rodata                 const     0x804'9870          4       0x2c  MusicScreenPresenter.o [8]
  .rodata                 const     0x804'989c          4       0x2c  MusicScreenView.o [8]
  .rodata                 const     0x804'98c8          4       0x2c  rtos_trace.o [9]
  .rodata                 const     0x804'98f4          4       0x2c  Screen1View.o [8]
  .rodata                 const     0x804'9920          4       0x2c  stm32h7xx_it.o [5]
  .rodata                 const     0x804'994c          4       0x2c  stm32h7xx_it.o [5]
  .rodata                 const     0x804'9978          4       0x2c  Outline.o [22]
  .text                   ro code   0x804'99a4          2       0x2c  MusicScreenViewBase.o [8]
  .text                   ro code   0x804'99d0          2       0x2c  MusicScreenViewBase.o [8]
  .text                   ro code   0x804'99fc          2        0x4  MusicScreenViewBase.o [8]
  .text                   ro code   0x804'9a00          4       0x2c  LCD24bpp.o [22]
  .text                   ro code   0x804'9a2c          4       0x2c  CWRVectorRenderer.o [22]
  .rodata                 const     0x804'9a58          4       0x28  ble_uart.o [1]
  .rodata                 const     0x804'9a80          4       0x28  jpeg_decoder.o [5]
  .rodata                 const     0x804'9aa8          4       0x28  jpeg_decoder.o [5]
  .rodata                 const     0x804'9ad0          4       0x28  main.o [5]
  .rodata                 const     0x804'9af8          4       0x28  main.o [5]
  .rodata                 const     0x804'9b20          4       0x28  music_display_task.o [5]
  .rodata                 const     0x804'9b48          4       0x28  MusicScreenPresenter.o [8]
  .rodata                 const     0x804'9b70          4       0x28  rtos_trace.o [9]
  .rodata                 const     0x804'9b98          4       0x28  Screen1Presenter.o [8]
  .rodata                 const     0x804'9bc0          4       0x28  STM32H7Instrumentation.o [15]
  .rodata                 const     0x804'9be8          4       0x28  Application.o [22]
  .text                   ro code   0x804'9c10          4       0x28  data_init.o [20]
  .rodata                 const     0x804'9c38          4       0x24  FrontendApplicationBase.o [8]
  .rodata                 const     0x804'9c5c          4       0x24  FrontendApplicationBase.o [8]
  .rodata                 const     0x804'9c80          4       0x24  main.o [5]
  .rodata                 const     0x804'9ca4          4       0x24  main.o [5]
  .rodata                 const     0x804'9cc8          4       0x24  main.o [5]
  .rodata                 const     0x804'9cec          4       0x24  music_display_task.o [5]
  .rodata                 const     0x804'9d10          4       0x24  MusicScreenView.o [8]
  .rodata                 const     0x804'9d34          4       0x24  MusicScreenView.o [8]
  .rodata                 const     0x804'9d58          4       0x24  rtos_trace.o [9]
  .rodata                 const     0x804'9d7c          4       0x24  Screen1View.o [8]
  .rodata                 const     0x804'9da0          4       0x24  DMA.o [22]
  .text                   ro code   0x804'9dc4          4       0x22  fpinit_M.o [19]
  .iar.init_table         const     0x804'9de8          4       0x24  - Linker created -
[...]
touchgfx::TypedText::getTextDirection() const::string (instance 2)
                         0x804'85f4       0x44  Data  Wk  FontCache.o [8]
touchgfx::TypedText::getTextDirection() const::string (instance 3)
                         0x804'72c0       0x68  Data  Wk  FontCache.o [8]
touchgfx::TypedText::getTextDirection() const::string (instance 5)
                         0x804'88dc       0x40  Data  Wk  FontCache.o [8]
touchgfx::TypedText::numberOfTypedTexts
                        0x2403'c200        0x2  Data  Gb  TypedText.o [22]
touchgfx::TypedText::registerTexts(touchgfx::Texts const *)
                         0x803'7069        0xc  Code  Wk  TouchGFXConfiguration.o [14]
touchgfx::TypedText::registerTypedTextDatabase(touchgfx::TypedText::TypedTextData const *, touchgfx::Font const *const *, unsigned short)
                         0x802'43ad       0x1c  Code  Wk  Texts.o [8]
touchgfx::TypedText::texts
                        0x2403'c1e4        0x4  Data  Gb  TypedText.o [22]
touchgfx::TypedText::typedTexts
                        0x2403'c1e0        0x4  Data  Gb  TypedText.o [22]
touchgfx::UIEventListener::handleClickEvent(touchgfx::ClickEvent const &)
                         0x804'a0ff        0x2  Code  Wk  Application.o [22]
touchgfx::UIEventListener::handleDragEvent(touchgfx::DragEvent const &)
                         0x804'a76b        0x2  Code  Wk  Application.o [22]
touchgfx::UIEventListener::handleGestureEvent(touchgfx::GestureEvent const &)
                         0x804'a9b7        0x2  Code  Wk  Application.o [22]
touchgfx::UIEventListener::handleKeyEvent(unsigned char)
                         0x804'ac37        0x2  Code  Wk  Application.o [22]
touchgfx::UIEventListener::handleTickEvent()
                         0x804'aee5        0x2  Code  Wk  Application.o [22]
touchgfx::Vector<touchgfx::Drawable *, (unsigned short)32>::quickRemoveAt(unsigned short)::string
                         0x804'a91c       0x10  Data  Wk  Application.o [22]
touchgfx::Vector<touchgfx::Drawable *, (unsigned short)32>::quickRemoveAt(unsigned short)::string (instance 2)
                         0x804'7eb4       0x54  Data  Wk  Application.o [22]
touchgfx::Vector<touchgfx::Rect, (unsigned short)8>::Vector()
                         0x803'b769       0x1c  Code  Wk  Application.o [22]
touchgfx::Vector<touchgfx::Rect, (unsigned short)8>::add(touchgfx::Rect)
                         0x803'bfa1       0x4c  Code  Wk  Application.o [22]
touchgfx::Vector<touchgfx::Rect, (unsigned short)8>::add(touchgfx::Rect)::string (instance 2)
                         0x804'9630       0x30  Data  Wk  Application.o [22]
touchgfx::Vector<touchgfx::Rect, (unsigned short)8>::add(touchgfx::Rect)::string (instance 3)
                         0x804'7e60       0x54  Data  Wk  Application.o [22]
touchgfx::Vector<touchgfx::Rect, (unsigned short)8>::quickRemoveAt(unsigned short)
                         0x803'bebd       0x4c  Code  Wk  Application.o [22]
touchgfx::Vector<touchgfx::Rect, (unsigned short)8>::quickRemoveAt(unsigned short)::string
                         0x804'a90c       0x10  Data  Wk  Application.o [22]
touchgfx::Vector<touchgfx::Rect, (unsigned short)8>::quickRemoveAt(unsigned short)::string (instance 2)
                         0x804'7e0c       0x54  Data  Wk  Application.o [22]
touchgfx::VectorFontRendererImpl::VectorFontRendererImpl()
                         0x803'67f5        0x2  Code  Gb  VectorFontRendererImpl.o [22]
touchgfx::VectorFontRendererImpl::drawContour(unsigned short, unsigned short const *, short const *)
                         0x803'6a3d      0x4d0  Code  Gb  VectorFontRendererImpl.o [22]
touchgfx::VectorFontRendererImpl::drawGlyph(touchgfx::Rect const &, touchgfx::Rect const &, unsigned short const *, touchgfx::Font const *, touchgfx::colortype, unsigned char, touchgfx::TextRotation, int, int)
                         0x803'6811      0x220  Code  Gb  VectorFontRendererImpl.o [22]
touchgfx::VectorFontRendererImpl::getVectorFontBuffers(float *&, int &, unsigned char *&, int &)
                         0x803'9701       0x16  Code  Gb  VectorFontRendererImpl.o [8]
touchgfx::VectorRenderer::VectorRenderer()
                         0x803'da33        0x2  Code  Wk  TouchGFXGeneratedHAL.o [14]
touchgfx::VectorRenderer::VectorRenderer() [subobject]
                         0x803'ce9b        0xc  Code  Wk  TouchGFXGeneratedHAL.o [14]
touchgfx::VectorRenderer::getInstance()
                         0x803'7da5       0x18  Code  Gb  TouchGFXGeneratedHAL.o [14]
touchgfx::VectorRenderer::getInstance()::renderer
                        0x2403'af44       0xbc  Data  Lc  TouchGFXGeneratedHAL.o [14]
touchgfx::VectorRenderer::getInstance()::static guard for renderer
                        0x2403'c20c        0x1  Data  Lc  TouchGFXGeneratedHAL.o [14]
touchgfx::VideoController::VideoController()
                         0x803'c37d        0x2  Code  Wk  TouchGFXGeneratedHAL.o [14]
touchgfx::VideoController::VideoController() [subobject]
                         0x803'b70d        0xc  Code  Wk  TouchGFXGeneratedHAL.o [14]
touchgfx::View<MusicScreenPresenter>::View()
                         0x803'eb51       0x1c  Code  Wk  MusicScreenViewBase.o [8]
touchgfx::View<MusicScreenPresenter>::View() [subobject]
                         0x803'eacd        0xc  Code  Wk  MusicScreenViewBase.o [8]
touchgfx::View<MusicScreenPresenter>::bind(MusicScreenPresenter &)
                         0x803'da0d        0x4  Code  Wk  FrontendApplicationBase.o [8]
touchgfx::View<MusicScreenPresenter>::~View()
                         0x804'30b7        0x2  Code  Wk  MusicScreenViewBase.o [8]
touchgfx::View<Screen1Presenter>::View()
                         0x803'eb11       0x1c  Code  Wk  Screen1ViewBase.o [8]
touchgfx::View<Screen1Presenter>::View() [subobject]
                         0x803'e9d5        0xc  Code  Wk  Screen1ViewBase.o [8]
touchgfx::View<Screen1Presenter>::bind(Screen1Presenter &)
                         0x803'd471        0x4  Code  Wk  FrontendApplicationBase.o [8]
touchgfx::View<Screen1Presenter>::~View()
                         0x804'4aa7        0x2  Code  Wk  Screen1ViewBase.o [8]
touchgfx::Widget::Widget()
                         0x803'eb6d        0xe  Code  Wk  MusicScreenViewBase.o [8]
touchgfx::Widget::Widget() [subobject]
                         0x803'eb2d        0xc  Code  Wk  MusicScreenViewBase.o [8]
touchgfx::Widget::getLastChild(short, short, touchgfx::Drawable **)
                         0x804'a09d       0x1e  Code  Wk  MusicScreenViewBase.o [8]
touchgfx::colortype::colortype()
                         0x803'db9d        0x6  Code  Wk  STM32DMA.o [14]
touchgfx::colortype::colortype(unsigned int)
                         0x803'b725        0x4  Code  Wk  MusicScreenView.o [8]
touchgfx::colortype::operator unsigned int() const
                         0x803'93e9        0x4  Code  Wk  STM32DMA.o [14]
touchgfx::paint::rgb888::lineFromColor(unsigned char *, unsigned int, unsigned int, unsigned char)
                         0x803'59c5       0x68  Code  Gb  STM32DMA.o [14]
touchgfx::paint::tearDown()
                         0x803'59b5       0x10  Code  Gb  STM32DMA.o [14]
touchgfx_components_init
                         0x803'223d        0x2  Code  Gb  TouchGFXConfiguration.o [14]
touchgfx_fonts          0x2403'c058       0x10  Data  Gb  TypedTextDatabase.o [8]
touchgfx_init            0x803'21ef       0x4e  Code  Gb  TouchGFXConfiguration.o [14]
touchgfx_taskEntry       0x803'223f        0xa  Code  Gb  TouchGFXConfiguration.o [14]
typedTextDatabaseArray   0x804'ac54        0x4  Data  Gb  TypedTextDatabase.o [8]
typedText_database_DEFAULT
                         0x804'ab68        0xc  Data  Gb  TypedTextDatabase.o [8]
uartReceiveTask_attributes
                         0x804'9cc8       0x24  Data  Lc  main.o [5]
ucHeap                  0x2400'02f4   0x1'86a0  Data  Lc  heap_4.o [7]
ucMaxSysCallPriority    0x2403'c204        0x1  Data  Lc  port.o [7]
ulMaxPRIGROUPValue      0x2403'c140        0x4  Data  Lc  port.o [7]
unicodes_NotoSansHebrew_Regular_20_4bpp
                         0x804'aed4        0x4  Data  Gb  Table_NotoSansHebrew_Regular_20_4bpp.o [8]
unicodes_NotoSansHebrew_Regular_20_4bpp_0
                         0x804'8524       0x48  Data  Gb  Font_NotoSansHebrew_Regular_20_4bpp_0.o [8]
unicodes_NotoSansHebrew_Regular_80_4bpp
                         0x804'aed8        0x4  Data  Gb  Table_NotoSansHebrew_Regular_80_4bpp.o [8]
unicodes_NotoSansHebrew_Regular_80_4bpp_0
                         0x801'89d4     0x6b6c  Data  Gb  Font_NotoSansHebrew_Regular_80_4bpp_0.o [8]
unicodes_verdana_20_4bpp
                         0x804'aedc        0x4  Data  Gb  Table_verdana_20_4bpp.o [8]
unicodes_verdana_20_4bpp_0
                         0x804'5328      0x214  Data  Gb  Font_verdana_20_4bpp_0.o [8]
unicodes_verdana_80_4bpp
                         0x804'aee0        0x4  Data  Gb  Table_verdana_80_4bpp.o [8]
unicodes_verdana_80_4bpp_0
                         0x800'0298   0x1'873c  Data  Gb  Font_verdana_80_4bpp_0.o [8]
updateRegion            0x2403'c1d8        0x4  Data  Lc  TouchGFXHAL.o [15]
uwTick                  0x2403'c168        0x4  Data  Gb  stm32h7xx_hal.o [12]
uwTickFreq              0x2400'02f0        0x1  Data  Gb  stm32h7xx_hal.o [12]
uwTickPrio              0x2400'00b8        0x4  Data  Gb  stm32h7xx_hal.o [12]
uxCriticalNesting       0x2400'0054        0x4  Data  Lc  port.o [7]
uxCurrentNumberOfTasks  0x2403'c188        0x4  Data  Lc  tasks.o [7]
uxDeletedTasksWaitingCleanUp
                        0x2403'c184        0x4  Data  Lc  tasks.o [7]
uxListRemove             0x803'257b       0x28  Code  Gb  list.o [7]
uxSchedulerSuspended    0x2403'c1b0        0x4  Data  Lc  tasks.o [7]
uxTaskGetNumberOfTasks   0x802'ca1b        0x6  Code  Gb  tasks.o [7]
uxTaskGetSystemState     0x802'ca47       0xac  Code  Gb  tasks.o [7]
uxTaskNumber            0x2403'c1a4        0x4  Data  Lc  tasks.o [7]
uxTopReadyPriority      0x2403'c190        0x4  Data  Lc  tasks.o [7]
uxTopUsedPriority       0x2400'00c4        0x4  Data  Gb  tasks.o [7]
vApplicationGetIdleTaskMemory
                         0x803'2d29       0x18  Code  Wk  cmsis_os2.o [7]
vApplicationGetIdleTaskMemory::Idle_Stack
                        0x2403'9afc      0x200  Data  Lc  cmsis_os2.o [7]
vApplicationGetIdleTaskMemory::Idle_TCB
                        0x2403'b87c       0x60  Data  Lc  cmsis_os2.o [7]
vApplicationGetTimerTaskMemory
                         0x803'7cdd       0x18  Code  Wk  cmsis_os2.o [7]
vApplicationGetTimerTaskMemory::Timer_Stack
                        0x2403'66fc      0x400  Data  Lc  cmsis_os2.o [7]
vApplicationGetTimerTaskMemory::Timer_TCB
                        0x2403'b8dc       0x60  Data  Lc  cmsis_os2.o [7]
vApplicationIdleHook     0x803'3129       0x10  Code  Gb  freertos.o [5]
vApplicationStackOverflowHook
                         0x802'c193       0x28  Code  Gb  rtos_trace.o [9]
vListInitialise          0x803'2519       0x26  Code  Gb  list.o [7]
vListInitialiseItem      0x803'253f        0x6  Code  Gb  list.o [7]
vListInsert              0x803'2545       0x36  Code  Gb  list.o [7]
vPortEnableVFP           0x803'5145             Code  Gb  portasm.o [7]
vPortEnterCritical       0x803'1ff5       0x34  Code  Gb  port.o [7]
vPortExitCritical        0x803'2029       0x2c  Code  Gb  port.o [7]
vPortFree                0x803'26d9       0x76  Code  Gb  heap_4.o [7]
vPortSetupTimerInterrupt
                         0x803'507d       0x34  Code  Wk  port.o [7]
vPortStartFirstTask      0x803'5125             Code  Gb  portasm.o [7]
vPortValidateInterruptPriority
                         0x803'207d       0x4e  Code  Gb  port.o [7]
vQueueAddToRegistry      0x802'bca7       0x5a  Code  Gb  queue.o [7]
vQueueDelete             0x802'bae7       0x30  Code  Gb  queue.o [7]
vQueueUnregisterQueue    0x802'bd01       0x3c  Code  Gb  queue.o [7]
vQueueWaitForMessageRestricted
                         0x802'bd41       0x4c  Code  Gb  queue.o [7]
vTaskDelay               0x802'c70f       0x5c  Code  Gb  tasks.o [7]
vTaskGetInfo             0x802'd0c1       0xb2  Code  Gb  tasks.o [7]
vTaskInternalSetTimeOutState
                         0x802'cf47       0x12  Code  Gb  tasks.o [7]
vTaskMissedYield         0x802'cfe9        0x8  Code  Gb  tasks.o [7]
vTaskPlaceOnEventList    0x802'cda3       0x34  Code  Gb  tasks.o [7]
vTaskPlaceOnEventListRestricted
                         0x802'cde9       0x66  Code  Gb  tasks.o [7]
vTaskPriorityDisinheritAfterTimeout
                         0x802'd3f9       0xd6  Code  Gb  tasks.o [7]
vTaskSetApplicationTaskTag
                         0x802'cc93       0x20  Code  Gb  tasks.o [7]
vTaskStartScheduler      0x802'c815       0xb0  Code  Gb  tasks.o [7]
vTaskSuspendAll          0x802'c8c5        0xc  Code  Gb  tasks.o [7]
vTaskSwitchContext       0x802'cce9       0xba  Code  Gb  tasks.o [7]
validate_dma_buffers     0x802'aa25       0x58  Code  Gb  ble_uart.o [1]
vectorFontRenderer      0x2403'bfd8       0x1c  Data  Lc  TouchGFXConfiguration.o [14]
videoTaskFunc            0x803'7f0b        0xc  Code  Gb  TouchGFXGeneratedHAL.o [14]
videoTaskHandle         0x2403'c10c        0x4  Data  Gb  main.o [5]
videoTask_attributes     0x804'9ca4       0x24  Data  Gb  main.o [5]
void touchgfx::Canvas::lineTo<float>(float, float)
                         0x804'198f       0x20  Code  Wk  Canvas.o [22]
vsync_queue             0x2403'c13c        0x4  Data  Lc  OSWrappers.o [14]
xActiveTimerList1       0x2403'bfa0       0x1c  Data  Lc  timers.o [7]
xActiveTimerList2       0x2403'bfbc       0x1c  Data  Lc  timers.o [7]
xBleHistMutex           0x2403'c0ac        0x4  Data  Gb  ble_uart.o [1]
xBleQueue               0x2403'c110        0x4  Data  Gb  main.o [5]
xDelayedTaskList1       0x2403'bf14       0x1c  Data  Lc  tasks.o [7]
xDelayedTaskList2       0x2403'bf30       0x1c  Data  Lc  tasks.o [7]
xFreeBytesRemaining     0x2403'c0f8        0x4  Data  Lc  heap_4.o [7]
xHeapStructSize          0x804'ac38        0x4  Data  Lc  heap_4.o [7]
xIdleTaskHandle         0x2403'c1ac        0x4  Data  Lc  tasks.o [7]
xMinimumEverFreeBytesRemaining
                        0x2403'c0fc        0x4  Data  Lc  heap_4.o [7]
xMusicDoneQueue         0x2403'c12c        0x4  Data  Gb  music_display_task.o [5]
xMusicQueue             0x2403'c128        0x4  Data  Gb  music_display_task.o [5]
xNextTaskUnblockTime    0x2403'c1a8        0x4  Data  Lc  tasks.o [7]
xNumOfOverflows         0x2403'c1a0        0x4  Data  Lc  tasks.o [7]
xNumberOfSuccessfulAllocations
                        0x2403'c100        0x4  Data  Lc  heap_4.o [7]
xNumberOfSuccessfulFrees
                        0x2403'c104        0x4  Data  Lc  heap_4.o [7]
xPendedTicks            0x2403'c198        0x4  Data  Lc  tasks.o [7]
xPendingReadyList       0x2403'bf4c       0x1c  Data  Lc  tasks.o [7]
xPortGetFreeHeapSize     0x803'274f        0x6  Code  Gb  heap_4.o [7]
xPortStartScheduler      0x803'1ef3      0x102  Code  Gb  port.o [7]
xPortSysTickHandler      0x803'2055       0x28  Code  Gb  port.o [7]
xQueueCreateCountingSemaphore
                         0x802'b2ab       0x3c  Code  Gb  queue.o [7]
xQueueCreateCountingSemaphoreStatic
                         0x802'b267       0x44  Code  Gb  queue.o [7]
xQueueCreateMutex        0x802'b191       0x20  Code  Gb  queue.o [7]
xQueueCreateMutexStatic
                         0x802'b1b1       0x2e  Code  Gb  queue.o [7]
xQueueGenericCreate      0x802'b0c7       0x72  Code  Gb  queue.o [7]
xQueueGenericCreateStatic
                         0x802'b033       0x94  Code  Gb  queue.o [7]
xQueueGenericReset       0x802'af69       0xca  Code  Gb  queue.o [7]
xQueueGenericSend        0x802'b2e7      0x1c6  Code  Gb  queue.o [7]
xQueueGenericSendFromISR
                         0x802'b4ad      0x118  Code  Gb  queue.o [7]
xQueueGiveFromISR        0x802'b5c5       0xf8  Code  Gb  queue.o [7]
xQueueGiveMutexRecursive
                         0x802'b1df       0x44  Code  Gb  queue.o [7]
xQueueReceive            0x802'b6bd      0x18c  Code  Gb  queue.o [7]
xQueueReceiveFromISR     0x802'b9fd       0xea  Code  Gb  queue.o [7]
xQueueRegistry          0x2403'bc9c       0x40  Data  Gb  queue.o [7]
xQueueSemaphoreTake      0x802'b849      0x1ae  Code  Gb  queue.o [7]
xQueueTakeMutexRecursive
                         0x802'b223       0x44  Code  Gb  queue.o [7]
xRawBleQueue            0x2403'c0b0        0x4  Data  Gb  ble_uart.o [1]
xSchedulerRunning       0x2403'c194        0x4  Data  Lc  tasks.o [7]
xStart                  0x2403'c09c        0x8  Data  Lc  heap_4.o [7]
xSuspendedTaskList      0x2403'bf84       0x1c  Data  Lc  tasks.o [7]
xTaskCallApplicationTaskHook
                         0x802'ccb9       0x26  Code  Gb  tasks.o [7]
xTaskCheckForTimeOut     0x802'cf59       0x90  Code  Gb  tasks.o [7]
xTaskCreate              0x802'c4e1       0x84  Code  Gb  tasks.o [7]
xTaskCreateStatic        0x802'c431       0xb0  Code  Gb  tasks.o [7]
xTaskGetCurrentTaskHandle
                         0x802'd263        0x8  Code  Gb  tasks.o [7]
xTaskGetSchedulerState   0x802'd271       0x20  Code  Gb  tasks.o [7]
xTaskGetTickCount        0x802'ca13        0x8  Code  Gb  tasks.o [7]
xTaskIncrementTick       0x802'cb11      0x182  Code  Gb  tasks.o [7]
xTaskPriorityDisinherit
                         0x802'd34d       0xac  Code  Gb  tasks.o [7]
xTaskPriorityInherit     0x802'd291       0xb8  Code  Gb  tasks.o [7]
xTaskRemoveFromEventList
                         0x802'ce4f       0xf8  Code  Gb  tasks.o [7]
xTaskResumeAll           0x802'c8d1      0x142  Code  Gb  tasks.o [7]
xTasksWaitingTermination
                        0x2403'bf68       0x1c  Data  Lc  tasks.o [7]
xTickCount              0x2403'c18c        0x4  Data  Lc  tasks.o [7]
xTimerCreateTimerTask    0x803'2d41       0x6c  Code  Gb  timers.o [7]
xTimerQueue             0x2403'c1c8        0x4  Data  Lc  timers.o [7]
xTimerTaskHandle        0x2403'c1cc        0x4  Data  Lc  timers.o [7]
xYieldPending           0x2403'c19c        0x4  Data  Lc  tasks.o [7]


[1] = C:\TouchGFXProjects\MyApplication\EWARM\STM32H747I-DISCO_CM7\Obj
[2] = C:\TouchGFXProjects\MyApplication\EWARM\STM32H747I-DISCO_CM7\Obj\App_12009132908282961941.dir
[3] = C:\TouchGFXProjects\MyApplication\EWARM\STM32H747I-DISCO_CM7\Obj\CMSIS_6603591812247902717.dir
[4] = C:\TouchGFXProjects\MyApplication\EWARM\STM32H747I-DISCO_CM7\Obj\Components_1361118596739929299.dir
[5] = C:\TouchGFXProjects\MyApplication\EWARM\STM32H747I-DISCO_CM7\Obj\Core_17629195936475437497.dir
[6] = C:\TouchGFXProjects\MyApplication\EWARM\STM32H747I-DISCO_CM7\Obj\EWARM_18443280873093131863.dir
[7] = C:\TouchGFXProjects\MyApplication\EWARM\STM32H747I-DISCO_CM7\Obj\FreeRTOS_4809373609813369194.dir
[8] = C:\TouchGFXProjects\MyApplication\EWARM\STM32H747I-DISCO_CM7\Obj\GUI_11114253590660207011.dir
[9] = C:\TouchGFXProjects\MyApplication\EWARM\STM32H747I-DISCO_CM7\Obj\Inc_3232243142591220931.dir
[10] = C:\TouchGFXProjects\MyApplication\EWARM\STM32H747I-DISCO_CM7\Obj\LIBJPEG_2473779607728972362.dir
[11] = C:\TouchGFXProjects\MyApplication\EWARM\STM32H747I-DISCO_CM7\Obj\STM32H747I-Discovery_18006801983464326124.dir
[12] = C:\TouchGFXProjects\MyApplication\EWARM\STM32H747I-DISCO_CM7\Obj\STM32H7xx_HAL_Driver_12323373487323971647.dir
[13] = C:\TouchGFXProjects\MyApplication\EWARM\STM32H747I-DISCO_CM7\Obj\Utilities_17002154029713865955.dir
[14] = C:\TouchGFXProjects\MyApplication\EWARM\STM32H747I-DISCO_CM7\Obj\generated_3720473955569235793.dir
[15] = C:\TouchGFXProjects\MyApplication\EWARM\STM32H747I-DISCO_CM7\Obj\target_17943580272600211689.dir
[16] = dl7M_tlf.a
[17] = dlpp7M_tlv_fc.a
[18] = dlpprt7M_tl_fc.a
[19] = m7M_tlv.a
[20] = rt7M_tl.a
[21] = shb_l.a
[22] = touchgfx_core.a

    152'442 bytes of readonly  code memory
    154'822 bytes of readonly  data memory
  8'519'589 bytes of readwrite data memory

Errors: none
Warnings: none
